Component: ARM Compiler 5.06 update 7 (build 960) Tool: armlink [4d3601]

==============================================================================

Section Cross References

    main.o(i.SystemClock_Config) refers to memseta.o(.text) for __aeabi_memclr4
    main.o(i.SystemClock_Config) refers to stm32h7xx_hal_pwr_ex.o(i.HAL_PWREx_ConfigSupply) for HAL_PWREx_ConfigSupply
    main.o(i.SystemClock_Config) refers to stm32h7xx_hal_rcc.o(i.HAL_RCC_OscConfig) for HAL_RCC_OscConfig
    main.o(i.SystemClock_Config) refers to stm32h7xx_hal_rcc.o(i.HAL_RCC_ClockConfig) for HAL_RCC_ClockConfig
    main.o(i.SystemClock_Config) refers to stm32h7xx_hal_rcc_ex.o(i.HAL_RCCEx_PeriphCLKConfig) for HAL_RCCEx_PeriphCLKConfig
    main.o(i.SystemClock_Config) refers to stm32h7xx_hal_pwr_ex.o(i.HAL_PWREx_EnableUSBVoltageDetector) for HAL_PWREx_EnableUSBVoltageDetector
    main.o(i.main) refers to stm32h7xx_hal.o(i.HAL_Init) for HAL_Init
    main.o(i.main) refers to main.o(i.SystemClock_Config) for SystemClock_Config
    main.o(i.main) refers to gpio.o(i.MX_GPIO_Init) for MX_GPIO_Init
    main.o(i.main) refers to sdmmc.o(i.MX_SDMMC1_SD_Init) for MX_SDMMC1_SD_Init
    main.o(i.main) refers to fatfs.o(i.MX_FATFS_Init) for MX_FATFS_Init
    main.o(i.main) refers to usart.o(i.MX_USART1_UART_Init) for MX_USART1_UART_Init
    main.o(i.main) refers to qspi_w25q64.o(i.QSPI_W25Qxx_Init) for QSPI_W25Qxx_Init
    main.o(i.main) refers to stm32h7xx_hal.o(i.HAL_Delay) for HAL_Delay
    main.o(i.main) refers to stm32h7xx_hal_gpio.o(i.HAL_GPIO_ReadPin) for HAL_GPIO_ReadPin
    main.o(i.main) refers to ff.o(i.f_mount) for f_mount
    main.o(i.main) refers to bootloader.o(i.read_bin) for read_bin
    main.o(i.main) refers to main.o(i.SCB_DisableICache) for SCB_DisableICache
    main.o(i.main) refers to main.o(i.SCB_DisableDCache) for SCB_DisableDCache
    main.o(i.main) refers to usb_device.o(i.MX_USB_DEVICE_Init) for MX_USB_DEVICE_Init
    main.o(i.main) refers to printfa.o(i.__0printf) for __2printf
    main.o(i.main) refers to stm32h7xx_hal_gpio.o(i.HAL_GPIO_TogglePin) for HAL_GPIO_TogglePin
    main.o(i.main) refers to usbd_conf.o(i.HAL_PCD_MspDeInit) for HAL_PCD_MspDeInit
    main.o(i.main) refers to main.o(.data) for .data
    main.o(i.main) refers to fatfs.o(.data) for SDPath
    main.o(i.main) refers to fatfs.o(.bss) for SDFatFS
    main.o(i.main) refers to usbd_conf.o(.bss) for hpcd_USB_OTG_FS
    gpio.o(i.MX_GPIO_Init) refers to memseta.o(.text) for __aeabi_memclr4
    gpio.o(i.MX_GPIO_Init) refers to stm32h7xx_hal_gpio.o(i.HAL_GPIO_WritePin) for HAL_GPIO_WritePin
    gpio.o(i.MX_GPIO_Init) refers to stm32h7xx_hal_gpio.o(i.HAL_GPIO_Init) for HAL_GPIO_Init
    sdmmc.o(i.HAL_SD_MspDeInit) refers to stm32h7xx_hal_gpio.o(i.HAL_GPIO_DeInit) for HAL_GPIO_DeInit
    sdmmc.o(i.HAL_SD_MspInit) refers to memseta.o(.text) for __aeabi_memclr4
    sdmmc.o(i.HAL_SD_MspInit) refers to stm32h7xx_hal_gpio.o(i.HAL_GPIO_Init) for HAL_GPIO_Init
    sdmmc.o(i.MX_SDMMC1_SD_Init) refers to sdmmc.o(.bss) for .bss
    usart.o(i.HAL_UART_MspDeInit) refers to stm32h7xx_hal_gpio.o(i.HAL_GPIO_DeInit) for HAL_GPIO_DeInit
    usart.o(i.HAL_UART_MspInit) refers to memseta.o(.text) for __aeabi_memclr4
    usart.o(i.HAL_UART_MspInit) refers to stm32h7xx_hal_gpio.o(i.HAL_GPIO_Init) for HAL_GPIO_Init
    usart.o(i.MX_USART1_UART_Init) refers to stm32h7xx_hal_uart.o(i.HAL_UART_Init) for HAL_UART_Init
    usart.o(i.MX_USART1_UART_Init) refers to main.o(i.Error_Handler) for Error_Handler
    usart.o(i.MX_USART1_UART_Init) refers to stm32h7xx_hal_uart_ex.o(i.HAL_UARTEx_SetTxFifoThreshold) for HAL_UARTEx_SetTxFifoThreshold
    usart.o(i.MX_USART1_UART_Init) refers to stm32h7xx_hal_uart_ex.o(i.HAL_UARTEx_SetRxFifoThreshold) for HAL_UARTEx_SetRxFifoThreshold
    usart.o(i.MX_USART1_UART_Init) refers to stm32h7xx_hal_uart_ex.o(i.HAL_UARTEx_DisableFifoMode) for HAL_UARTEx_DisableFifoMode
    usart.o(i.MX_USART1_UART_Init) refers to usart.o(.bss) for .bss
    usart.o(i.fputc) refers to stm32h7xx_hal_uart.o(i.HAL_UART_Transmit) for HAL_UART_Transmit
    usart.o(i.fputc) refers to usart.o(.bss) for .bss
    stm32h7xx_it.o(i.OTG_FS_IRQHandler) refers to stm32h7xx_hal_pcd.o(i.HAL_PCD_IRQHandler) for HAL_PCD_IRQHandler
    stm32h7xx_it.o(i.OTG_FS_IRQHandler) refers to usbd_conf.o(.bss) for hpcd_USB_OTG_FS
    stm32h7xx_it.o(i.SysTick_Handler) refers to stm32h7xx_hal.o(i.HAL_IncTick) for HAL_IncTick
    bsp_driver_sd.o(i.BSP_SD_Erase) refers to stm32h7xx_hal_sd.o(i.HAL_SD_Erase) for HAL_SD_Erase
    bsp_driver_sd.o(i.BSP_SD_Erase) refers to sdmmc.o(.bss) for hsd1
    bsp_driver_sd.o(i.BSP_SD_GetCardInfo) refers to stm32h7xx_hal_sd.o(i.HAL_SD_GetCardInfo) for HAL_SD_GetCardInfo
    bsp_driver_sd.o(i.BSP_SD_GetCardInfo) refers to sdmmc.o(.bss) for hsd1
    bsp_driver_sd.o(i.BSP_SD_GetCardState) refers to stm32h7xx_hal_sd.o(i.HAL_SD_GetCardState) for HAL_SD_GetCardState
[...]
    WWDG_IRQHandler                          0x080002cb   Thumb Code     0  startup_stm32h750xx.o(.text)
    __aeabi_uldivmod                         0x080002d5   Thumb Code    98  uldiv.o(.text)
    __aeabi_memcpy                           0x08000337   Thumb Code    36  memcpya.o(.text)
    __aeabi_memcpy4                          0x08000337   Thumb Code     0  memcpya.o(.text)
    __aeabi_memcpy8                          0x08000337   Thumb Code     0  memcpya.o(.text)
    __aeabi_memset                           0x0800035b   Thumb Code    14  memseta.o(.text)
    __aeabi_memset4                          0x0800035b   Thumb Code     0  memseta.o(.text)
    __aeabi_memset8                          0x0800035b   Thumb Code     0  memseta.o(.text)
    __aeabi_memclr                           0x08000369   Thumb Code     4  memseta.o(.text)
    __aeabi_memclr4                          0x08000369   Thumb Code     0  memseta.o(.text)
    __aeabi_memclr8                          0x08000369   Thumb Code     0  memseta.o(.text)
    _memset$wrapper                          0x0800036d   Thumb Code    18  memseta.o(.text)
    __aeabi_uidiv                            0x0800037f   Thumb Code     0  uidiv.o(.text)
    __aeabi_uidivmod                         0x0800037f   Thumb Code    44  uidiv.o(.text)
    __aeabi_llsl                             0x080003ab   Thumb Code    30  llshl.o(.text)
    _ll_shift_l                              0x080003ab   Thumb Code     0  llshl.o(.text)
    __aeabi_llsr                             0x080003c9   Thumb Code    32  llushr.o(.text)
    _ll_ushift_r                             0x080003c9   Thumb Code     0  llushr.o(.text)
    __I$use$fp                               0x080003e9   Thumb Code     0  iusefp.o(.text)
    __aeabi_dadd                             0x080003e9   Thumb Code   322  dadd.o(.text)
    __aeabi_dsub                             0x0800052b   Thumb Code     6  dadd.o(.text)
    __aeabi_drsub                            0x08000531   Thumb Code     6  dadd.o(.text)
    __aeabi_dmul                             0x08000537   Thumb Code   228  dmul.o(.text)
    __aeabi_ddiv                             0x0800061b   Thumb Code   222  ddiv.o(.text)
    __aeabi_d2ulz                            0x080006f9   Thumb Code    48  dfixul.o(.text)
    __aeabi_cdrcmple                         0x08000729   Thumb Code    48  cdrcmple.o(.text)
    __scatterload                            0x08000759   Thumb Code    28  init.o(.text)
    __scatterload_rt2                        0x08000759   Thumb Code     0  init.o(.text)
    __aeabi_lasr                             0x0800077d   Thumb Code    36  llsshr.o(.text)
    _ll_sshift_r                             0x0800077d   Thumb Code     0  llsshr.o(.text)
    _double_round                            0x080007a1   Thumb Code    30  depilogue.o(.text)
    _double_epilogue                         0x080007bf   Thumb Code   156  depilogue.o(.text)
    __decompress                             0x0800085b   Thumb Code     0  __dczerorl2.o(.text)
    __decompress1                            0x0800085b   Thumb Code    86  __dczerorl2.o(.text)
    BSP_PlatformIsDetected                   0x080008b1   Thumb Code    16  fatfs_platform.o(i.BSP_PlatformIsDetected)
    BSP_SD_GetCardInfo                       0x080008c5   Thumb Code     8  bsp_driver_sd.o(i.BSP_SD_GetCardInfo)
    BSP_SD_GetCardState                      0x080008d1   Thumb Code    20  bsp_driver_sd.o(i.BSP_SD_GetCardState)
    BSP_SD_Init                              0x080008e9   Thumb Code    42  bsp_driver_sd.o(i.BSP_SD_Init)
    BSP_SD_IsDetected                        0x08000919   Thumb Code    26  bsp_driver_sd.o(i.BSP_SD_IsDetected)
    BSP_SD_ReadBlocks                        0x08000935   Thumb Code    26  bsp_driver_sd.o(i.BSP_SD_ReadBlocks)
    BSP_SD_WriteBlocks                       0x08000955   Thumb Code    26  bsp_driver_sd.o(i.BSP_SD_WriteBlocks)
    BusFault_Handler                         0x08000975   Thumb Code     2  stm32h7xx_it.o(i.BusFault_Handler)
    DebugMon_Handler                         0x08000977   Thumb Code     2  stm32h7xx_it.o(i.DebugMon_Handler)
    Error_Handler                            0x08000979   Thumb Code     4  main.o(i.Error_Handler)
    FATFS_LinkDriver                         0x0800097d   Thumb Code     6  ff_gen_drv.o(i.FATFS_LinkDriver)
    FATFS_LinkDriverEx                       0x08000985   Thumb Code    58  ff_gen_drv.o(i.FATFS_LinkDriverEx)
    HAL_Delay                                0x080009c5   Thumb Code    32  stm32h7xx_hal.o(i.HAL_Delay)
    HAL_GPIO_DeInit                          0x080009e9   Thumb Code   324  stm32h7xx_hal_gpio.o(i.HAL_GPIO_DeInit)
    HAL_GPIO_Init                            0x08000b59   Thumb Code   510  stm32h7xx_hal_gpio.o(i.HAL_GPIO_Init)
    HAL_GPIO_ReadPin                         0x08000d89   Thumb Code    10  stm32h7xx_hal_gpio.o(i.HAL_GPIO_ReadPin)
    HAL_GPIO_TogglePin                       0x08000d93   Thumb Code    14  stm32h7xx_hal_gpio.o(i.HAL_GPIO_TogglePin)
    HAL_GPIO_WritePin                        0x08000da1   Thumb Code    10  stm32h7xx_hal_gpio.o(i.HAL_GPIO_WritePin)
    HAL_GetREVID                             0x08000dad   Thumb Code     8  stm32h7xx_hal.o(i.HAL_GetREVID)
    HAL_GetTick                              0x08000db9   Thumb Code     6  stm32h7xx_hal.o(i.HAL_GetTick)
    HAL_IncTick                              0x08000dc5   Thumb Code    12  stm32h7xx_hal.o(i.HAL_IncTick)
    HAL_Init                                 0x08000dd5   Thumb Code    74  stm32h7xx_hal.o(i.HAL_Init)
    HAL_InitTick                             0x08000e31   Thumb Code    56  stm32h7xx_hal.o(i.HAL_InitTick)
    HAL_MspInit                              0x08000e71   Thumb Code    22  stm32h7xx_hal_msp.o(i.HAL_MspInit)
    HAL_NVIC_DisableIRQ                      0x08000e8d   Thumb Code    34  stm32h7xx_hal_cortex.o(i.HAL_NVIC_DisableIRQ)
    HAL_NVIC_EnableIRQ                       0x08000eaf   Thumb Code    26  stm32h7xx_hal_cortex.o(i.HAL_NVIC_EnableIRQ)
    HAL_NVIC_SetPriority                     0x08000ec9   Thumb Code    60  stm32h7xx_hal_cortex.o(i.HAL_NVIC_SetPriority)
    HAL_NVIC_SetPriorityGrouping             0x08000f09   Thumb Code    28  stm32h7xx_hal_cortex.o(i.HAL_NVIC_SetPriorityGrouping)
    HAL_PCDEx_ActivateLPM                    0x08000f2d   Thumb Code    34  stm32h7xx_hal_pcd_ex.o(i.HAL_PCDEx_ActivateLPM)
    HAL_PCDEx_LPM_Callback                   0x08000f55   Thumb Code     2  stm32h7xx_hal_pcd_ex.o(i.HAL_PCDEx_LPM_Callback)
    HAL_PCDEx_SetRxFiFo                      0x08000f57   Thumb Code     8  stm32h7xx_hal_pcd_ex.o(i.HAL_PCDEx_SetRxFiFo)
    HAL_PCDEx_SetTxFiFo                      0x08000f5f   Thumb Code    70  stm32h7xx_hal_pcd_ex.o(i.HAL_PCDEx_SetTxFiFo)
    HAL_PCD_ConnectCallback                  0x08000fa5   Thumb Code     8  usbd_conf.o(i.HAL_PCD_ConnectCallback)
    HAL_PCD_DataInStageCallback              0x08000fad   Thumb Code    18  usbd_conf.o(i.HAL_PCD_DataInStageCallback)
    HAL_PCD_DataOutStageCallback             0x08000fbf   Thumb Code    20  usbd_conf.o(i.HAL_PCD_DataOutStageCallback)
    HAL_PCD_DisconnectCallback               0x08000fd3   Thumb Code     8  usbd_conf.o(i.HAL_PCD_DisconnectCallback)
    HAL_PCD_EP_Close                         0x08000fdb   Thumb Code    76  stm32h7xx_hal_pcd.o(i.HAL_PCD_EP_Close)
    HAL_PCD_EP_ClrStall                      0x08001027   Thumb Code    92  stm32h7xx_hal_pcd.o(i.HAL_PCD_EP_ClrStall)
    HAL_PCD_EP_Flush                         0x08001083   Thumb Code    50  stm32h7xx_hal_pcd.o(i.HAL_PCD_EP_Flush)
    HAL_PCD_EP_GetRxCount                    0x080010b5   Thumb Code    18  stm32h7xx_hal_pcd.o(i.HAL_PCD_EP_GetRxCount)
    HAL_PCD_EP_Open                          0x080010c7   Thumb Code    96  stm32h7xx_hal_pcd.o(i.HAL_PCD_EP_Open)
    HAL_PCD_EP_Receive                       0x08001127   Thumb Code    68  stm32h7xx_hal_pcd.o(i.HAL_PCD_EP_Receive)
    HAL_PCD_EP_SetStall                      0x0800116b   Thumb Code   116  stm32h7xx_hal_pcd.o(i.HAL_PCD_EP_SetStall)
    HAL_PCD_EP_Transmit                      0x080011df   Thumb Code    68  stm32h7xx_hal_pcd.o(i.HAL_PCD_EP_Transmit)
    HAL_PCD_IRQHandler                       0x08001225   Thumb Code  1134  stm32h7xx_hal_pcd.o(i.HAL_PCD_IRQHandler)
    HAL_PCD_ISOINIncompleteCallback          0x08001699   Thumb Code     8  usbd_conf.o(i.HAL_PCD_ISOINIncompleteCallback)
    HAL_PCD_ISOOUTIncompleteCallback         0x080016a1   Thumb Code     8  usbd_conf.o(i.HAL_PCD_ISOOUTIncompleteCallback)
    HAL_PCD_Init                             0x080016a9   Thumb Code   242  stm32h7xx_hal_pcd.o(i.HAL_PCD_Init)
    HAL_PCD_MspDeInit                        0x0800179d   Thumb Code    42  usbd_conf.o(i.HAL_PCD_MspDeInit)
    HAL_PCD_MspInit                          0x080017d5   Thumb Code   108  usbd_conf.o(i.HAL_PCD_MspInit)
    HAL_PCD_ResetCallback                    0x0800184d   Thumb Code    44  usbd_conf.o(i.HAL_PCD_ResetCallback)
    HAL_PCD_ResumeCallback                   0x08001879   Thumb Code     8  usbd_conf.o(i.HAL_PCD_ResumeCallback)
    HAL_PCD_SOFCallback                      0x08001881   Thumb Code     8  usbd_conf.o(i.HAL_PCD_SOFCallback)
    HAL_PCD_SetAddress                       0x08001889   Thumb Code    40  stm32h7xx_hal_pcd.o(i.HAL_PCD_SetAddress)
    HAL_PCD_SetupStageCallback               0x080018b1   Thumb Code    14  usbd_conf.o(i.HAL_PCD_SetupStageCallback)
    HAL_PCD_Start                            0x080018bf   Thumb Code    66  stm32h7xx_hal_pcd.o(i.HAL_PCD_Start)
    HAL_PCD_SuspendCallback                  0x08001901   Thumb Code    44  usbd_conf.o(i.HAL_PCD_SuspendCallback)
    HAL_PWREx_ConfigSupply                   0x08001931   Thumb Code    78  stm32h7xx_hal_pwr_ex.o(i.HAL_PWREx_ConfigSupply)
    HAL_PWREx_EnableUSBVoltageDetector       0x08001985   Thumb Code    12  stm32h7xx_hal_pwr_ex.o(i.HAL_PWREx_EnableUSBVoltageDetector)
    HAL_QSPI_AutoPolling                     0x08001995   Thumb Code   172  stm32h7xx_hal_qspi.o(i.HAL_QSPI_AutoPolling)
    HAL_QSPI_Command                         0x08001a41   Thumb Code   134  stm32h7xx_hal_qspi.o(i.HAL_QSPI_Command)
    HAL_QSPI_Init                            0x08001ac9   Thumb Code   162  stm32h7xx_hal_qspi.o(i.HAL_QSPI_Init)
    HAL_QSPI_MspInit                         0x08001b75   Thumb Code   244  qspi_w25q64.o(i.HAL_QSPI_MspInit)
    HAL_QSPI_Receive                         0x08001c7d   Thumb Code   190  stm32h7xx_hal_qspi.o(i.HAL_QSPI_Receive)
    HAL_QSPI_Transmit                        0x08001d3d   Thumb Code   182  stm32h7xx_hal_qspi.o(i.HAL_QSPI_Transmit)
    HAL_RCCEx_GetD3PCLK1Freq                 0x08001df5   Thumb Code    26  stm32h7xx_hal_rcc_ex.o(i.HAL_RCCEx_GetD3PCLK1Freq)
    HAL_RCCEx_GetPLL1ClockFreq               0x08001e19   Thumb Code   296  stm32h7xx_hal_rcc_ex.o(i.HAL_RCCEx_GetPLL1ClockFreq)
    HAL_RCCEx_GetPLL2ClockFreq               0x08001f5d   Thumb Code   296  stm32h7xx_hal_rcc_ex.o(i.HAL_RCCEx_GetPLL2ClockFreq)
    HAL_RCCEx_GetPLL3ClockFreq               0x080020a1   Thumb Code   296  stm32h7xx_hal_rcc_ex.o(i.HAL_RCCEx_GetPLL3ClockFreq)
    HAL_RCCEx_GetPeriphCLKFreq               0x080021e5   Thumb Code   454  stm32h7xx_hal_rcc_ex.o(i.HAL_RCCEx_GetPeriphCLKFreq)
    HAL_RCCEx_PeriphCLKConfig                0x080023c1   Thumb Code  2234  stm32h7xx_hal_rcc_ex.o(i.HAL_RCCEx_PeriphCLKConfig)
    HAL_RCC_ClockConfig                      0x08002c7d   Thumb Code   580  stm32h7xx_hal_rcc.o(i.HAL_RCC_ClockConfig)
    HAL_RCC_GetHCLKFreq                      0x08002ed9   Thumb Code    52  stm32h7xx_hal_rcc.o(i.HAL_RCC_GetHCLKFreq)
    HAL_RCC_GetPCLK1Freq                     0x08002f1d   Thumb Code    26  stm32h7xx_hal_rcc.o(i.HAL_RCC_GetPCLK1Freq)
    HAL_RCC_GetPCLK2Freq                     0x08002f41   Thumb Code    26  stm32h7xx_hal_rcc.o(i.HAL_RCC_GetPCLK2Freq)
    HAL_RCC_GetSysClockFreq                  0x08002f65   Thumb Code   278  stm32h7xx_hal_rcc.o(i.HAL_RCC_GetSysClockFreq)
    HAL_RCC_OscConfig                        0x0800309d   Thumb Code  1282  stm32h7xx_hal_rcc.o(i.HAL_RCC_OscConfig)
    HAL_SD_ConfigWideBusOperation            0x080035a5   Thumb Code   300  stm32h7xx_hal_sd.o(i.HAL_SD_ConfigWideBusOperation)
    HAL_SD_DriveTransceiver_1_8V_Callback    0x080036d5   Thumb Code     2  stm32h7xx_hal_sd.o(i.HAL_SD_DriveTransceiver_1_8V_Callback)
    HAL_SD_GetCardCSD                        0x080036d9   Thumb Code   440  stm32h7xx_hal_sd.o(i.HAL_SD_GetCardCSD)
    HAL_SD_GetCardInfo                       0x08003895   Thumb Code    36  stm32h7xx_hal_sd.o(i.HAL_SD_GetCardInfo)
    HAL_SD_GetCardState                      0x080038b9   Thumb Code    44  stm32h7xx_hal_sd.o(i.HAL_SD_GetCardState)
    HAL_SD_GetCardStatus                     0x080038e5   Thumb Code   184  stm32h7xx_hal_sd.o(i.HAL_SD_GetCardStatus)
    HAL_SD_Init                              0x080039a1   Thumb Code   162  stm32h7xx_hal_sd.o(i.HAL_SD_Init)
    HAL_SD_InitCard                          0x08003a45   Thumb Code   156  stm32h7xx_hal_sd.o(i.HAL_SD_InitCard)
    HAL_SD_MspInit                           0x08003aed   Thumb Code   118  sdmmc.o(i.HAL_SD_MspInit)
    HAL_SD_ReadBlocks                        0x08003b75   Thumb Code   444  stm32h7xx_hal_sd.o(i.HAL_SD_ReadBlocks)
    HAL_SD_WriteBlocks                       0x08003d39   Thumb Code   466  stm32h7xx_hal_sd.o(i.HAL_SD_WriteBlocks)
    HAL_SYSTICK_Config                       0x08003f15   Thumb Code    38  stm32h7xx_hal_cortex.o(i.HAL_SYSTICK_Config)
    HAL_UARTEx_DisableFifoMode               0x08003f3b   Thumb Code    64  stm32h7xx_hal_uart_ex.o(i.HAL_UARTEx_DisableFifoMode)
    HAL_UARTEx_SetRxFifoThreshold            0x08003f7b   Thumb Code    76  stm32h7xx_hal_uart_ex.o(i.HAL_UARTEx_SetRxFifoThreshold)
    HAL_UARTEx_SetTxFifoThreshold            0x08003fc7   Thumb Code    76  stm32h7xx_hal_uart_ex.o(i.HAL_UARTEx_SetTxFifoThreshold)
    HAL_UART_Init                            0x08004013   Thumb Code   106  stm32h7xx_hal_uart.o(i.HAL_UART_Init)
    HAL_UART_MspInit                         0x0800407d   Thumb Code    92  usart.o(i.HAL_UART_MspInit)
    HAL_UART_Transmit                        0x080040e5   Thumb Code   190  stm32h7xx_hal_uart.o(i.HAL_UART_Transmit)
    HardFault_Handler                        0x080041a3   Thumb Code     2  stm32h7xx_it.o(i.HardFault_Handler)
    MSC_BOT_CplClrFeature                    0x080042f1   Thumb Code    56  usbd_msc_bot.o(i.MSC_BOT_CplClrFeature)
    MSC_BOT_DataIn                           0x08004329   Thumb Code    58  usbd_msc_bot.o(i.MSC_BOT_DataIn)
    MSC_BOT_DataOut                          0x08004363   Thumb Code    58  usbd_msc_bot.o(i.MSC_BOT_DataOut)
    MSC_BOT_DeInit                           0x0800439d   Thumb Code    10  usbd_msc_bot.o(i.MSC_BOT_DeInit)
    MSC_BOT_Init                             0x080043a7   Thumb Code    70  usbd_msc_bot.o(i.MSC_BOT_Init)
    MSC_BOT_Reset                            0x080043ed   Thumb Code    50  usbd_msc_bot.o(i.MSC_BOT_Reset)
    MSC_BOT_SendCSW                          0x08004421   Thumb Code    54  usbd_msc_bot.o(i.MSC_BOT_SendCSW)
    MX_FATFS_Init                            0x0800445d   Thumb Code    18  fatfs.o(i.MX_FATFS_Init)
    MX_GPIO_Init                             0x08004479   Thumb Code   184  gpio.o(i.MX_GPIO_Init)
    MX_QUADSPI_Init                          0x08004541   Thumb Code    38  qspi_w25q64.o(i.MX_QUADSPI_Init)
    MX_SDMMC1_SD_Init                        0x08004571   Thumb Code    30  sdmmc.o(i.MX_SDMMC1_SD_Init)
    MX_USART1_UART_Init                      0x08004599   Thumb Code    94  usart.o(i.MX_USART1_UART_Init)
    MX_USB_DEVICE_Init                       0x08004601   Thumb Code    66  usb_device.o(i.MX_USB_DEVICE_Init)
    MemManage_Handler                        0x08004655   Thumb Code     2  stm32h7xx_it.o(i.MemManage_Handler)
    NMI_Handler                              0x08004657   Thumb Code     2  stm32h7xx_it.o(i.NMI_Handler)
    OTG_FS_IRQHandler                        0x08004659   Thumb Code     6  stm32h7xx_it.o(i.OTG_FS_IRQHandler)
    PendSV_Handler                           0x080047d3   Thumb Code     2  stm32h7xx_it.o(i.PendSV_Handler)
    QSPI_W25Qxx_AutoPollingMemReady          0x0800497d   Thumb Code    74  qspi_w25q64.o(i.QSPI_W25Qxx_AutoPollingMemReady)
    QSPI_W25Qxx_BlockErase_64K               0x080049cd   Thumb Code    86  qspi_w25q64.o(i.QSPI_W25Qxx_BlockErase_64K)
    QSPI_W25Qxx_Init                         0x08004a29   Thumb Code    30  qspi_w25q64.o(i.QSPI_W25Qxx_Init)
    QSPI_W25Qxx_ReadID                       0x08004a4d   Thumb Code    88  qspi_w25q64.o(i.QSPI_W25Qxx_ReadID)
    QSPI_W25Qxx_Reset                        0x08004aa9   Thumb Code    94  qspi_w25q64.o(i.QSPI_W25Qxx_Reset)
    QSPI_W25Qxx_WriteBuffer                  0x08004b0d   Thumb Code    98  qspi_w25q64.o(i.QSPI_W25Qxx_WriteBuffer)
    QSPI_W25Qxx_WriteEnable                  0x08004b71   Thumb Code   104  qspi_w25q64.o(i.QSPI_W25Qxx_WriteEnable)
    QSPI_W25Qxx_WritePage                    0x08004bdd   Thumb Code   110  qspi_w25q64.o(i.QSPI_W25Qxx_WritePage)
    SCSI_ProcessCmd                          0x08004ff1   Thumb Code   410  usbd_msc_scsi.o(i.SCSI_ProcessCmd)
    SCSI_SenseCode                           0x080055fd   Thumb Code    66  usbd_msc_scsi.o(i.SCSI_SenseCode)
    SDMMC_CmdAppCommand                      0x080057f5   Thumb Code    52  stm32h7xx_ll_sdmmc.o(i.SDMMC_CmdAppCommand)
    SDMMC_CmdAppOperCommand                  0x08005829   Thumb Code    46  stm32h7xx_ll_sdmmc.o(i.SDMMC_CmdAppOperCommand)
    SDMMC_CmdBlockLength                     0x08005857   Thumb Code    50  stm32h7xx_ll_sdmmc.o(i.SDMMC_CmdBlockLength)
    SDMMC_CmdBusWidth                        0x08005889   Thumb Code    52  stm32h7xx_ll_sdmmc.o(i.SDMMC_CmdBusWidth)
    SDMMC_CmdGoIdleState                     0x080058bd   Thumb Code    74  stm32h7xx_ll_sdmmc.o(i.SDMMC_CmdGoIdleState)
    SDMMC_CmdOperCond                        0x08005911   Thumb Code   110  stm32h7xx_ll_sdmmc.o(i.SDMMC_CmdOperCond)
    SDMMC_CmdReadMultiBlock                  0x08005985   Thumb Code    52  stm32h7xx_ll_sdmmc.o(i.SDMMC_CmdReadMultiBlock)
    SDMMC_CmdReadSingleBlock                 0x080059b9   Thumb Code    52  stm32h7xx_ll_sdmmc.o(i.SDMMC_CmdReadSingleBlock)
    SDMMC_CmdSelDesel                        0x080059ed   Thumb Code    50  stm32h7xx_ll_sdmmc.o(i.SDMMC_CmdSelDesel)
    SDMMC_CmdSendCID                         0x08005a1f   Thumb Code    44  stm32h7xx_ll_sdmmc.o(i.SDMMC_CmdSendCID)
    SDMMC_CmdSendCSD                         0x08005a4b   Thumb Code    48  stm32h7xx_ll_sdmmc.o(i.SDMMC_CmdSendCSD)
    SDMMC_CmdSendSCR                         0x08005a7b   Thumb Code    50  stm32h7xx_ll_sdmmc.o(i.SDMMC_CmdSendSCR)
    SDMMC_CmdSendStatus                      0x08005aad   Thumb Code    52  stm32h7xx_ll_sdmmc.o(i.SDMMC_CmdSendStatus)
    SDMMC_CmdSetRelAdd                       0x08005ae1   Thumb Code    50  stm32h7xx_ll_sdmmc.o(i.SDMMC_CmdSetRelAdd)
    SDMMC_CmdStatusRegister                  0x08005b13   Thumb Code    50  stm32h7xx_ll_sdmmc.o(i.SDMMC_CmdStatusRegister)
    SDMMC_CmdStopTransfer                    0x08005b45   Thumb Code    78  stm32h7xx_ll_sdmmc.o(i.SDMMC_CmdStopTransfer)
    SDMMC_CmdVoltageSwitch                   0x08005b99   Thumb Code    50  stm32h7xx_ll_sdmmc.o(i.SDMMC_CmdVoltageSwitch)
    SDMMC_CmdWriteMultiBlock                 0x08005bcb   Thumb Code    52  stm32h7xx_ll_sdmmc.o(i.SDMMC_CmdWriteMultiBlock)
    SDMMC_CmdWriteSingleBlock                0x08005bff   Thumb Code    52  stm32h7xx_ll_sdmmc.o(i.SDMMC_CmdWriteSingleBlock)
    SDMMC_ConfigData                         0x08005c33   Thumb Code    38  stm32h7xx_ll_sdmmc.o(i.SDMMC_ConfigData)
    SDMMC_GetPowerState                      0x08005ea5   Thumb Code     8  stm32h7xx_ll_sdmmc.o(i.SDMMC_GetPowerState)
    SDMMC_GetResponse                        0x08005ead   Thumb Code     6  stm32h7xx_ll_sdmmc.o(i.SDMMC_GetResponse)
    SDMMC_Init                               0x08005eb5   Thumb Code    28  stm32h7xx_ll_sdmmc.o(i.SDMMC_Init)
    SDMMC_PowerState_ON                      0x08005ed5   Thumb Code    12  stm32h7xx_ll_sdmmc.o(i.SDMMC_PowerState_ON)
    SDMMC_ReadFIFO                           0x08005ee1   Thumb Code     6  stm32h7xx_ll_sdmmc.o(i.SDMMC_ReadFIFO)
    SDMMC_SendCommand                        0x08005ee9   Thumb Code    34  stm32h7xx_ll_sdmmc.o(i.SDMMC_SendCommand)
    SDMMC_WriteFIFO                          0x08005f11   Thumb Code    10  stm32h7xx_ll_sdmmc.o(i.SDMMC_WriteFIFO)
    SD_initialize                            0x0800631d   Thumb Code    28  sd_diskio.o(i.SD_initialize)
    SD_ioctl                                 0x0800633d   Thumb Code    84  sd_diskio.o(i.SD_ioctl)
    SD_read                                  0x08006395   Thumb Code    38  sd_diskio.o(i.SD_read)
    SD_status                                0x080063bb   Thumb Code     4  sd_diskio.o(i.SD_status)
    SD_write                                 0x080063c1   Thumb Code    38  sd_diskio.o(i.SD_write)
    SVC_Handler                              0x0800644d   Thumb Code     2  stm32h7xx_it.o(i.SVC_Handler)
    SysTick_Handler                          0x08006459   Thumb Code     4  stm32h7xx_it.o(i.SysTick_Handler)
    SystemClock_Config                       0x0800645d   Thumb Code   256  main.o(i.SystemClock_Config)
    SystemInit                               0x0800656d   Thumb Code   188  system_stm32h7xx.o(i.SystemInit)
    UART_AdvFeatureConfig                    0x080066b5   Thumb Code   200  stm32h7xx_hal_uart.o(i.UART_AdvFeatureConfig)
    UART_CheckIdleState                      0x0800677d   Thumb Code    94  stm32h7xx_hal_uart.o(i.UART_CheckIdleState)
    UART_SetConfig                           0x080067dd   Thumb Code   878  stm32h7xx_hal_uart.o(i.UART_SetConfig)
    UART_WaitOnFlagUntilTimeout              0x08006b8d   Thumb Code   164  stm32h7xx_hal_uart.o(i.UART_WaitOnFlagUntilTimeout)
    USBD_ClrClassConfig                      0x08006c31   Thumb Code    16  usbd_core.o(i.USBD_ClrClassConfig)
    USBD_CtlContinueRx                       0x08006c41   Thumb Code    16  usbd_ioreq.o(i.USBD_CtlContinueRx)
    USBD_CtlContinueSendData                 0x08006c51   Thumb Code    16  usbd_ioreq.o(i.USBD_CtlContinueSendData)
    USBD_CtlError                            0x08006c61   Thumb Code    22  usbd_ctlreq.o(i.USBD_CtlError)
    USBD_CtlReceiveStatus                    0x08006c77   Thumb Code    22  usbd_ioreq.o(i.USBD_CtlReceiveStatus)
    USBD_CtlSendData                         0x08006c8d   Thumb Code    26  usbd_ioreq.o(i.USBD_CtlSendData)
    USBD_CtlSendStatus                       0x08006ca7   Thumb Code    22  usbd_ioreq.o(i.USBD_CtlSendStatus)
    USBD_FS_ConfigStrDescriptor              0x08006cbd   Thumb Code    16  usbd_desc.o(i.USBD_FS_ConfigStrDescriptor)
    USBD_FS_DeviceDescriptor                 0x08006cdd   Thumb Code     8  usbd_desc.o(i.USBD_FS_DeviceDescriptor)
    USBD_FS_InterfaceStrDescriptor           0x08006ce9   Thumb Code    16  usbd_desc.o(i.USBD_FS_InterfaceStrDescriptor)
    USBD_FS_LangIDStrDescriptor              0x08006d0d   Thumb Code     8  usbd_desc.o(i.USBD_FS_LangIDStrDescriptor)
    USBD_FS_ManufacturerStrDescriptor        0x08006d19   Thumb Code    16  usbd_desc.o(i.USBD_FS_ManufacturerStrDescriptor)
    USBD_FS_ProductStrDescriptor             0x08006d41   Thumb Code    16  usbd_desc.o(i.USBD_FS_ProductStrDescriptor)
    USBD_FS_SerialStrDescriptor              0x08006d69   Thumb Code    50  usbd_desc.o(i.USBD_FS_SerialStrDescriptor)
    USBD_GetString                           0x08006e8b   Thumb Code    74  usbd_ctlreq.o(i.USBD_GetString)
    USBD_Get_USB_Status                      0x08006ed5   Thumb Code    24  usbd_conf.o(i.USBD_Get_USB_Status)
    USBD_Init                                0x08006eed   Thumb Code    52  usbd_core.o(i.USBD_Init)
    USBD_LL_ClearStallEP                     0x08006f21   Thumb Code    18  usbd_conf.o(i.USBD_LL_ClearStallEP)
    USBD_LL_CloseEP                          0x08006f33   Thumb Code    18  usbd_conf.o(i.USBD_LL_CloseEP)
    USBD_LL_DataInStage                      0x08006f45   Thumb Code   170  usbd_core.o(i.USBD_LL_DataInStage)
    USBD_LL_DataOutStage                     0x08006fef   Thumb Code   110  usbd_core.o(i.USBD_LL_DataOutStage)
    USBD_LL_DevConnected                     0x0800705d   Thumb Code     4  usbd_core.o(i.USBD_LL_DevConnected)
    USBD_LL_DevDisconnected                  0x08007061   Thumb Code    26  usbd_core.o(i.USBD_LL_DevDisconnected)
    USBD_LL_FlushEP                          0x0800707b   Thumb Code    18  usbd_conf.o(i.USBD_LL_FlushEP)
    USBD_LL_GetRxDataSize                    0x0800708d   Thumb Code     8  usbd_conf.o(i.USBD_LL_GetRxDataSize)
    USBD_LL_Init                             0x08007095   Thumb Code    90  usbd_conf.o(i.USBD_LL_Init)
    USBD_LL_IsStallEP                        0x080070f9   Thumb Code    32  usbd_conf.o(i.USBD_LL_IsStallEP)
    USBD_LL_IsoINIncomplete                  0x08007119   Thumb Code     4  usbd_core.o(i.USBD_LL_IsoINIncomplete)
    USBD_LL_IsoOUTIncomplete                 0x0800711d   Thumb Code     4  usbd_core.o(i.USBD_LL_IsoOUTIncomplete)
    USBD_LL_OpenEP                           0x08007121   Thumb Code    24  usbd_conf.o(i.USBD_LL_OpenEP)
    USBD_LL_PrepareReceive                   0x08007139   Thumb Code    18  usbd_conf.o(i.USBD_LL_PrepareReceive)
    USBD_LL_Reset                            0x0800714b   Thumb Code    82  usbd_core.o(i.USBD_LL_Reset)
    USBD_LL_Resume                           0x0800719d   Thumb Code    20  usbd_core.o(i.USBD_LL_Resume)
    USBD_LL_SOF                              0x080071b1   Thumb Code    24  usbd_core.o(i.USBD_LL_SOF)
    USBD_LL_SetSpeed                         0x080071c9   Thumb Code     6  usbd_core.o(i.USBD_LL_SetSpeed)
    USBD_LL_SetUSBAddress                    0x080071cf   Thumb Code    18  usbd_conf.o(i.USBD_LL_SetUSBAddress)
    USBD_LL_SetupStage                       0x080071e1   Thumb Code    92  usbd_core.o(i.USBD_LL_SetupStage)
    USBD_LL_StallEP                          0x0800723d   Thumb Code    18  usbd_conf.o(i.USBD_LL_StallEP)
    USBD_LL_Start                            0x0800724f   Thumb Code    18  usbd_conf.o(i.USBD_LL_Start)
    USBD_LL_Suspend                          0x08007261   Thumb Code    18  usbd_core.o(i.USBD_LL_Suspend)
    USBD_LL_Transmit                         0x08007273   Thumb Code    18  usbd_conf.o(i.USBD_LL_Transmit)
    USBD_MSC_DataIn                          0x08007285   Thumb Code    10  usbd_msc.o(i.USBD_MSC_DataIn)
    USBD_MSC_DataOut                         0x0800728f   Thumb Code    10  usbd_msc.o(i.USBD_MSC_DataOut)
    USBD_MSC_DeInit                          0x08007299   Thumb Code    50  usbd_msc.o(i.USBD_MSC_DeInit)
    USBD_MSC_GetDeviceQualifierDescriptor    0x080072cd   Thumb Code     8  usbd_msc.o(i.USBD_MSC_GetDeviceQualifierDescriptor)
    USBD_MSC_GetFSCfgDesc                    0x080072d9   Thumb Code     8  usbd_msc.o(i.USBD_MSC_GetFSCfgDesc)
    USBD_MSC_GetHSCfgDesc                    0x080072e5   Thumb Code     8  usbd_msc.o(i.USBD_MSC_GetHSCfgDesc)
    USBD_MSC_GetOtherSpeedCfgDesc            0x080072f1   Thumb Code     8  usbd_msc.o(i.USBD_MSC_GetOtherSpeedCfgDesc)
    USBD_MSC_Init                            0x080072fd   Thumb Code    98  usbd_msc.o(i.USBD_MSC_Init)
    USBD_MSC_RegisterStorage                 0x0800735f   Thumb Code    14  usbd_msc.o(i.USBD_MSC_RegisterStorage)
    USBD_MSC_Setup                           0x0800736d   Thumb Code   208  usbd_msc.o(i.USBD_MSC_Setup)
    USBD_ParseSetupRequest                   0x0800743d   Thumb Code    42  usbd_ctlreq.o(i.USBD_ParseSetupRequest)
    USBD_RegisterClass                       0x08007467   Thumb Code    34  usbd_core.o(i.USBD_RegisterClass)
    USBD_SetClassConfig                      0x08007489   Thumb Code    20  usbd_core.o(i.USBD_SetClassConfig)
    USBD_Start                               0x08007559   Thumb Code     4  usbd_core.o(i.USBD_Start)
    USBD_StdDevReq                           0x0800755d   Thumb Code   278  usbd_ctlreq.o(i.USBD_StdDevReq)
    USBD_StdEPReq                            0x08007673   Thumb Code   332  usbd_ctlreq.o(i.USBD_StdEPReq)
    USBD_StdItfReq                           0x080077bf   Thumb Code    84  usbd_ctlreq.o(i.USBD_StdItfReq)
    USB_ActivateEndpoint                     0x08007815   Thumb Code   124  stm32h7xx_ll_usb.o(i.USB_ActivateEndpoint)
    USB_ActivateSetup                        0x08007895   Thumb Code    28  stm32h7xx_ll_usb.o(i.USB_ActivateSetup)
    USB_CoreInit                             0x080078b1   Thumb Code   114  stm32h7xx_ll_usb.o(i.USB_CoreInit)
    USB_DeactivateEndpoint                   0x08007961   Thumb Code   194  stm32h7xx_ll_usb.o(i.USB_DeactivateEndpoint)
    USB_DevConnect                           0x08007a2d   Thumb Code    24  stm32h7xx_ll_usb.o(i.USB_DevConnect)
    USB_DevDisconnect                        0x08007a45   Thumb Code    24  stm32h7xx_ll_usb.o(i.USB_DevDisconnect)
    USB_DevInit                              0x08007a5d   Thumb Code   368  stm32h7xx_ll_usb.o(i.USB_DevInit)
    USB_DisableGlobalInt                     0x08007bd5   Thumb Code    12  stm32h7xx_ll_usb.o(i.USB_DisableGlobalInt)
    USB_EP0StartXfer                         0x08007be1   Thumb Code   280  stm32h7xx_ll_usb.o(i.USB_EP0StartXfer)
    USB_EP0_OutStart                         0x08007cfd   Thumb Code    84  stm32h7xx_ll_usb.o(i.USB_EP0_OutStart)
    USB_EPClearStall                         0x08007d55   Thumb Code    88  stm32h7xx_ll_usb.o(i.USB_EPClearStall)
    USB_EPSetStall                           0x08007dad   Thumb Code    88  stm32h7xx_ll_usb.o(i.USB_EPSetStall)
    USB_EPStartXfer                          0x08007e05   Thumb Code   482  stm32h7xx_ll_usb.o(i.USB_EPStartXfer)
    USB_EnableGlobalInt                      0x08007fed   Thumb Code    12  stm32h7xx_ll_usb.o(i.USB_EnableGlobalInt)
    USB_FlushRxFifo                          0x08007ff9   Thumb Code    28  stm32h7xx_ll_usb.o(i.USB_FlushRxFifo)
    USB_FlushTxFifo                          0x08008019   Thumb Code    32  stm32h7xx_ll_usb.o(i.USB_FlushTxFifo)
    USB_GetDevSpeed                          0x0800803d   Thumb Code    26  stm32h7xx_ll_usb.o(i.USB_GetDevSpeed)
    USB_GetMode                              0x08008057   Thumb Code     8  stm32h7xx_ll_usb.o(i.USB_GetMode)
    USB_ReadDevAllInEpInterrupt              0x0800805f   Thumb Code    14  stm32h7xx_ll_usb.o(i.USB_ReadDevAllInEpInterrupt)
    USB_ReadDevAllOutEpInterrupt             0x0800806d   Thumb Code    14  stm32h7xx_ll_usb.o(i.USB_ReadDevAllOutEpInterrupt)
    USB_ReadDevInEPInterrupt                 0x0800807b   Thumb Code    36  stm32h7xx_ll_usb.o(i.USB_ReadDevInEPInterrupt)
    USB_ReadDevOutEPInterrupt                0x0800809f   Thumb Code    16  stm32h7xx_ll_usb.o(i.USB_ReadDevOutEPInterrupt)
    USB_ReadInterrupts                       0x080080af   Thumb Code     8  stm32h7xx_ll_usb.o(i.USB_ReadInterrupts)
    USB_ReadPacket                           0x080080b7   Thumb Code    28  stm32h7xx_ll_usb.o(i.USB_ReadPacket)
    USB_SetCurrentMode                       0x080080d3   Thumb Code    46  stm32h7xx_ll_usb.o(i.USB_SetCurrentMode)
    USB_SetDevAddress                        0x08008101   Thumb Code    34  stm32h7xx_ll_usb.o(i.USB_SetDevAddress)
    USB_SetTurnaroundTime                    0x08008125   Thumb Code   158  stm32h7xx_ll_usb.o(i.USB_SetTurnaroundTime)
    USB_WritePacket                          0x0800820d   Thumb Code    36  stm32h7xx_ll_usb.o(i.USB_WritePacket)
    UsageFault_Handler                       0x08008231   Thumb Code     2  stm32h7xx_it.o(i.UsageFault_Handler)
    __0printf                                0x08008235   Thumb Code    22  printfa.o(i.__0printf)
    __1printf                                0x08008235   Thumb Code     0  printfa.o(i.__0printf)
    __2printf                                0x08008235   Thumb Code     0  printfa.o(i.__0printf)
    __c89printf                              0x08008235   Thumb Code     0  printfa.o(i.__0printf)
    printf                                   0x08008235   Thumb Code     0  printfa.o(i.__0printf)
    __scatterload_copy                       0x08008277   Thumb Code    14  handlers.o(i.__scatterload_copy)
    __scatterload_null                       0x08008285   Thumb Code     2  handlers.o(i.__scatterload_null)
    __scatterload_zeroinit                   0x08008287   Thumb Code    14  handlers.o(i.__scatterload_zeroinit)
    disk_initialize                          0x08009025   Thumb Code    34  diskio.o(i.disk_initialize)
    disk_ioctl                               0x0800904d   Thumb Code    20  diskio.o(i.disk_ioctl)
    disk_read                                0x08009065   Thumb Code    22  diskio.o(i.disk_read)
    disk_status                              0x08009081   Thumb Code    16  diskio.o(i.disk_status)
    disk_write                               0x08009095   Thumb Code    22  diskio.o(i.disk_write)
    f_close                                  0x080090b1   Thumb Code    40  ff.o(i.f_close)
    f_mkdir                                  0x080090d9   Thumb Code   336  ff.o(i.f_mkdir)
    f_mount                                  0x08009229   Thumb Code    84  ff.o(i.f_mount)
    f_open                                   0x08009281   Thumb Code   522  ff.o(i.f_open)
    f_read                                   0x08009491   Thumb Code   340  ff.o(i.f_read)
    f_sync                                   0x080095e5   Thumb Code   142  ff.o(i.f_sync)
    fputc                                    0x08009941   Thumb Code    18  usart.o(i.fputc)
    free                                     0x08009959   Thumb Code    76  malloc.o(i.free)
    get_fattime                              0x08009a67   Thumb Code     4  fatfs.o(i.get_fattime)
    main                                     0x08009b71   Thumb Code   366  main.o(i.main)
    malloc                                   0x08009d41   Thumb Code    92  malloc.o(i.malloc)
    read_bin                                 0x08009ef1   Thumb Code    84  bootloader.o(i.read_bin)
    SD_Driver                                0x0800a130   Data          20  sd_diskio.o(.constdata)
    STORAGE_Inquirydata_FS                   0x0800a144   Data          36  usbd_storage_if.o(.constdata)
    UARTPrescTable                           0x0800a168   Data          24  stm32h7xx_hal_uart.o(.constdata)
    D1CorePrescTable                         0x0800a180   Data          16  system_stm32h7xx.o(.constdata)
    Region$$Table$$Base                      0x0800a22c   Number         0  anon$$obj.o(Region$$Table)
    Region$$Table$$Limit                     0x0800a24c   Number         0  anon$$obj.o(Region$$Table)
    JumpToApplication                        0x24000000   Data           4  main.o(.data)
    retSD                                    0x24000006   Data           1  fatfs.o(.data)
    SDPath                                   0x24000007   Data           4  fatfs.o(.data)
    FS_Desc                                  0x2400000c   Data          28  usbd_desc.o(.data)
    USBD_LangIDDesc                          0x24000028   Data           4  usbd_desc.o(.data)
    USBD_FS_DeviceDesc                       0x2400002c   Data          18  usbd_desc.o(.data)
    USBD_StringSerial                        0x24000040   Data          26  usbd_desc.o(.data)
    USBD_Storage_Interface_fops_FS           0x2400005c   Data          32  usbd_storage_if.o(.data)
    uwTickFreq                               0x2400007c   Data           1  stm32h7xx_hal.o(.data)
    uwTickPrio                               0x24000080   Data           4  stm32h7xx_hal.o(.data)
    uwTick                                   0x24000084   Data           4  stm32h7xx_hal.o(.data)
    SystemCoreClock                          0x24000088   Data           4  system_stm32h7xx.o(.data)
    SystemD2Clock                            0x2400008c   Data           4  system_stm32h7xx.o(.data)
    USBD_MSC                                 0x2400009c   Data          56  usbd_msc.o(.data)
    MSC_Page00_Inquiry_Data                  0x2400013e   Data           6  usbd_msc_data.o(.data)
    MSC_Page80_Inquiry_Data                  0x24000144   Data           8  usbd_msc_data.o(.data)
    MSC_Mode_Sense6_data                     0x2400014c   Data          23  usbd_msc_data.o(.data)
    MSC_Mode_Sense10_data                    0x24000163   Data          27  usbd_msc_data.o(.data)
    br                                       0x24000180   Data           4  bootloader.o(.data)
    __stdout                                 0x24000184   Data           4  stdout.o(.data)
    __microlib_freelist                      0x24000188   Data           4  mvars.o(.data)
    __microlib_freelist_initialised          0x2400018c   Data           4  mvars.o(.data)
    hsd1                                     0x24000190   Data         128  sdmmc.o(.bss)
    huart1                                   0x24000210   Data         140  usart.o(.bss)
    SDFatFS                                  0x2400029c   Data         560  fatfs.o(.bss)
    SDFile                                   0x240004cc   Data         560  fatfs.o(.bss)
    hUsbDeviceFS                             0x240006fc   Data         720  usb_device.o(.bss)
    USBD_StrDesc                             0x240009cc   Data         512  usbd_desc.o(.bss)
    hpcd_USB_OTG_FS                          0x24000bcc   Data        1032  usbd_conf.o(.bss)
    disk                                     0x24000ff4   Data          12  ff_gen_drv.o(.bss)
    hqspi                                    0x24001000   Data          76  qspi_w25q64.o(.bss)
    W25Qxx_WriteBuffer                       0x2400104c   Data       32768  qspi_w25q64.o(.bss)
    W25Qxx_ReadBuffer                        0x2400904c   Data       32768  qspi_w25q64.o(.bss)
    temp                                     0x2401104c   Data       204800  bootloader.o(.bss)
    fp_bin                                   0x2404304c   Data         560  bootloader.o(.bss)
    fp_old_bin                               0x2404327c   Data         560  bootloader.o(.bss)
    __heap_base                              0x240434b0   Data           0  startup_stm32h750xx.o(HEAP)
    __heap_limit                             0x240476b0   Data           0  startup_stm32h750xx.o(HEAP)
    __initial_sp                             0x2404bab0   Data           0  startup_stm32h750xx.o(STACK)



==============================================================================

Memory Map of the image

  Image Entry point : 0x08000299

  Load Region LR_IROM1 (Base: 0x08000000, Size: 0x0000a3dc, Max: 0x00012000, ABSOLUTE, COMPRESSED[0x0000a30c])

    Execution Region ER_IROM1 (Exec base: 0x08000000, Load base: 0x08000000, Size: 0x0000a24c, Max: 0x00012000, ABSOLUTE)

    Exec Addr    Load Addr    Size         Type   Attr      Idx    E Section Name        Object

    0x08000000   0x08000000   0x00000298   Data   RO         5664    RESET               startup_stm32h750xx.o
    0x08000298   0x08000298   0x00000000   Code   RO         6929  * .ARM.Collect$$$$00000000  mc_w.l(entry.o)
    0x08000298   0x08000298   0x00000004   Code   RO         7229    .ARM.Collect$$$$00000001  mc_w.l(entry2.o)
    0x0800029c   0x0800029c   0x00000004   Code   RO         7232    .ARM.Collect$$$$00000004  mc_w.l(entry5.o)
    0x080002a0   0x080002a0   0x00000000   Code   RO         7234    .ARM.Collect$$$$00000008  mc_w.l(entry7b.o)
    0x080002a0   0x080002a0   0x00000000   Code   RO         7236    .ARM.Collect$$$$0000000A  mc_w.l(entry8b.o)
    0x080002a0   0x080002a0   0x00000008   Code   RO         7237    .ARM.Collect$$$$0000000B  mc_w.l(entry9a.o)
    0x080002a8   0x080002a8   0x00000004   Code   RO         7244    .ARM.Collect$$$$0000000E  mc_w.l(entry12b.o)
    0x080002ac   0x080002ac   0x00000000   Code   RO         7239    .ARM.Collect$$$$0000000F  mc_w.l(entry10a.o)
    0x080002ac   0x080002ac   0x00000000   Code   RO         7241    .ARM.Collect$$$$00000011  mc_w.l(entry11a.o)
    0x080002ac   0x080002ac   0x00000004   Code   RO         7230    .ARM.Collect$$$$00002712  mc_w.l(entry2.o)
    0x080002b0   0x080002b0   0x00000024   Code   RO         5665    .text               startup_stm32h750xx.o
    0x080002d4   0x080002d4   0x00000062   Code   RO         6932    .text               mc_w.l(uldiv.o)
    0x08000336   0x08000336   0x00000024   Code   RO         6934    .text               mc_w.l(memcpya.o)
    0x0800035a   0x0800035a   0x00000024   Code   RO         6936    .text               mc_w.l(memseta.o)
    0x0800037e   0x0800037e   0x0000002c   Code   RO         7246    .text               mc_w.l(uidiv.o)
    0x080003aa   0x080003aa   0x0000001e   Code   RO         7248    .text               mc_w.l(llshl.o)
    0x080003c8   0x080003c8   0x00000020   Code   RO         7250    .text               mc_w.l(llushr.o)
    0x080003e8   0x080003e8   0x00000000   Code   RO         7254    .text               mc_w.l(iusefp.o)
    0x080003e8   0x080003e8   0x0000014e   Code   RO         7255    .text               mf_w.l(dadd.o)
    0x08000536   0x08000536   0x000000e4   Code   RO         7257    .text               mf_w.l(dmul.o)
    0x0800061a   0x0800061a   0x000000de   Code   RO         7259    .text               mf_w.l(ddiv.o)
    0x080006f8   0x080006f8   0x00000030   Code   RO         7261    .text               mf_w.l(dfixul.o)
    0x08000728   0x08000728   0x00000030   Code   RO         7263    .text               mf_w.l(cdrcmple.o)
    0x08000758   0x08000758   0x00000024   Code   RO         7265    .text               mc_w.l(init.o)
    0x0800077c   0x0800077c   0x00000024   Code   RO         7267    .text               mc_w.l(llsshr.o)
    0x080007a0   0x080007a0   0x000000ba   Code   RO         7269    .text               mf_w.l(depilogue.o)
    0x0800085a   0x0800085a   0x00000056   Code   RO         7279    .text               mc_w.l(__dczerorl2.o)
    0x080008b0   0x080008b0   0x00000014   Code   RO          811    i.BSP_PlatformIsDetected  fatfs_platform.o
    0x080008c4   0x080008c4   0x0000000c   Code   RO          617    i.BSP_SD_GetCardInfo  bsp_driver_sd.o
    0x080008d0   0x080008d0   0x00000018   Code   RO          618    i.BSP_SD_GetCardState  bsp_driver_sd.o
    0x080008e8   0x080008e8   0x00000030   Code   RO          620    i.BSP_SD_Init       bsp_driver_sd.o
    0x08000918   0x08000918   0x0000001a   Code   RO          621    i.BSP_SD_IsDetected  bsp_driver_sd.o
    0x08000932   0x08000932   0x00000002   PAD
    0x08000934   0x08000934   0x00000020   Code   RO          622    i.BSP_SD_ReadBlocks  bsp_driver_sd.o
    0x08000954   0x08000954   0x00000020   Code   RO          625    i.BSP_SD_WriteBlocks  bsp_driver_sd.o
    0x08000974   0x08000974   0x00000002   Code   RO          509    i.BusFault_Handler  stm32h7xx_it.o
    0x08000976   0x08000976   0x00000002   Code   RO          510    i.DebugMon_Handler  stm32h7xx_it.o
    0x08000978   0x08000978   0x00000004   Code   RO            4    i.Error_Handler     main.o
    0x0800097c   0x0800097c   0x00000006   Code   RO         6096    i.FATFS_LinkDriver  ff_gen_drv.o
    0x08000982   0x08000982   0x00000002   PAD
    0x08000984   0x08000984   0x00000040   Code   RO         6097    i.FATFS_LinkDriverEx  ff_gen_drv.o
    0x080009c4   0x080009c4   0x00000024   Code   RO         3366    i.HAL_Delay         stm32h7xx_hal.o
    0x080009e8   0x080009e8   0x00000170   Code   RO         2361    i.HAL_GPIO_DeInit   stm32h7xx_hal_gpio.o
    0x08000b58   0x08000b58   0x00000230   Code   RO         2364    i.HAL_GPIO_Init     stm32h7xx_hal_gpio.o
    0x08000d88   0x08000d88   0x0000000a   Code   RO         2366    i.HAL_GPIO_ReadPin  stm32h7xx_hal_gpio.o
    0x08000d92   0x08000d92   0x0000000e   Code   RO         2367    i.HAL_GPIO_TogglePin  stm32h7xx_hal_gpio.o
    0x08000da0   0x08000da0   0x0000000a   Code   RO         2368    i.HAL_GPIO_WritePin  stm32h7xx_hal_gpio.o
    0x08000daa   0x08000daa   0x00000002   PAD
    0x08000dac   0x08000dac   0x0000000c   Code   RO         3381    i.HAL_GetREVID      stm32h7xx_hal.o
    0x08000db8   0x08000db8   0x0000000c   Code   RO         3382    i.HAL_GetTick       stm32h7xx_hal.o
    0x08000dc4   0x08000dc4   0x00000010   Code   RO         3388    i.HAL_IncTick       stm32h7xx_hal.o
    0x08000dd4   0x08000dd4   0x0000005c   Code   RO         3389    i.HAL_Init          stm32h7xx_hal.o
    0x08000e30   0x08000e30   0x00000040   Code   RO         3390    i.HAL_InitTick      stm32h7xx_hal.o
    0x08000e70   0x08000e70   0x0000001c   Code   RO          591    i.HAL_MspInit       stm32h7xx_hal_msp.o
    0x08000e8c   0x08000e8c   0x00000022   Code   RO         3223    i.HAL_NVIC_DisableIRQ  stm32h7xx_hal_cortex.o
    0x08000eae   0x08000eae   0x0000001a   Code   RO         3224    i.HAL_NVIC_EnableIRQ  stm32h7xx_hal_cortex.o
    0x08000ec8   0x08000ec8   0x00000040   Code   RO         3230    i.HAL_NVIC_SetPriority  stm32h7xx_hal_cortex.o
    0x08000f08   0x08000f08   0x00000024   Code   RO         3231    i.HAL_NVIC_SetPriorityGrouping  stm32h7xx_hal_cortex.o
    0x08000f2c   0x08000f2c   0x00000028   Code   RO         1520    i.HAL_PCDEx_ActivateLPM  stm32h7xx_hal_pcd_ex.o
    0x08000f54   0x08000f54   0x00000002   Code   RO         1525    i.HAL_PCDEx_LPM_Callback  stm32h7xx_hal_pcd_ex.o
    0x08000f56   0x08000f56   0x00000008   Code   RO         1526    i.HAL_PCDEx_SetRxFiFo  stm32h7xx_hal_pcd_ex.o
    0x08000f5e   0x08000f5e   0x00000046   Code   RO         1527    i.HAL_PCDEx_SetTxFiFo  stm32h7xx_hal_pcd_ex.o
    0x08000fa4   0x08000fa4   0x00000008   Code   RO         1100    i.HAL_PCD_ConnectCallback  usbd_conf.o
    0x08000fac   0x08000fac   0x00000012   Code   RO         1101    i.HAL_PCD_DataInStageCallback  usbd_conf.o
    0x08000fbe   0x08000fbe   0x00000014   Code   RO         1102    i.HAL_PCD_DataOutStageCallback  usbd_conf.o
    0x08000fd2   0x08000fd2   0x00000008   Code   RO         1103    i.HAL_PCD_DisconnectCallback  usbd_conf.o
    0x08000fda   0x08000fda   0x0000004c   Code   RO         1308    i.HAL_PCD_EP_Close  stm32h7xx_hal_pcd.o
    0x08001026   0x08001026   0x0000005c   Code   RO         1309    i.HAL_PCD_EP_ClrStall  stm32h7xx_hal_pcd.o
    0x08001082   0x08001082   0x00000032   Code   RO         1310    i.HAL_PCD_EP_Flush  stm32h7xx_hal_pcd.o
    0x080010b4   0x080010b4   0x00000012   Code   RO         1311    i.HAL_PCD_EP_GetRxCount  stm32h7xx_hal_pcd.o
    0x080010c6   0x080010c6   0x00000060   Code   RO         1312    i.HAL_PCD_EP_Open   stm32h7xx_hal_pcd.o
    0x08001126   0x08001126   0x00000044   Code   RO         1313    i.HAL_PCD_EP_Receive  stm32h7xx_hal_pcd.o
    0x0800116a   0x0800116a   0x00000074   Code   RO         1314    i.HAL_PCD_EP_SetStall  stm32h7xx_hal_pcd.o
    0x080011de   0x080011de   0x00000044   Code   RO         1315    i.HAL_PCD_EP_Transmit  stm32h7xx_hal_pcd.o
    0x08001222   0x08001222   0x00000002   PAD
    0x08001224   0x08001224   0x00000474   Code   RO         1317    i.HAL_PCD_IRQHandler  stm32h7xx_hal_pcd.o
    0x08001698   0x08001698   0x00000008   Code   RO         1104    i.HAL_PCD_ISOINIncompleteCallback  usbd_conf.o
    0x080016a0   0x080016a0   0x00000008   Code   RO         1105    i.HAL_PCD_ISOOUTIncompleteCallback  usbd_conf.o
    0x080016a8   0x080016a8   0x000000f2   Code   RO         1320    i.HAL_PCD_Init      stm32h7xx_hal_pcd.o
    0x0800179a   0x0800179a   0x00000002   PAD
    0x0800179c   0x0800179c   0x00000038   Code   RO         1106    i.HAL_PCD_MspDeInit  usbd_conf.o
    0x080017d4   0x080017d4   0x00000078   Code   RO         1107    i.HAL_PCD_MspInit   usbd_conf.o
    0x0800184c   0x0800184c   0x0000002c   Code   RO         1108    i.HAL_PCD_ResetCallback  usbd_conf.o
    0x08001878   0x08001878   0x00000008   Code   RO         1109    i.HAL_PCD_ResumeCallback  usbd_conf.o
    0x08001880   0x08001880   0x00000008   Code   RO         1110    i.HAL_PCD_SOFCallback  usbd_conf.o
    0x08001888   0x08001888   0x00000028   Code   RO         1326    i.HAL_PCD_SetAddress  stm32h7xx_hal_pcd.o
    0x080018b0   0x080018b0   0x0000000e   Code   RO         1111    i.HAL_PCD_SetupStageCallback  usbd_conf.o
    0x080018be   0x080018be   0x00000042   Code   RO         1328    i.HAL_PCD_Start     stm32h7xx_hal_pcd.o
    0x08001900   0x08001900   0x00000030   Code   RO         1112    i.HAL_PCD_SuspendCallback  usbd_conf.o
    0x08001930   0x08001930   0x00000054   Code   RO         2965    i.HAL_PWREx_ConfigSupply  stm32h7xx_hal_pwr_ex.o
    0x08001984   0x08001984   0x00000010   Code   RO         2982    i.HAL_PWREx_EnableUSBVoltageDetector  stm32h7xx_hal_pwr_ex.o
    0x08001994   0x08001994   0x000000ac   Code   RO         4286    i.HAL_QSPI_AutoPolling  stm32h7xx_hal_qspi.o
    0x08001a40   0x08001a40   0x00000086   Code   RO         4289    i.HAL_QSPI_Command  stm32h7xx_hal_qspi.o
    0x08001ac6   0x08001ac6   0x00000002   PAD
    0x08001ac8   0x08001ac8   0x000000ac   Code   RO         4298    i.HAL_QSPI_Init     stm32h7xx_hal_qspi.o
    0x08001b74   0x08001b74   0x00000108   Code   RO         6750    i.HAL_QSPI_MspInit  qspi_w25q64.o
    0x08001c7c   0x08001c7c   0x000000be   Code   RO         4302    i.HAL_QSPI_Receive  stm32h7xx_hal_qspi.o
    0x08001d3a   0x08001d3a   0x00000002   PAD
    0x08001d3c   0x08001d3c   0x000000b6   Code   RO         4311    i.HAL_QSPI_Transmit  stm32h7xx_hal_qspi.o
    0x08001df2   0x08001df2   0x00000002   PAD
    0x08001df4   0x08001df4   0x00000024   Code   RO         2007    i.HAL_RCCEx_GetD3PCLK1Freq  stm32h7xx_hal_rcc_ex.o
    0x08001e18   0x08001e18   0x00000144   Code   RO         2008    i.HAL_RCCEx_GetPLL1ClockFreq  stm32h7xx_hal_rcc_ex.o
    0x08001f5c   0x08001f5c   0x00000144   Code   RO         2009    i.HAL_RCCEx_GetPLL2ClockFreq  stm32h7xx_hal_rcc_ex.o
    0x080020a0   0x080020a0   0x00000144   Code   RO         2010    i.HAL_RCCEx_GetPLL3ClockFreq  stm32h7xx_hal_rcc_ex.o
    0x080021e4   0x080021e4   0x000001dc   Code   RO         2012    i.HAL_RCCEx_GetPeriphCLKFreq  stm32h7xx_hal_rcc_ex.o
    0x080023c0   0x080023c0   0x000008ba   Code   RO         2016    i.HAL_RCCEx_PeriphCLKConfig  stm32h7xx_hal_rcc_ex.o
    0x08002c7a   0x08002c7a   0x00000002   PAD
    0x08002c7c   0x08002c7c   0x0000025c   Code   RO         1892    i.HAL_RCC_ClockConfig  stm32h7xx_hal_rcc.o
    0x08002ed8   0x08002ed8   0x00000044   Code   RO         1897    i.HAL_RCC_GetHCLKFreq  stm32h7xx_hal_rcc.o
    0x08002f1c   0x08002f1c   0x00000024   Code   RO         1899    i.HAL_RCC_GetPCLK1Freq  stm32h7xx_hal_rcc.o
    0x08002f40   0x08002f40   0x00000024   Code   RO         1900    i.HAL_RCC_GetPCLK2Freq  stm32h7xx_hal_rcc.o
    0x08002f64   0x08002f64   0x00000138   Code   RO         1901    i.HAL_RCC_GetSysClockFreq  stm32h7xx_hal_rcc.o
    0x0800309c   0x0800309c   0x00000508   Code   RO         1904    i.HAL_RCC_OscConfig  stm32h7xx_hal_rcc.o
    0x080035a4   0x080035a4   0x00000130   Code   RO         4849    i.HAL_SD_ConfigWideBusOperation  stm32h7xx_hal_sd.o
    0x080036d4   0x080036d4   0x00000002   Code   RO         4851    i.HAL_SD_DriveTransceiver_1_8V_Callback  stm32h7xx_hal_sd.o
    0x080036d6   0x080036d6   0x00000002   PAD
    0x080036d8   0x080036d8   0x000001bc   Code   RO         4855    i.HAL_SD_GetCardCSD  stm32h7xx_hal_sd.o
    0x08003894   0x08003894   0x00000024   Code   RO         4856    i.HAL_SD_GetCardInfo  stm32h7xx_hal_sd.o
    0x080038b8   0x080038b8   0x0000002c   Code   RO         4857    i.HAL_SD_GetCardState  stm32h7xx_hal_sd.o
    0x080038e4   0x080038e4   0x000000bc   Code   RO         4858    i.HAL_SD_GetCardStatus  stm32h7xx_hal_sd.o
    0x080039a0   0x080039a0   0x000000a2   Code   RO         4862    i.HAL_SD_Init       stm32h7xx_hal_sd.o
    0x08003a42   0x08003a42   0x00000002   PAD
    0x08003a44   0x08003a44   0x000000a8   Code   RO         4863    i.HAL_SD_InitCard   stm32h7xx_hal_sd.o
    0x08003aec   0x08003aec   0x00000088   Code   RO          416    i.HAL_SD_MspInit    sdmmc.o
    0x08003b74   0x08003b74   0x000001c4   Code   RO         4866    i.HAL_SD_ReadBlocks  stm32h7xx_hal_sd.o
    0x08003d38   0x08003d38   0x000001dc   Code   RO         4871    i.HAL_SD_WriteBlocks  stm32h7xx_hal_sd.o
    0x08003f14   0x08003f14   0x00000026   Code   RO         3235    i.HAL_SYSTICK_Config  stm32h7xx_hal_cortex.o
    0x08003f3a   0x08003f3a   0x00000040   Code   RO         5572    i.HAL_UARTEx_DisableFifoMode  stm32h7xx_hal_uart_ex.o
    0x08003f7a   0x08003f7a   0x0000004c   Code   RO         5577    i.HAL_UARTEx_SetRxFifoThreshold  stm32h7xx_hal_uart_ex.o
    0x08003fc6   0x08003fc6   0x0000004c   Code   RO         5578    i.HAL_UARTEx_SetTxFifoThreshold  stm32h7xx_hal_uart_ex.o
    0x08004012   0x08004012   0x0000006a   Code   RO         5198    i.HAL_UART_Init     stm32h7xx_hal_uart.o
    0x0800407c   0x0800407c   0x00000068   Code   RO          458    i.HAL_UART_MspInit  usart.o
    0x080040e4   0x080040e4   0x000000be   Code   RO         5207    i.HAL_UART_Transmit  stm32h7xx_hal_uart.o
    0x080041a2   0x080041a2   0x00000002   Code   RO          511    i.HardFault_Handler  stm32h7xx_it.o
    0x080041a4   0x080041a4   0x00000038   Code   RO          949    i.IntToUnicode      usbd_desc.o
    0x080041dc   0x080041dc   0x00000044   Code   RO         6542    i.MSC_BOT_Abort     usbd_msc_bot.o
    0x08004220   0x08004220   0x000000d0   Code   RO         6543    i.MSC_BOT_CBW_Decode  usbd_msc_bot.o
    0x080042f0   0x080042f0   0x00000038   Code   RO         6544    i.MSC_BOT_CplClrFeature  usbd_msc_bot.o
    0x08004328   0x08004328   0x0000003a   Code   RO         6545    i.MSC_BOT_DataIn    usbd_msc_bot.o
    0x08004362   0x08004362   0x0000003a   Code   RO         6546    i.MSC_BOT_DataOut   usbd_msc_bot.o
    0x0800439c   0x0800439c   0x0000000a   Code   RO         6547    i.MSC_BOT_DeInit    usbd_msc_bot.o
    0x080043a6   0x080043a6   0x00000046   Code   RO         6548    i.MSC_BOT_Init      usbd_msc_bot.o
    0x080043ec   0x080043ec   0x00000032   Code   RO         6549    i.MSC_BOT_Reset     usbd_msc_bot.o
    0x0800441e   0x0800441e   0x00000002   PAD
    0x08004420   0x08004420   0x0000003c   Code   RO         6550    i.MSC_BOT_SendCSW   usbd_msc_bot.o
    0x0800445c   0x0800445c   0x0000001c   Code   RO          835    i.MX_FATFS_Init     fatfs.o
    0x08004478   0x08004478   0x000000c8   Code   RO          266    i.MX_GPIO_Init      gpio.o
    0x08004540   0x08004540   0x00000030   Code   RO         6751    i.MX_QUADSPI_Init   qspi_w25q64.o
    0x08004570   0x08004570   0x00000028   Code   RO          417    i.MX_SDMMC1_SD_Init  sdmmc.o
    0x08004598   0x08004598   0x00000068   Code   RO          459    i.MX_USART1_UART_Init  usart.o
    0x08004600   0x08004600   0x00000054   Code   RO          882    i.MX_USB_DEVICE_Init  usb_device.o
    0x08004654   0x08004654   0x00000002   Code   RO          512    i.MemManage_Handler  stm32h7xx_it.o
    0x08004656   0x08004656   0x00000002   Code   RO          513    i.NMI_Handler       stm32h7xx_it.o
    0x08004658   0x08004658   0x0000000c   Code   RO          514    i.OTG_FS_IRQHandler  stm32h7xx_it.o
    0x08004664   0x08004664   0x000000cc   Code   RO         1331    i.PCD_EP_OutXfrComplete_int  stm32h7xx_hal_pcd.o
    0x08004730   0x08004730   0x000000a2   Code   RO         1332    i.PCD_WriteEmptyTxFifo  stm32h7xx_hal_pcd.o
    0x080047d2   0x080047d2   0x00000002   Code   RO          515    i.PendSV_Handler    stm32h7xx_it.o
    0x080047d4   0x080047d4   0x000001a8   Code   RO         4315    i.QSPI_Config       stm32h7xx_hal_qspi.o
    0x0800497c   0x0800497c   0x00000050   Code   RO         6752    i.QSPI_W25Qxx_AutoPollingMemReady  qspi_w25q64.o
    0x080049cc   0x080049cc   0x0000005c   Code   RO         6754    i.QSPI_W25Qxx_BlockErase_64K  qspi_w25q64.o
    0x08004a28   0x08004a28   0x00000024   Code   RO         6756    i.QSPI_W25Qxx_Init  qspi_w25q64.o
    0x08004a4c   0x08004a4c   0x0000005c   Code   RO         6759    i.QSPI_W25Qxx_ReadID  qspi_w25q64.o
    0x08004aa8   0x08004aa8   0x00000064   Code   RO         6760    i.QSPI_W25Qxx_Reset  qspi_w25q64.o
    0x08004b0c   0x08004b0c   0x00000062   Code   RO         6763    i.QSPI_W25Qxx_WriteBuffer  qspi_w25q64.o
    0x08004b6e   0x08004b6e   0x00000002   PAD
    0x08004b70   0x08004b70   0x0000006c   Code   RO         6764    i.QSPI_W25Qxx_WriteEnable  qspi_w25q64.o
    0x08004bdc   0x08004bdc   0x00000074   Code   RO         6765    i.QSPI_W25Qxx_WritePage  qspi_w25q64.o
    0x08004c50   0x08004c50   0x00000048   Code   RO         4320    i.QSPI_WaitFlagStateUntilTimeout  stm32h7xx_hal_qspi.o
    0x08004c98   0x08004c98   0x00000120   Code   RO         2019    i.RCCEx_PLL2_Config  stm32h7xx_hal_rcc_ex.o
    0x08004db8   0x08004db8   0x00000120   Code   RO         2020    i.RCCEx_PLL3_Config  stm32h7xx_hal_rcc_ex.o
    0x08004ed8   0x08004ed8   0x00000058   Code   RO            5    i.SCB_DisableDCache  main.o
    0x08004f30   0x08004f30   0x0000002c   Code   RO            6    i.SCB_DisableICache  main.o
    0x08004f5c   0x08004f5c   0x00000022   Code   RO         6647    i.SCSI_CheckAddressRange  usbd_msc_scsi.o
    0x08004f7e   0x08004f7e   0x00000002   PAD
    0x08004f80   0x08004f80   0x00000070   Code   RO         6648    i.SCSI_Inquiry      usbd_msc_scsi.o
    0x08004ff0   0x08004ff0   0x000001a4   Code   RO         6649    i.SCSI_ProcessCmd   usbd_msc_scsi.o
    0x08005194   0x08005194   0x0000008c   Code   RO         6650    i.SCSI_ProcessRead  usbd_msc_scsi.o
    0x08005220   0x08005220   0x000000a0   Code   RO         6651    i.SCSI_ProcessWrite  usbd_msc_scsi.o
    0x080052c0   0x080052c0   0x000000aa   Code   RO         6652    i.SCSI_Read10       usbd_msc_scsi.o
    0x0800536a   0x0800536a   0x000000b4   Code   RO         6653    i.SCSI_Read12       usbd_msc_scsi.o
    0x0800541e   0x0800541e   0x0000005e   Code   RO         6654    i.SCSI_ReadCapacity10  usbd_msc_scsi.o
    0x0800547c   0x0800547c   0x00000096   Code   RO         6655    i.SCSI_ReadCapacity16  usbd_msc_scsi.o
    0x08005512   0x08005512   0x0000006e   Code   RO         6656    i.SCSI_ReadFormatCapacity  usbd_msc_scsi.o
    0x08005580   0x08005580   0x0000007c   Code   RO         6657    i.SCSI_RequestSense  usbd_msc_scsi.o
    0x080055fc   0x080055fc   0x00000042   Code   RO         6658    i.SCSI_SenseCode    usbd_msc_scsi.o
    0x0800563e   0x0800563e   0x00000018   Code   RO         6659    i.SCSI_UpdateBotData  usbd_msc_scsi.o
    0x08005656   0x08005656   0x000000c6   Code   RO         6660    i.SCSI_Write10      usbd_msc_scsi.o
    0x0800571c   0x0800571c   0x000000d8   Code   RO         6661    i.SCSI_Write12      usbd_msc_scsi.o
    0x080057f4   0x080057f4   0x00000034   Code   RO         4523    i.SDMMC_CmdAppCommand  stm32h7xx_ll_sdmmc.o
    0x08005828   0x08005828   0x0000002e   Code   RO         4524    i.SDMMC_CmdAppOperCommand  stm32h7xx_ll_sdmmc.o
    0x08005856   0x08005856   0x00000032   Code   RO         4525    i.SDMMC_CmdBlockLength  stm32h7xx_ll_sdmmc.o
    0x08005888   0x08005888   0x00000034   Code   RO         4526    i.SDMMC_CmdBusWidth  stm32h7xx_ll_sdmmc.o
    0x080058bc   0x080058bc   0x00000054   Code   RO         4530    i.SDMMC_CmdGoIdleState  stm32h7xx_ll_sdmmc.o
    0x08005910   0x08005910   0x00000074   Code   RO         4532    i.SDMMC_CmdOperCond  stm32h7xx_ll_sdmmc.o
    0x08005984   0x08005984   0x00000034   Code   RO         4533    i.SDMMC_CmdReadMultiBlock  stm32h7xx_ll_sdmmc.o
    0x080059b8   0x080059b8   0x00000034   Code   RO         4534    i.SDMMC_CmdReadSingleBlock  stm32h7xx_ll_sdmmc.o
    0x080059ec   0x080059ec   0x00000032   Code   RO         4537    i.SDMMC_CmdSelDesel  stm32h7xx_ll_sdmmc.o
    0x08005a1e   0x08005a1e   0x0000002c   Code   RO         4538    i.SDMMC_CmdSendCID  stm32h7xx_ll_sdmmc.o
    0x08005a4a   0x08005a4a   0x00000030   Code   RO         4539    i.SDMMC_CmdSendCSD  stm32h7xx_ll_sdmmc.o
    0x08005a7a   0x08005a7a   0x00000032   Code   RO         4541    i.SDMMC_CmdSendSCR  stm32h7xx_ll_sdmmc.o
    0x08005aac   0x08005aac   0x00000034   Code   RO         4542    i.SDMMC_CmdSendStatus  stm32h7xx_ll_sdmmc.o
    0x08005ae0   0x08005ae0   0x00000032   Code   RO         4543    i.SDMMC_CmdSetRelAdd  stm32h7xx_ll_sdmmc.o
    0x08005b12   0x08005b12   0x00000032   Code   RO         4544    i.SDMMC_CmdStatusRegister  stm32h7xx_ll_sdmmc.o
    0x08005b44   0x08005b44   0x00000054   Code   RO         4545    i.SDMMC_CmdStopTransfer  stm32h7xx_ll_sdmmc.o
    0x08005b98   0x08005b98   0x00000032   Code   RO         4547    i.SDMMC_CmdVoltageSwitch  stm32h7xx_ll_sdmmc.o
    0x08005bca   0x08005bca   0x00000034   Code   RO         4548    i.SDMMC_CmdWriteMultiBlock  stm32h7xx_ll_sdmmc.o
    0x08005bfe   0x08005bfe   0x00000034   Code   RO         4549    i.SDMMC_CmdWriteSingleBlock  stm32h7xx_ll_sdmmc.o
    0x08005c32   0x08005c32   0x00000026   Code   RO         4550    i.SDMMC_ConfigData  stm32h7xx_ll_sdmmc.o
    0x08005c58   0x08005c58   0x00000124   Code   RO         4551    i.SDMMC_GetCmdResp1  stm32h7xx_ll_sdmmc.o
    0x08005d7c   0x08005d7c   0x00000054   Code   RO         4552    i.SDMMC_GetCmdResp2  stm32h7xx_ll_sdmmc.o
    0x08005dd0   0x08005dd0   0x00000048   Code   RO         4553    i.SDMMC_GetCmdResp3  stm32h7xx_ll_sdmmc.o
    0x08005e18   0x08005e18   0x0000008c   Code   RO         4554    i.SDMMC_GetCmdResp6  stm32h7xx_ll_sdmmc.o
    0x08005ea4   0x08005ea4   0x00000008   Code   RO         4558    i.SDMMC_GetPowerState  stm32h7xx_ll_sdmmc.o
    0x08005eac   0x08005eac   0x00000006   Code   RO         4559    i.SDMMC_GetResponse  stm32h7xx_ll_sdmmc.o
    0x08005eb2   0x08005eb2   0x00000002   PAD
    0x08005eb4   0x08005eb4   0x00000020   Code   RO         4560    i.SDMMC_Init        stm32h7xx_ll_sdmmc.o
    0x08005ed4   0x08005ed4   0x0000000c   Code   RO         4563    i.SDMMC_PowerState_ON  stm32h7xx_ll_sdmmc.o
    0x08005ee0   0x08005ee0   0x00000006   Code   RO         4564    i.SDMMC_ReadFIFO    stm32h7xx_ll_sdmmc.o
    0x08005ee6   0x08005ee6   0x00000002   PAD
    0x08005ee8   0x08005ee8   0x00000028   Code   RO         4565    i.SDMMC_SendCommand  stm32h7xx_ll_sdmmc.o
    0x08005f10   0x08005f10   0x0000000a   Code   RO         4567    i.SDMMC_WriteFIFO   stm32h7xx_ll_sdmmc.o
    0x08005f1a   0x08005f1a   0x00000002   PAD
    0x08005f1c   0x08005f1c   0x00000020   Code   RO          736    i.SD_CheckStatus    sd_diskio.o
    0x08005f3c   0x08005f3c   0x000000e4   Code   RO         4875    i.SD_FindSCR        stm32h7xx_hal_sd.o
    0x08006020   0x08006020   0x000000d4   Code   RO         4877    i.SD_InitCard       stm32h7xx_hal_sd.o
    0x080060f4   0x080060f4   0x00000144   Code   RO         4878    i.SD_PowerON        stm32h7xx_hal_sd.o
    0x08006238   0x08006238   0x000000e4   Code   RO         4879    i.SD_SendSDStatus   stm32h7xx_hal_sd.o
    0x0800631c   0x0800631c   0x00000020   Code   RO          737    i.SD_initialize     sd_diskio.o
    0x0800633c   0x0800633c   0x00000058   Code   RO          738    i.SD_ioctl          sd_diskio.o
    0x08006394   0x08006394   0x00000026   Code   RO          739    i.SD_read           sd_diskio.o
    0x080063ba   0x080063ba   0x00000004   Code   RO          740    i.SD_status         sd_diskio.o
    0x080063be   0x080063be   0x00000002   PAD
    0x080063c0   0x080063c0   0x00000026   Code   RO          741    i.SD_write          sd_diskio.o
    0x080063e6   0x080063e6   0x00000002   PAD
    0x080063e8   0x080063e8   0x00000024   Code   RO         1035    i.STORAGE_GetCapacity_FS  usbd_storage_if.o
    0x0800640c   0x0800640c   0x00000004   Code   RO         1036    i.STORAGE_GetMaxLun_FS  usbd_storage_if.o
    0x08006410   0x08006410   0x00000004   Code   RO         1037    i.STORAGE_Init_FS   usbd_storage_if.o
    0x08006414   0x08006414   0x00000004   Code   RO         1038    i.STORAGE_IsReady_FS  usbd_storage_if.o
    0x08006418   0x08006418   0x00000004   Code   RO         1039    i.STORAGE_IsWriteProtected_FS  usbd_storage_if.o
    0x0800641c   0x0800641c   0x00000018   Code   RO         1040    i.STORAGE_Read_FS   usbd_storage_if.o
    0x08006434   0x08006434   0x00000018   Code   RO         1041    i.STORAGE_Write_FS  usbd_storage_if.o
    0x0800644c   0x0800644c   0x00000002   Code   RO          516    i.SVC_Handler       stm32h7xx_it.o
    0x0800644e   0x0800644e   0x0000000a   Code   RO         6312    i.SWAPBYTE          usbd_ctlreq.o
    0x08006458   0x08006458   0x00000004   Code   RO          517    i.SysTick_Handler   stm32h7xx_it.o
    0x0800645c   0x0800645c   0x00000110   Code   RO            7    i.SystemClock_Config  main.o
    0x0800656c   0x0800656c   0x000000e4   Code   RO         5673    i.SystemInit        system_stm32h7xx.o
    0x08006650   0x08006650   0x00000064   Code   RO         5582    i.UARTEx_SetNbDataToProcess  stm32h7xx_hal_uart_ex.o
    0x080066b4   0x080066b4   0x000000c8   Code   RO         5212    i.UART_AdvFeatureConfig  stm32h7xx_hal_uart.o
    0x0800677c   0x0800677c   0x0000005e   Code   RO         5213    i.UART_CheckIdleState  stm32h7xx_hal_uart.o
    0x080067da   0x080067da   0x00000002   PAD
    0x080067dc   0x080067dc   0x000003b0   Code   RO         5230    i.UART_SetConfig    stm32h7xx_hal_uart.o
    0x08006b8c   0x08006b8c   0x000000a4   Code   RO         5235    i.UART_WaitOnFlagUntilTimeout  stm32h7xx_hal_uart.o
    0x08006c30   0x08006c30   0x00000010   Code   RO         6170    i.USBD_ClrClassConfig  usbd_core.o
    0x08006c40   0x08006c40   0x00000010   Code   RO         6389    i.USBD_CtlContinueRx  usbd_ioreq.o
    0x08006c50   0x08006c50   0x00000010   Code   RO         6390    i.USBD_CtlContinueSendData  usbd_ioreq.o
    0x08006c60   0x08006c60   0x00000016   Code   RO         6313    i.USBD_CtlError     usbd_ctlreq.o
    0x08006c76   0x08006c76   0x00000016   Code   RO         6392    i.USBD_CtlReceiveStatus  usbd_ioreq.o
    0x08006c8c   0x08006c8c   0x0000001a   Code   RO         6393    i.USBD_CtlSendData  usbd_ioreq.o
    0x08006ca6   0x08006ca6   0x00000016   Code   RO         6394    i.USBD_CtlSendStatus  usbd_ioreq.o
    0x08006cbc   0x08006cbc   0x00000020   Code   RO          950    i.USBD_FS_ConfigStrDescriptor  usbd_desc.o
    0x08006cdc   0x08006cdc   0x0000000c   Code   RO          951    i.USBD_FS_DeviceDescriptor  usbd_desc.o
    0x08006ce8   0x08006ce8   0x00000024   Code   RO          952    i.USBD_FS_InterfaceStrDescriptor  usbd_desc.o
    0x08006d0c   0x08006d0c   0x0000000c   Code   RO          953    i.USBD_FS_LangIDStrDescriptor  usbd_desc.o
    0x08006d18   0x08006d18   0x00000028   Code   RO          954    i.USBD_FS_ManufacturerStrDescriptor  usbd_desc.o
    0x08006d40   0x08006d40   0x00000028   Code   RO          955    i.USBD_FS_ProductStrDescriptor  usbd_desc.o
    0x08006d68   0x08006d68   0x0000003c   Code   RO          956    i.USBD_FS_SerialStrDescriptor  usbd_desc.o
    0x08006da4   0x08006da4   0x000000e6   Code   RO         6314    i.USBD_GetDescriptor  usbd_ctlreq.o
    0x08006e8a   0x08006e8a   0x0000004a   Code   RO         6315    i.USBD_GetString    usbd_ctlreq.o
    0x08006ed4   0x08006ed4   0x00000018   Code   RO         1113    i.USBD_Get_USB_Status  usbd_conf.o
    0x08006eec   0x08006eec   0x00000034   Code   RO         6172    i.USBD_Init         usbd_core.o
    0x08006f20   0x08006f20   0x00000012   Code   RO         1114    i.USBD_LL_ClearStallEP  usbd_conf.o
    0x08006f32   0x08006f32   0x00000012   Code   RO         1115    i.USBD_LL_CloseEP   usbd_conf.o
    0x08006f44   0x08006f44   0x000000aa   Code   RO         6173    i.USBD_LL_DataInStage  usbd_core.o
    0x08006fee   0x08006fee   0x0000006e   Code   RO         6174    i.USBD_LL_DataOutStage  usbd_core.o
    0x0800705c   0x0800705c   0x00000004   Code   RO         6175    i.USBD_LL_DevConnected  usbd_core.o
    0x08007060   0x08007060   0x0000001a   Code   RO         6176    i.USBD_LL_DevDisconnected  usbd_core.o
    0x0800707a   0x0800707a   0x00000012   Code   RO         1118    i.USBD_LL_FlushEP   usbd_conf.o
    0x0800708c   0x0800708c   0x00000008   Code   RO         1119    i.USBD_LL_GetRxDataSize  usbd_conf.o
    0x08007094   0x08007094   0x00000064   Code   RO         1120    i.USBD_LL_Init      usbd_conf.o
    0x080070f8   0x080070f8   0x00000020   Code   RO         1121    i.USBD_LL_IsStallEP  usbd_conf.o
    0x08007118   0x08007118   0x00000004   Code   RO         6177    i.USBD_LL_IsoINIncomplete  usbd_core.o
    0x0800711c   0x0800711c   0x00000004   Code   RO         6178    i.USBD_LL_IsoOUTIncomplete  usbd_core.o
    0x08007120   0x08007120   0x00000018   Code   RO         1122    i.USBD_LL_OpenEP    usbd_conf.o
    0x08007138   0x08007138   0x00000012   Code   RO         1123    i.USBD_LL_PrepareReceive  usbd_conf.o
    0x0800714a   0x0800714a   0x00000052   Code   RO         6179    i.USBD_LL_Reset     usbd_core.o
    0x0800719c   0x0800719c   0x00000014   Code   RO         6180    i.USBD_LL_Resume    usbd_core.o
    0x080071b0   0x080071b0   0x00000018   Code   RO         6181    i.USBD_LL_SOF       usbd_core.o
    0x080071c8   0x080071c8   0x00000006   Code   RO         6182    i.USBD_LL_SetSpeed  usbd_core.o
    0x080071ce   0x080071ce   0x00000012   Code   RO         1124    i.USBD_LL_SetUSBAddress  usbd_conf.o
    0x080071e0   0x080071e0   0x0000005c   Code   RO         6183    i.USBD_LL_SetupStage  usbd_core.o
    0x0800723c   0x0800723c   0x00000012   Code   RO         1125    i.USBD_LL_StallEP   usbd_conf.o
    0x0800724e   0x0800724e   0x00000012   Code   RO         1126    i.USBD_LL_Start     usbd_conf.o
    0x08007260   0x08007260   0x00000012   Code   RO         6184    i.USBD_LL_Suspend   usbd_core.o
    0x08007272   0x08007272   0x00000012   Code   RO         1128    i.USBD_LL_Transmit  usbd_conf.o
    0x08007284   0x08007284   0x0000000a   Code   RO         6453    i.USBD_MSC_DataIn   usbd_msc.o
    0x0800728e   0x0800728e   0x0000000a   Code   RO         6454    i.USBD_MSC_DataOut  usbd_msc.o
    0x08007298   0x08007298   0x00000032   Code   RO         6455    i.USBD_MSC_DeInit   usbd_msc.o
    0x080072ca   0x080072ca   0x00000002   PAD
    0x080072cc   0x080072cc   0x0000000c   Code   RO         6456    i.USBD_MSC_GetDeviceQualifierDescriptor  usbd_msc.o
    0x080072d8   0x080072d8   0x0000000c   Code   RO         6457    i.USBD_MSC_GetFSCfgDesc  usbd_msc.o
    0x080072e4   0x080072e4   0x0000000c   Code   RO         6458    i.USBD_MSC_GetHSCfgDesc  usbd_msc.o
    0x080072f0   0x080072f0   0x0000000c   Code   RO         6459    i.USBD_MSC_GetOtherSpeedCfgDesc  usbd_msc.o
    0x080072fc   0x080072fc   0x00000062   Code   RO         6460    i.USBD_MSC_Init     usbd_msc.o
    0x0800735e   0x0800735e   0x0000000e   Code   RO         6461    i.USBD_MSC_RegisterStorage  usbd_msc.o
    0x0800736c   0x0800736c   0x000000d0   Code   RO         6462    i.USBD_MSC_Setup    usbd_msc.o
    0x0800743c   0x0800743c   0x0000002a   Code   RO         6316    i.USBD_ParseSetupRequest  usbd_ctlreq.o
    0x08007466   0x08007466   0x00000022   Code   RO         6185    i.USBD_RegisterClass  usbd_core.o
    0x08007488   0x08007488   0x00000014   Code   RO         6187    i.USBD_SetClassConfig  usbd_core.o
    0x0800749c   0x0800749c   0x000000bc   Code   RO         6317    i.USBD_SetConfig    usbd_ctlreq.o
    0x08007558   0x08007558   0x00000004   Code   RO         6188    i.USBD_Start        usbd_core.o
    0x0800755c   0x0800755c   0x00000116   Code   RO         6318    i.USBD_StdDevReq    usbd_ctlreq.o
    0x08007672   0x08007672   0x0000014c   Code   RO         6319    i.USBD_StdEPReq     usbd_ctlreq.o
    0x080077be   0x080077be   0x00000054   Code   RO         6320    i.USBD_StdItfReq    usbd_ctlreq.o
    0x08007812   0x08007812   0x00000002   PAD
    0x08007814   0x08007814   0x00000080   Code   RO         1592    i.USB_ActivateEndpoint  stm32h7xx_ll_usb.o
    0x08007894   0x08007894   0x0000001c   Code   RO         1594    i.USB_ActivateSetup  stm32h7xx_ll_usb.o
    0x080078b0   0x080078b0   0x00000078   Code   RO         1596    i.USB_CoreInit      stm32h7xx_ll_usb.o
    0x08007928   0x08007928   0x00000038   Code   RO         1597    i.USB_CoreReset     stm32h7xx_ll_usb.o
    0x08007960   0x08007960   0x000000cc   Code   RO         1600    i.USB_DeactivateEndpoint  stm32h7xx_ll_usb.o
    0x08007a2c   0x08007a2c   0x00000018   Code   RO         1601    i.USB_DevConnect    stm32h7xx_ll_usb.o
    0x08007a44   0x08007a44   0x00000018   Code   RO         1602    i.USB_DevDisconnect  stm32h7xx_ll_usb.o
    0x08007a5c   0x08007a5c   0x00000178   Code   RO         1603    i.USB_DevInit       stm32h7xx_ll_usb.o
    0x08007bd4   0x08007bd4   0x0000000c   Code   RO         1604    i.USB_DisableGlobalInt  stm32h7xx_ll_usb.o
    0x08007be0   0x08007be0   0x0000011c   Code   RO         1607    i.USB_EP0StartXfer  stm32h7xx_ll_usb.o
    0x08007cfc   0x08007cfc   0x00000058   Code   RO         1608    i.USB_EP0_OutStart  stm32h7xx_ll_usb.o
    0x08007d54   0x08007d54   0x00000058   Code   RO         1609    i.USB_EPClearStall  stm32h7xx_ll_usb.o
    0x08007dac   0x08007dac   0x00000058   Code   RO         1610    i.USB_EPSetStall    stm32h7xx_ll_usb.o
    0x08007e04   0x08007e04   0x000001e8   Code   RO         1611    i.USB_EPStartXfer   stm32h7xx_ll_usb.o
    0x08007fec   0x08007fec   0x0000000c   Code   RO         1612    i.USB_EnableGlobalInt  stm32h7xx_ll_usb.o
    0x08007ff8   0x08007ff8   0x00000020   Code   RO         1613    i.USB_FlushRxFifo   stm32h7xx_ll_usb.o
    0x08008018   0x08008018   0x00000024   Code   RO         1614    i.USB_FlushTxFifo   stm32h7xx_ll_usb.o
    0x0800803c   0x0800803c   0x0000001a   Code   RO         1616    i.USB_GetDevSpeed   stm32h7xx_ll_usb.o
    0x08008056   0x08008056   0x00000008   Code   RO         1618    i.USB_GetMode       stm32h7xx_ll_usb.o
    0x0800805e   0x0800805e   0x0000000e   Code   RO         1625    i.USB_ReadDevAllInEpInterrupt  stm32h7xx_ll_usb.o
    0x0800806c   0x0800806c   0x0000000e   Code   RO         1626    i.USB_ReadDevAllOutEpInterrupt  stm32h7xx_ll_usb.o
    0x0800807a   0x0800807a   0x00000024   Code   RO         1627    i.USB_ReadDevInEPInterrupt  stm32h7xx_ll_usb.o
    0x0800809e   0x0800809e   0x00000010   Code   RO         1628    i.USB_ReadDevOutEPInterrupt  stm32h7xx_ll_usb.o
    0x080080ae   0x080080ae   0x00000008   Code   RO         1629    i.USB_ReadInterrupts  stm32h7xx_ll_usb.o
    0x080080b6   0x080080b6   0x0000001c   Code   RO         1630    i.USB_ReadPacket    stm32h7xx_ll_usb.o
    0x080080d2   0x080080d2   0x0000002e   Code   RO         1632    i.USB_SetCurrentMode  stm32h7xx_ll_usb.o
    0x08008100   0x08008100   0x00000022   Code   RO         1633    i.USB_SetDevAddress  stm32h7xx_ll_usb.o
    0x08008122   0x08008122   0x00000002   PAD
    0x08008124   0x08008124   0x000000e8   Code   RO         1635    i.USB_SetTurnaroundTime  stm32h7xx_ll_usb.o
    0x0800820c   0x0800820c   0x00000024   Code   RO         1638    i.USB_WritePacket   stm32h7xx_ll_usb.o
    0x08008230   0x08008230   0x00000002   Code   RO          518    i.UsageFault_Handler  stm32h7xx_it.o
    0x08008232   0x08008232   0x00000002   PAD
    0x08008234   0x08008234   0x00000020   Code   RO         7173    i.__0printf         mc_w.l(printfa.o)
    0x08008254   0x08008254   0x00000022   Code   RO         3237    i.__NVIC_SetPriority  stm32h7xx_hal_cortex.o
    0x08008276   0x08008276   0x0000000e   Code   RO         7273    i.__scatterload_copy  mc_w.l(handlers.o)
    0x08008284   0x08008284   0x00000002   Code   RO         7274    i.__scatterload_null  mc_w.l(handlers.o)
    0x08008286   0x08008286   0x0000000e   Code   RO         7275    i.__scatterload_zeroinit  mc_w.l(handlers.o)
    0x08008294   0x08008294   0x00000184   Code   RO         7180    i._fp_digits        mc_w.l(printfa.o)
    0x08008418   0x08008418   0x000006b4   Code   RO         7181    i._printf_core      mc_w.l(printfa.o)
    0x08008acc   0x08008acc   0x00000024   Code   RO         7182    i._printf_post_padding  mc_w.l(printfa.o)
    0x08008af0   0x08008af0   0x0000002e   Code   RO         7183    i._printf_pre_padding  mc_w.l(printfa.o)
    0x08008b1e   0x08008b1e   0x00000002   PAD
    0x08008b20   0x08008b20   0x00000070   Code   RO         5764    i.check_fs          ff.o
    0x08008b90   0x08008b90   0x0000005c   Code   RO         5765    i.chk_lock          ff.o
    0x08008bec   0x08008bec   0x00000020   Code   RO         5766    i.clear_lock        ff.o
    0x08008c0c   0x08008c0c   0x00000024   Code   RO         5767    i.clmt_clust        ff.o
    0x08008c30   0x08008c30   0x00000018   Code   RO         5768    i.clust2sect        ff.o
    0x08008c48   0x08008c48   0x000000a6   Code   RO         5769    i.create_chain      ff.o
    0x08008cee   0x08008cee   0x00000002   PAD
    0x08008cf0   0x08008cf0   0x000000bc   Code   RO         5770    i.create_name       ff.o
    0x08008dac   0x08008dac   0x00000034   Code   RO         5771    i.dec_lock          ff.o
    0x08008de0   0x08008de0   0x00000066   Code   RO         5772    i.dir_find          ff.o
    0x08008e46   0x08008e46   0x00000002   PAD
    0x08008e48   0x08008e48   0x000000f4   Code   RO         5773    i.dir_next          ff.o
    0x08008f3c   0x08008f3c   0x00000066   Code   RO         5775    i.dir_register      ff.o
    0x08008fa2   0x08008fa2   0x00000082   Code   RO         5777    i.dir_sdi           ff.o
    0x08009024   0x08009024   0x00000028   Code   RO         5709    i.disk_initialize   diskio.o
    0x0800904c   0x0800904c   0x00000018   Code   RO         5710    i.disk_ioctl        diskio.o
    0x08009064   0x08009064   0x0000001c   Code   RO         5711    i.disk_read         diskio.o
    0x08009080   0x08009080   0x00000014   Code   RO         5712    i.disk_status       diskio.o
    0x08009094   0x08009094   0x0000001c   Code   RO         5713    i.disk_write        diskio.o
    0x080090b0   0x080090b0   0x00000028   Code   RO         5778    i.f_close           ff.o
    0x080090d8   0x080090d8   0x00000150   Code   RO         5783    i.f_mkdir           ff.o
    0x08009228   0x08009228   0x00000058   Code   RO         5785    i.f_mount           ff.o
    0x08009280   0x08009280   0x00000210   Code   RO         5786    i.f_open            ff.o
    0x08009490   0x08009490   0x00000154   Code   RO         5791    i.f_read            ff.o
    0x080095e4   0x080095e4   0x0000008e   Code   RO         5795    i.f_sync            ff.o
    0x08009672   0x08009672   0x00000002   PAD
    0x08009674   0x08009674   0x00000258   Code   RO         5799    i.find_volume       ff.o
    0x080098cc   0x080098cc   0x00000074   Code   RO         5800    i.follow_path       ff.o
    0x08009940   0x08009940   0x00000018   Code   RO          460    i.fputc             usart.o
    0x08009958   0x08009958   0x00000050   Code   RO         7201    i.free              mc_w.l(malloc.o)
    0x080099a8   0x080099a8   0x000000be   Code   RO         5801    i.get_fat           ff.o
    0x08009a66   0x08009a66   0x00000004   Code   RO          837    i.get_fattime       fatfs.o
    0x08009a6a   0x08009a6a   0x0000003c   Code   RO         5803    i.get_ldnumber      ff.o
    0x08009aa6   0x08009aa6   0x00000002   PAD
    0x08009aa8   0x08009aa8   0x00000080   Code   RO         5804    i.inc_lock          ff.o
    0x08009b28   0x08009b28   0x00000026   Code   RO         5805    i.ld_clust          ff.o
    0x08009b4e   0x08009b4e   0x00000016   Code   RO         5806    i.ld_dword          ff.o
    0x08009b64   0x08009b64   0x0000000a   Code   RO         5807    i.ld_word           ff.o
    0x08009b6e   0x08009b6e   0x00000002   PAD
    0x08009b70   0x08009b70   0x000001d0   Code   RO            8    i.main              main.o
    0x08009d40   0x08009d40   0x0000006c   Code   RO         7202    i.malloc            mc_w.l(malloc.o)
    0x08009dac   0x08009dac   0x00000012   Code   RO         5808    i.mem_cpy           ff.o
    0x08009dbe   0x08009dbe   0x00000002   PAD
    0x08009dc0   0x08009dc0   0x0000000e   Code   RO         5809    i.mem_set           ff.o
    0x08009dce   0x08009dce   0x00000032   Code   RO         5810    i.move_window       ff.o
    0x08009e00   0x08009e00   0x000000f0   Code   RO         5811    i.put_fat           ff.o
    0x08009ef0   0x08009ef0   0x0000007c   Code   RO         6881    i.read_bin          bootloader.o
    0x08009f6c   0x08009f6c   0x00000074   Code   RO         5814    i.remove_chain      ff.o
    0x08009fe0   0x08009fe0   0x00000028   Code   RO         5815    i.st_clust          ff.o
    0x0800a008   0x0800a008   0x00000010   Code   RO         5816    i.st_dword          ff.o
    0x0800a018   0x0800a018   0x00000008   Code   RO         5817    i.st_word           ff.o
    0x0800a020   0x0800a020   0x00000088   Code   RO         5818    i.sync_fs           ff.o
    0x0800a0a8   0x0800a0a8   0x00000052   Code   RO         5819    i.sync_window       ff.o
    0x0800a0fa   0x0800a0fa   0x00000034   Code   RO         5820    i.validate          ff.o
    0x0800a12e   0x0800a12e   0x00000002   PAD
    0x0800a130   0x0800a130   0x00000014   Data   RO          742    .constdata          sd_diskio.o
    0x0800a144   0x0800a144   0x00000024   Data   RO         1042    .constdata          usbd_storage_if.o
    0x0800a168   0x0800a168   0x00000018   Data   RO         5236    .constdata          stm32h7xx_hal_uart.o
    0x0800a180   0x0800a180   0x00000010   Data   RO         5674    .constdata          system_stm32h7xx.o
    0x0800a190   0x0800a190   0x0000009c   Data   RO         5822    .constdata          ff.o
    0x0800a22c   0x0800a22c   0x00000020   Data   RO         7271    Region$$Table       anon$$obj.o


    Execution Region RW_IRAM1 (Exec base: 0x20000000, Load base: 0x0800a24c, Size: 0x00000000, Max: 0x00020000, ABSOLUTE)

    **** No section assigned to this execution region ****


    Execution Region RW_IRAM2 (Exec base: 0x24000000, Load base: 0x0800a24c, Size: 0x0004bab0, Max: 0x00080000, ABSOLUTE, COMPRESSED[0x000000c0])

    Exec Addr    Load Addr    Size         Type   Attr      Idx    E Section Name        Object

    0x24000000   COMPRESSED   0x00000004   Data   RW            9    .data               main.o
    0x24000004   COMPRESSED   0x00000001   Data   RW          743    .data               sd_diskio.o
    0x24000005   COMPRESSED   0x00000006   Data   RW          839    .data               fatfs.o
    0x2400000b   COMPRESSED   0x00000001   PAD
    0x2400000c   COMPRESSED   0x0000001c   Data   RW          958    .data               usbd_desc.o
    0x24000028   COMPRESSED   0x00000032   Data   RW          959    .data               usbd_desc.o
    0x2400005a   COMPRESSED   0x00000002   PAD
    0x2400005c   COMPRESSED   0x00000020   Data   RW         1043    .data               usbd_storage_if.o
    0x2400007c   COMPRESSED   0x0000000c   Data   RW         3411    .data               stm32h7xx_hal.o
    0x24000088   COMPRESSED   0x00000008   Data   RW         5675    .data               system_stm32h7xx.o
    0x24000090   COMPRESSED   0x00000008   Data   RW         5823    .data               ff.o
    0x24000098   COMPRESSED   0x00000001   Data   RW         6321    .data               usbd_ctlreq.o
    0x24000099   COMPRESSED   0x00000003   PAD
    0x2400009c   COMPRESSED   0x00000038   Data   RW         6463    .data               usbd_msc.o
    0x240000d4   COMPRESSED   0x0000006a   Data   RW         6464    .data               usbd_msc.o
    0x2400013e   COMPRESSED   0x00000006   Data   RW         6616    .data               usbd_msc_data.o
    0x24000144   COMPRESSED   0x00000008   Data   RW         6617    .data               usbd_msc_data.o
    0x2400014c   COMPRESSED   0x00000017   Data   RW         6618    .data               usbd_msc_data.o
    0x24000163   COMPRESSED   0x0000001b   Data   RW         6619    .data               usbd_msc_data.o
    0x2400017e   COMPRESSED   0x00000002   PAD
    0x24000180   COMPRESSED   0x00000004   Data   RW         6887    .data               bootloader.o
    0x24000184   COMPRESSED   0x00000004   Data   RW         7245    .data               mc_w.l(stdout.o)
    0x24000188   COMPRESSED   0x00000004   Data   RW         7252    .data               mc_w.l(mvars.o)
    0x2400018c   COMPRESSED   0x00000004   Data   RW         7253    .data               mc_w.l(mvars.o)
    0x24000190        -       0x00000080   Zero   RW          418    .bss                sdmmc.o
    0x24000210        -       0x0000008c   Zero   RW          461    .bss                usart.o
    0x2400029c        -       0x00000460   Zero   RW          838    .bss                fatfs.o
    0x240006fc        -       0x000002d0   Zero   RW          883    .bss                usb_device.o
    0x240009cc        -       0x00000200   Zero   RW          957    .bss                usbd_desc.o
    0x24000bcc        -       0x00000408   Zero   RW         1129    .bss                usbd_conf.o
    0x24000fd4        -       0x00000020   Zero   RW         5821    .bss                ff.o
    0x24000ff4        -       0x0000000c   Zero   RW         6100    .bss                ff_gen_drv.o
    0x24001000        -       0x0001004c   Zero   RW         6766    .bss                qspi_w25q64.o
    0x2401104c        -       0x00032460   Zero   RW         6882    .bss                bootloader.o
    0x240434ac   COMPRESSED   0x00000004   PAD
    0x240434b0        -       0x00004200   Zero   RW         5663    HEAP                startup_stm32h750xx.o
    0x240476b0        -       0x00004400   Zero   RW         5662    STACK               startup_stm32h750xx.o


==============================================================================

Image component sizes


      Code (inc. data)   RO Data    RW Data    ZI Data      Debug   Object Name

       124         40          0          4     205920       1974   bootloader.o
       174         26          0          0          0       4157   bsp_driver_sd.o
       140         26          0          0          0       3817   diskio.o
        32         10          0          6       1120       2241   fatfs.o
        20          4          0          0          0        561   fatfs_platform.o
      4690         82        156          8         32      39714   ff.o
        70          6          0          0         12       1663   ff_gen_drv.o
       200         16          0          0          0    1275768   gpio.o
       872        132          0          4          0    1226294   main.o
      1034         68          0          0      65612       8557   qspi_w25q64.o
       232         14         20          1          0       9004   sd_diskio.o
       176         28          0          0        128       1800   sdmmc.o
        36          8        664          0      34304        800   startup_stm32h750xx.o
       232         44          0         12          0      23392   stm32h7xx_hal.o
       232         12          0          0          0      39645   stm32h7xx_hal_cortex.o
       962         94          0          0          0       4906   stm32h7xx_hal_gpio.o
        28          6          0          0          0        922   stm32h7xx_hal_msp.o
      2438         16          0          0          0      13728   stm32h7xx_hal_pcd.o
       120          6          0          0          0       3275   stm32h7xx_hal_pcd_ex.o
       100         10          0          0          0       1350   stm32h7xx_hal_pwr_ex.o
      1346         10          0          0          0       8175   stm32h7xx_hal_qspi.o
      2344        108          0          0          0       7088   stm32h7xx_hal_rcc.o
      4294        170          0          0          0      10379   stm32h7xx_hal_rcc_ex.o
      3268         56          0          0          0      16139   stm32h7xx_hal_sd.o
      1698        108         24          0          0      25746   stm32h7xx_hal_uart.o
       316         18          0          0          0       3785   stm32h7xx_hal_uart_ex.o
        32          6          0          0          0       4582   stm32h7xx_it.o
      1826         72          0          0          0      24579   stm32h7xx_ll_sdmmc.o
      2586        130          0          0          0      22767   stm32h7xx_ll_usb.o
       228         40         16          8          0       1522   system_stm32h7xx.o
       232         28          0          0        140       3650   usart.o
        84         18          0          0        720      10543   usb_device.o
       700         40          0          0       1032      16942   usbd_conf.o
       686          0          0          0          0      12425   usbd_core.o
      1260         28          0          1          0      14148   usbd_ctlreq.o
       288        102          0         78        512       6269   usbd_desc.o
       102          0          0          0          0       3916   usbd_ioreq.o
       438         16          0        162          0       9430   usbd_msc.o
       638         12          0          0          0       7561   usbd_msc_bot.o
         0          0          0         64          0       1045   usbd_msc_data.o
      2198         18          0          0          0      16615   usbd_msc_scsi.o
       100         18         36         32          0       4748   usbd_storage_if.o

    ----------------------------------------------------------------------
     36638       1646        948        388     309536    2895622   Object Totals
         0          0         32          0          0          0   (incl. Generated)
        62          0          0          8          4          0   (incl. Padding)

    ----------------------------------------------------------------------

      Code (inc. data)   RO Data    RW Data    ZI Data      Debug   Library Member Name

        86          0          0          0          0          0   __dczerorl2.o
         0          0          0          0          0          0   entry.o
         0          0          0          0          0          0   entry10a.o
         0          0          0          0          0          0   entry11a.o
         4          0          0          0          0          0   entry12b.o
         8          4          0          0          0          0   entry2.o
         4          0          0          0          0          0   entry5.o
         0          0          0          0          0          0   entry7b.o
         0          0          0          0          0          0   entry8b.o
         8          4          0          0          0          0   entry9a.o
        30          0          0          0          0          0   handlers.o
        36          8          0          0          0         68   init.o
         0          0          0          0          0          0   iusefp.o
        30          0          0          0          0         68   llshl.o
        36          0          0          0          0         68   llsshr.o
        32          0          0          0          0         68   llushr.o
       188         20          0          0          0        160   malloc.o
        36          0          0          0          0         68   memcpya.o
        36          0          0          0          0        108   memseta.o
         0          0          0          8          0          0   mvars.o
      2218         90          0          0          0        464   printfa.o
         0          0          0          4          0          0   stdout.o
        44          0          0          0          0         80   uidiv.o
        98          0          0          0          0         92   uldiv.o
        48          0          0          0          0         68   cdrcmple.o
       334          0          0          0          0        148   dadd.o
       222          0          0          0          0        100   ddiv.o
       186          0          0          0          0        176   depilogue.o
        48          0          0          0          0         68   dfixul.o
       228          0          0          0          0         96   dmul.o

    ----------------------------------------------------------------------
      3962        126          0         12          0       1900   Library Totals
         2          0          0          0          0          0   (incl. Padding)

    ----------------------------------------------------------------------

      Code (inc. data)   RO Data    RW Data    ZI Data      Debug   Library Name

      2894        126          0         12          0       1244   mc_w.l
      1066          0          0          0          0        656   mf_w.l

    ----------------------------------------------------------------------
      3962        126          0         12          0       1900   Library Totals

    ----------------------------------------------------------------------

==============================================================================


      Code (inc. data)   RO Data    RW Data    ZI Data      Debug   

     40600       1772        948        400     309536    2863618   Grand Totals
     40600       1772        948        192     309536    2863618   ELF Image Totals (compressed)
     40600       1772        948        192          0          0   ROM Totals

==============================================================================

    Total RO  Size (Code + RO Data)                41548 (  40.57kB)
    Total RW  Size (RW Data + ZI Data)            309936 ( 302.67kB)
    Total ROM Size (Code + RO Data + RW Data)      41740 (  40.76kB)

==============================================================================

