Component: ARM Compiler 5.06 update 7 (build 960) Tool: armlink [4d3601]

==============================================================================

Section Cross References

    main.o(i.SystemClock_Config) refers to memseta.o(.text) for __aeabi_memclr4
    main.o(i.SystemClock_Config) refers to stm32h7xx_hal_pwr_ex.o(i.HAL_PWREx_ConfigSupply) for HAL_PWREx_ConfigSupply
    main.o(i.SystemClock_Config) refers to stm32h7xx_hal_rcc.o(i.HAL_RCC_OscConfig) for HAL_RCC_OscConfig
    main.o(i.SystemClock_Config) refers to stm32h7xx_hal_rcc.o(i.HAL_RCC_ClockConfig) for HAL_RCC_ClockConfig
    main.o(i.SystemClock_Config) refers to stm32h7xx_hal_rcc_ex.o(i.HAL_RCCEx_PeriphCLKConfig) for HAL_RCCEx_PeriphCLKConfig
    main.o(i.SystemClock_Config) refers to stm32h7xx_hal_pwr_ex.o(i.HAL_PWREx_EnableUSBVoltageDetector) for HAL_PWREx_EnableUSBVoltageDetector
    main.o(i.main) refers to stm32h7xx_hal.o(i.HAL_Init) for HAL_Init
    main.o(i.main) refers to main.o(i.SystemClock_Config) for SystemClock_Config
    main.o(i.main) refers to gpio.o(i.MX_GPIO_Init) for MX_GPIO_Init
    main.o(i.main) refers to sdmmc.o(i.MX_SDMMC1_SD_Init) for MX_SDMMC1_SD_Init
    main.o(i.main) refers to fatfs.o(i.MX_FATFS_Init) for MX_FATFS_Init
    main.o(i.main) refers to usart.o(i.MX_USART1_UART_Init) for MX_USART1_UART_Init
    main.o(i.main) refers to qspi_w25q64.o(i.QSPI_W25Qxx_Init) for QSPI_W25Qxx_Init
    main.o(i.main) refers to stm32h7xx_hal.o(i.HAL_Delay) for HAL_Delay
    main.o(i.main) refers to ff.o(i.f_mount) for f_mount
    main.o(i.main) refers to ff.o(i.f_open) for f_open
    main.o(i.main) refers to ff.o(i.f_close) for f_close
    main.o(i.main) refers to usb_device.o(i.MX_USB_DEVICE_Init) for MX_USB_DEVICE_Init
    main.o(i.main) refers to printfa.o(i.__0printf) for __2printf
    main.o(i.main) refers to stm32h7xx_hal_gpio.o(i.HAL_GPIO_TogglePin) for HAL_GPIO_TogglePin
    main.o(i.main) refers to stm32h7xx_hal_gpio.o(i.HAL_GPIO_ReadPin) for HAL_GPIO_ReadPin
    main.o(i.main) refers to bootloader.o(i.read_bin) for read_bin
    main.o(i.main) refers to usbd_conf.o(i.HAL_PCD_MspDeInit) for HAL_PCD_MspDeInit
    main.o(i.main) refers to sdmmc.o(i.HAL_SD_MspDeInit) for HAL_SD_MspDeInit
    main.o(i.main) refers to ff_gen_drv.o(i.FATFS_UnLinkDriver) for FATFS_UnLinkDriver
    main.o(i.main) refers to main.o(i.SCB_DisableICache) for SCB_DisableICache
    main.o(i.main) refers to main.o(i.SCB_DisableDCache) for SCB_DisableDCache
    main.o(i.main) refers to fatfs.o(.bss) for SDFatFS
    main.o(i.main) refers to main.o(.bss) for .bss
    main.o(i.main) refers to bootloader.o(.data) for crc_temp_old
    main.o(i.main) refers to main.o(.data) for .data
    main.o(i.main) refers to usbd_conf.o(.bss) for hpcd_USB_OTG_FS
    main.o(i.main) refers to sdmmc.o(.bss) for hsd1
    gpio.o(i.MX_GPIO_Init) refers to memseta.o(.text) for __aeabi_memclr4
    gpio.o(i.MX_GPIO_Init) refers to stm32h7xx_hal_gpio.o(i.HAL_GPIO_WritePin) for HAL_GPIO_WritePin
    gpio.o(i.MX_GPIO_Init) refers to stm32h7xx_hal_gpio.o(i.HAL_GPIO_Init) for HAL_GPIO_Init
    sdmmc.o(i.HAL_SD_MspDeInit) refers to stm32h7xx_hal_gpio.o(i.HAL_GPIO_DeInit) for HAL_GPIO_DeInit
    sdmmc.o(i.HAL_SD_MspInit) refers to memseta.o(.text) for __aeabi_memclr4
    sdmmc.o(i.HAL_SD_MspInit) refers to stm32h7xx_hal_gpio.o(i.HAL_GPIO_Init) for HAL_GPIO_Init
    sdmmc.o(i.MX_SDMMC1_SD_Init) refers to sdmmc.o(.bss) for .bss
    usart.o(i.HAL_UART_MspDeInit) refers to stm32h7xx_hal_gpio.o(i.HAL_GPIO_DeInit) for HAL_GPIO_DeInit
    usart.o(i.HAL_UART_MspInit) refers to memseta.o(.text) for __aeabi_memclr4
    usart.o(i.HAL_UART_MspInit) refers to stm32h7xx_hal_gpio.o(i.HAL_GPIO_Init) for HAL_GPIO_Init
    usart.o(i.MX_USART1_UART_Init) refers to stm32h7xx_hal_uart.o(i.HAL_UART_Init) for HAL_UART_Init
    usart.o(i.MX_USART1_UART_Init) refers to main.o(i.Error_Handler) for Error_Handler
    usart.o(i.MX_USART1_UART_Init) refers to stm32h7xx_hal_uart_ex.o(i.HAL_UARTEx_SetTxFifoThreshold) for HAL_UARTEx_SetTxFifoThreshold
    usart.o(i.MX_USART1_UART_Init) refers to stm32h7xx_hal_uart_ex.o(i.HAL_UARTEx_SetRxFifoThreshold) for HAL_UARTEx_SetRxFifoThreshold
    usart.o(i.MX_USART1_UART_Init) refers to stm32h7xx_hal_uart_ex.o(i.HAL_UARTEx_DisableFifoMode) for HAL_UARTEx_DisableFifoMode
    usart.o(i.MX_USART1_UART_Init) refers to usart.o(.bss) for .bss
    usart.o(i.fputc) refers to stm32h7xx_hal_uart.o(i.HAL_UART_Transmit) for HAL_UART_Transmit
    usart.o(i.fputc) refers to usart.o(.bss) for .bss
    stm32h7xx_it.o(i.OTG_FS_IRQHandler) refers to stm32h7xx_hal_pcd.o(i.HAL_PCD_IRQHandler) for HAL_PCD_IRQHandler
    stm32h7xx_it.o(i.OTG_FS_IRQHandler) refers to usbd_conf.o(.bss) for hpcd_USB_OTG_FS
    stm32h7xx_it.o(i.SysTick_Handler) refers to stm32h7xx_hal.o(i.HAL_IncTick) for HAL_IncTick
    bsp_driver_sd.o(i.BSP_SD_Erase) refers to stm32h7xx_hal_sd.o(i.HAL_SD_Erase) for HAL_SD_Erase
[...]
    _ll_sshift_r                             0x0800077d   Thumb Code     0  llsshr.o(.text)
    _double_round                            0x080007a1   Thumb Code    30  depilogue.o(.text)
    _double_epilogue                         0x080007bf   Thumb Code   156  depilogue.o(.text)
    __decompress                             0x0800085b   Thumb Code     0  __dczerorl2.o(.text)
    __decompress1                            0x0800085b   Thumb Code    86  __dczerorl2.o(.text)
    BSP_PlatformIsDetected                   0x080008b1   Thumb Code    16  fatfs_platform.o(i.BSP_PlatformIsDetected)
    BSP_SD_GetCardInfo                       0x080008c5   Thumb Code     8  bsp_driver_sd.o(i.BSP_SD_GetCardInfo)
    BSP_SD_GetCardState                      0x080008d1   Thumb Code    20  bsp_driver_sd.o(i.BSP_SD_GetCardState)
    BSP_SD_Init                              0x080008e9   Thumb Code    42  bsp_driver_sd.o(i.BSP_SD_Init)
    BSP_SD_IsDetected                        0x08000919   Thumb Code    26  bsp_driver_sd.o(i.BSP_SD_IsDetected)
    BSP_SD_ReadBlocks                        0x08000935   Thumb Code    26  bsp_driver_sd.o(i.BSP_SD_ReadBlocks)
    BSP_SD_WriteBlocks                       0x08000955   Thumb Code    26  bsp_driver_sd.o(i.BSP_SD_WriteBlocks)
    BusFault_Handler                         0x08000975   Thumb Code     2  stm32h7xx_it.o(i.BusFault_Handler)
    DebugMon_Handler                         0x08000977   Thumb Code     2  stm32h7xx_it.o(i.DebugMon_Handler)
    Error_Handler                            0x08000979   Thumb Code     4  main.o(i.Error_Handler)
    FATFS_LinkDriver                         0x0800097d   Thumb Code     6  ff_gen_drv.o(i.FATFS_LinkDriver)
    FATFS_LinkDriverEx                       0x08000985   Thumb Code    58  ff_gen_drv.o(i.FATFS_LinkDriverEx)
    FATFS_UnLinkDriver                       0x080009c5   Thumb Code     6  ff_gen_drv.o(i.FATFS_UnLinkDriver)
    FATFS_UnLinkDriverEx                     0x080009cd   Thumb Code    46  ff_gen_drv.o(i.FATFS_UnLinkDriverEx)
    HAL_Delay                                0x08000a01   Thumb Code    32  stm32h7xx_hal.o(i.HAL_Delay)
    HAL_GPIO_DeInit                          0x08000a25   Thumb Code   324  stm32h7xx_hal_gpio.o(i.HAL_GPIO_DeInit)
    HAL_GPIO_Init                            0x08000b95   Thumb Code   510  stm32h7xx_hal_gpio.o(i.HAL_GPIO_Init)
    HAL_GPIO_ReadPin                         0x08000dc5   Thumb Code    10  stm32h7xx_hal_gpio.o(i.HAL_GPIO_ReadPin)
    HAL_GPIO_TogglePin                       0x08000dcf   Thumb Code    14  stm32h7xx_hal_gpio.o(i.HAL_GPIO_TogglePin)
    HAL_GPIO_WritePin                        0x08000ddd   Thumb Code    10  stm32h7xx_hal_gpio.o(i.HAL_GPIO_WritePin)
    HAL_GetREVID                             0x08000de9   Thumb Code     8  stm32h7xx_hal.o(i.HAL_GetREVID)
    HAL_GetTick                              0x08000df5   Thumb Code     6  stm32h7xx_hal.o(i.HAL_GetTick)
    HAL_IncTick                              0x08000e01   Thumb Code    12  stm32h7xx_hal.o(i.HAL_IncTick)
    HAL_Init                                 0x08000e11   Thumb Code    74  stm32h7xx_hal.o(i.HAL_Init)
    HAL_InitTick                             0x08000e6d   Thumb Code    56  stm32h7xx_hal.o(i.HAL_InitTick)
    HAL_MspInit                              0x08000ead   Thumb Code    22  stm32h7xx_hal_msp.o(i.HAL_MspInit)
    HAL_NVIC_DisableIRQ                      0x08000ec9   Thumb Code    34  stm32h7xx_hal_cortex.o(i.HAL_NVIC_DisableIRQ)
    HAL_NVIC_EnableIRQ                       0x08000eeb   Thumb Code    26  stm32h7xx_hal_cortex.o(i.HAL_NVIC_EnableIRQ)
    HAL_NVIC_SetPriority                     0x08000f05   Thumb Code    60  stm32h7xx_hal_cortex.o(i.HAL_NVIC_SetPriority)
    HAL_NVIC_SetPriorityGrouping             0x08000f45   Thumb Code    28  stm32h7xx_hal_cortex.o(i.HAL_NVIC_SetPriorityGrouping)
    HAL_PCDEx_ActivateLPM                    0x08000f69   Thumb Code    34  stm32h7xx_hal_pcd_ex.o(i.HAL_PCDEx_ActivateLPM)
    HAL_PCDEx_LPM_Callback                   0x08000f91   Thumb Code     2  stm32h7xx_hal_pcd_ex.o(i.HAL_PCDEx_LPM_Callback)
    HAL_PCDEx_SetRxFiFo                      0x08000f93   Thumb Code     8  stm32h7xx_hal_pcd_ex.o(i.HAL_PCDEx_SetRxFiFo)
    HAL_PCDEx_SetTxFiFo                      0x08000f9b   Thumb Code    70  stm32h7xx_hal_pcd_ex.o(i.HAL_PCDEx_SetTxFiFo)
    HAL_PCD_ConnectCallback                  0x08000fe1   Thumb Code     8  usbd_conf.o(i.HAL_PCD_ConnectCallback)
    HAL_PCD_DataInStageCallback              0x08000fe9   Thumb Code    18  usbd_conf.o(i.HAL_PCD_DataInStageCallback)
    HAL_PCD_DataOutStageCallback             0x08000ffb   Thumb Code    20  usbd_conf.o(i.HAL_PCD_DataOutStageCallback)
    HAL_PCD_DisconnectCallback               0x0800100f   Thumb Code     8  usbd_conf.o(i.HAL_PCD_DisconnectCallback)
    HAL_PCD_EP_Close                         0x08001017   Thumb Code    76  stm32h7xx_hal_pcd.o(i.HAL_PCD_EP_Close)
    HAL_PCD_EP_ClrStall                      0x08001063   Thumb Code    92  stm32h7xx_hal_pcd.o(i.HAL_PCD_EP_ClrStall)
    HAL_PCD_EP_Flush                         0x080010bf   Thumb Code    50  stm32h7xx_hal_pcd.o(i.HAL_PCD_EP_Flush)
    HAL_PCD_EP_GetRxCount                    0x080010f1   Thumb Code    18  stm32h7xx_hal_pcd.o(i.HAL_PCD_EP_GetRxCount)
    HAL_PCD_EP_Open                          0x08001103   Thumb Code    96  stm32h7xx_hal_pcd.o(i.HAL_PCD_EP_Open)
    HAL_PCD_EP_Receive                       0x08001163   Thumb Code    68  stm32h7xx_hal_pcd.o(i.HAL_PCD_EP_Receive)
    HAL_PCD_EP_SetStall                      0x080011a7   Thumb Code   116  stm32h7xx_hal_pcd.o(i.HAL_PCD_EP_SetStall)
    HAL_PCD_EP_Transmit                      0x0800121b   Thumb Code    68  stm32h7xx_hal_pcd.o(i.HAL_PCD_EP_Transmit)
    HAL_PCD_IRQHandler                       0x08001261   Thumb Code  1134  stm32h7xx_hal_pcd.o(i.HAL_PCD_IRQHandler)
    HAL_PCD_ISOINIncompleteCallback          0x080016d5   Thumb Code     8  usbd_conf.o(i.HAL_PCD_ISOINIncompleteCallback)
    HAL_PCD_ISOOUTIncompleteCallback         0x080016dd   Thumb Code     8  usbd_conf.o(i.HAL_PCD_ISOOUTIncompleteCallback)
    HAL_PCD_Init                             0x080016e5   Thumb Code   242  stm32h7xx_hal_pcd.o(i.HAL_PCD_Init)
    HAL_PCD_MspDeInit                        0x080017d9   Thumb Code    42  usbd_conf.o(i.HAL_PCD_MspDeInit)
    HAL_PCD_MspInit                          0x08001811   Thumb Code   108  usbd_conf.o(i.HAL_PCD_MspInit)
    HAL_PCD_ResetCallback                    0x08001889   Thumb Code    44  usbd_conf.o(i.HAL_PCD_ResetCallback)
    HAL_PCD_ResumeCallback                   0x080018b5   Thumb Code     8  usbd_conf.o(i.HAL_PCD_ResumeCallback)
    HAL_PCD_SOFCallback                      0x080018bd   Thumb Code     8  usbd_conf.o(i.HAL_PCD_SOFCallback)
    HAL_PCD_SetAddress                       0x080018c5   Thumb Code    40  stm32h7xx_hal_pcd.o(i.HAL_PCD_SetAddress)
    HAL_PCD_SetupStageCallback               0x080018ed   Thumb Code    14  usbd_conf.o(i.HAL_PCD_SetupStageCallback)
    HAL_PCD_Start                            0x080018fb   Thumb Code    66  stm32h7xx_hal_pcd.o(i.HAL_PCD_Start)
    HAL_PCD_SuspendCallback                  0x0800193d   Thumb Code    44  usbd_conf.o(i.HAL_PCD_SuspendCallback)
    HAL_PWREx_ConfigSupply                   0x0800196d   Thumb Code    78  stm32h7xx_hal_pwr_ex.o(i.HAL_PWREx_ConfigSupply)
    HAL_PWREx_EnableUSBVoltageDetector       0x080019c1   Thumb Code    12  stm32h7xx_hal_pwr_ex.o(i.HAL_PWREx_EnableUSBVoltageDetector)
    HAL_QSPI_AutoPolling                     0x080019d1   Thumb Code   172  stm32h7xx_hal_qspi.o(i.HAL_QSPI_AutoPolling)
    HAL_QSPI_Command                         0x08001a7d   Thumb Code   134  stm32h7xx_hal_qspi.o(i.HAL_QSPI_Command)
    HAL_QSPI_Init                            0x08001b05   Thumb Code   162  stm32h7xx_hal_qspi.o(i.HAL_QSPI_Init)
    HAL_QSPI_MspInit                         0x08001bb1   Thumb Code   244  qspi_w25q64.o(i.HAL_QSPI_MspInit)
    HAL_QSPI_Receive                         0x08001cb9   Thumb Code   190  stm32h7xx_hal_qspi.o(i.HAL_QSPI_Receive)
    HAL_QSPI_Transmit                        0x08001d79   Thumb Code   182  stm32h7xx_hal_qspi.o(i.HAL_QSPI_Transmit)
    HAL_RCCEx_GetD3PCLK1Freq                 0x08001e31   Thumb Code    26  stm32h7xx_hal_rcc_ex.o(i.HAL_RCCEx_GetD3PCLK1Freq)
    HAL_RCCEx_GetPLL1ClockFreq               0x08001e55   Thumb Code   296  stm32h7xx_hal_rcc_ex.o(i.HAL_RCCEx_GetPLL1ClockFreq)
    HAL_RCCEx_GetPLL2ClockFreq               0x08001f99   Thumb Code   296  stm32h7xx_hal_rcc_ex.o(i.HAL_RCCEx_GetPLL2ClockFreq)
    HAL_RCCEx_GetPLL3ClockFreq               0x080020dd   Thumb Code   296  stm32h7xx_hal_rcc_ex.o(i.HAL_RCCEx_GetPLL3ClockFreq)
    HAL_RCCEx_GetPeriphCLKFreq               0x08002221   Thumb Code   454  stm32h7xx_hal_rcc_ex.o(i.HAL_RCCEx_GetPeriphCLKFreq)
    HAL_RCCEx_PeriphCLKConfig                0x080023fd   Thumb Code  2234  stm32h7xx_hal_rcc_ex.o(i.HAL_RCCEx_PeriphCLKConfig)
    HAL_RCC_ClockConfig                      0x08002cb9   Thumb Code   580  stm32h7xx_hal_rcc.o(i.HAL_RCC_ClockConfig)
    HAL_RCC_GetHCLKFreq                      0x08002f15   Thumb Code    52  stm32h7xx_hal_rcc.o(i.HAL_RCC_GetHCLKFreq)
    HAL_RCC_GetPCLK1Freq                     0x08002f59   Thumb Code    26  stm32h7xx_hal_rcc.o(i.HAL_RCC_GetPCLK1Freq)
    HAL_RCC_GetPCLK2Freq                     0x08002f7d   Thumb Code    26  stm32h7xx_hal_rcc.o(i.HAL_RCC_GetPCLK2Freq)
    HAL_RCC_GetSysClockFreq                  0x08002fa1   Thumb Code   278  stm32h7xx_hal_rcc.o(i.HAL_RCC_GetSysClockFreq)
    HAL_RCC_OscConfig                        0x080030d9   Thumb Code  1282  stm32h7xx_hal_rcc.o(i.HAL_RCC_OscConfig)
    HAL_SD_ConfigWideBusOperation            0x080035e1   Thumb Code   300  stm32h7xx_hal_sd.o(i.HAL_SD_ConfigWideBusOperation)
    HAL_SD_DriveTransceiver_1_8V_Callback    0x08003711   Thumb Code     2  stm32h7xx_hal_sd.o(i.HAL_SD_DriveTransceiver_1_8V_Callback)
    HAL_SD_GetCardCSD                        0x08003715   Thumb Code   440  stm32h7xx_hal_sd.o(i.HAL_SD_GetCardCSD)
    HAL_SD_GetCardInfo                       0x080038d1   Thumb Code    36  stm32h7xx_hal_sd.o(i.HAL_SD_GetCardInfo)
    HAL_SD_GetCardState                      0x080038f5   Thumb Code    44  stm32h7xx_hal_sd.o(i.HAL_SD_GetCardState)
    HAL_SD_GetCardStatus                     0x08003921   Thumb Code   184  stm32h7xx_hal_sd.o(i.HAL_SD_GetCardStatus)
    HAL_SD_Init                              0x080039dd   Thumb Code   162  stm32h7xx_hal_sd.o(i.HAL_SD_Init)
    HAL_SD_InitCard                          0x08003a81   Thumb Code   156  stm32h7xx_hal_sd.o(i.HAL_SD_InitCard)
    HAL_SD_MspDeInit                         0x08003b29   Thumb Code    44  sdmmc.o(i.HAL_SD_MspDeInit)
    HAL_SD_MspInit                           0x08003b65   Thumb Code   118  sdmmc.o(i.HAL_SD_MspInit)
    HAL_SD_ReadBlocks                        0x08003bed   Thumb Code   444  stm32h7xx_hal_sd.o(i.HAL_SD_ReadBlocks)
    HAL_SD_WriteBlocks                       0x08003db1   Thumb Code   466  stm32h7xx_hal_sd.o(i.HAL_SD_WriteBlocks)
    HAL_SYSTICK_Config                       0x08003f8d   Thumb Code    38  stm32h7xx_hal_cortex.o(i.HAL_SYSTICK_Config)
    HAL_UARTEx_DisableFifoMode               0x08003fb3   Thumb Code    64  stm32h7xx_hal_uart_ex.o(i.HAL_UARTEx_DisableFifoMode)
    HAL_UARTEx_SetRxFifoThreshold            0x08003ff3   Thumb Code    76  stm32h7xx_hal_uart_ex.o(i.HAL_UARTEx_SetRxFifoThreshold)
    HAL_UARTEx_SetTxFifoThreshold            0x0800403f   Thumb Code    76  stm32h7xx_hal_uart_ex.o(i.HAL_UARTEx_SetTxFifoThreshold)
    HAL_UART_Init                            0x0800408b   Thumb Code   106  stm32h7xx_hal_uart.o(i.HAL_UART_Init)
    HAL_UART_MspInit                         0x080040f5   Thumb Code    92  usart.o(i.HAL_UART_MspInit)
    HAL_UART_Transmit                        0x0800415d   Thumb Code   190  stm32h7xx_hal_uart.o(i.HAL_UART_Transmit)
    HardFault_Handler                        0x0800421b   Thumb Code     2  stm32h7xx_it.o(i.HardFault_Handler)
    MSC_BOT_CplClrFeature                    0x08004369   Thumb Code    56  usbd_msc_bot.o(i.MSC_BOT_CplClrFeature)
    MSC_BOT_DataIn                           0x080043a1   Thumb Code    58  usbd_msc_bot.o(i.MSC_BOT_DataIn)
    MSC_BOT_DataOut                          0x080043db   Thumb Code    58  usbd_msc_bot.o(i.MSC_BOT_DataOut)
    MSC_BOT_DeInit                           0x08004415   Thumb Code    10  usbd_msc_bot.o(i.MSC_BOT_DeInit)
    MSC_BOT_Init                             0x0800441f   Thumb Code    70  usbd_msc_bot.o(i.MSC_BOT_Init)
    MSC_BOT_Reset                            0x08004465   Thumb Code    50  usbd_msc_bot.o(i.MSC_BOT_Reset)
    MSC_BOT_SendCSW                          0x08004499   Thumb Code    54  usbd_msc_bot.o(i.MSC_BOT_SendCSW)
    MX_FATFS_Init                            0x080044d5   Thumb Code    18  fatfs.o(i.MX_FATFS_Init)
    MX_GPIO_Init                             0x080044f1   Thumb Code   184  gpio.o(i.MX_GPIO_Init)
    MX_QUADSPI_Init                          0x080045b9   Thumb Code    38  qspi_w25q64.o(i.MX_QUADSPI_Init)
    MX_SDMMC1_SD_Init                        0x080045e9   Thumb Code    30  sdmmc.o(i.MX_SDMMC1_SD_Init)
    MX_USART1_UART_Init                      0x08004611   Thumb Code    94  usart.o(i.MX_USART1_UART_Init)
    MX_USB_DEVICE_Init                       0x08004679   Thumb Code    66  usb_device.o(i.MX_USB_DEVICE_Init)
    MemManage_Handler                        0x080046cd   Thumb Code     2  stm32h7xx_it.o(i.MemManage_Handler)
    NMI_Handler                              0x080046cf   Thumb Code     2  stm32h7xx_it.o(i.NMI_Handler)
    OTG_FS_IRQHandler                        0x080046d1   Thumb Code     6  stm32h7xx_it.o(i.OTG_FS_IRQHandler)
    PendSV_Handler                           0x0800484b   Thumb Code     2  stm32h7xx_it.o(i.PendSV_Handler)
    QSPI_W25Qxx_AutoPollingMemReady          0x080049f5   Thumb Code    74  qspi_w25q64.o(i.QSPI_W25Qxx_AutoPollingMemReady)
    QSPI_W25Qxx_BlockErase_64K               0x08004a45   Thumb Code    86  qspi_w25q64.o(i.QSPI_W25Qxx_BlockErase_64K)
    QSPI_W25Qxx_Init                         0x08004aa1   Thumb Code    30  qspi_w25q64.o(i.QSPI_W25Qxx_Init)
    QSPI_W25Qxx_ReadBuffer                   0x08004ac5   Thumb Code   102  qspi_w25q64.o(i.QSPI_W25Qxx_ReadBuffer)
    QSPI_W25Qxx_ReadID                       0x08004b31   Thumb Code    88  qspi_w25q64.o(i.QSPI_W25Qxx_ReadID)
    QSPI_W25Qxx_Reset                        0x08004b8d   Thumb Code    94  qspi_w25q64.o(i.QSPI_W25Qxx_Reset)
    QSPI_W25Qxx_WriteBuffer                  0x08004bf1   Thumb Code    98  qspi_w25q64.o(i.QSPI_W25Qxx_WriteBuffer)
    QSPI_W25Qxx_WriteEnable                  0x08004c55   Thumb Code   104  qspi_w25q64.o(i.QSPI_W25Qxx_WriteEnable)
    QSPI_W25Qxx_WritePage                    0x08004cc1   Thumb Code   110  qspi_w25q64.o(i.QSPI_W25Qxx_WritePage)
    SCSI_ProcessCmd                          0x080050d5   Thumb Code   410  usbd_msc_scsi.o(i.SCSI_ProcessCmd)
    SCSI_SenseCode                           0x080056e1   Thumb Code    66  usbd_msc_scsi.o(i.SCSI_SenseCode)
    SDMMC_CmdAppCommand                      0x080058d9   Thumb Code    52  stm32h7xx_ll_sdmmc.o(i.SDMMC_CmdAppCommand)
    SDMMC_CmdAppOperCommand                  0x0800590d   Thumb Code    46  stm32h7xx_ll_sdmmc.o(i.SDMMC_CmdAppOperCommand)
    SDMMC_CmdBlockLength                     0x0800593b   Thumb Code    50  stm32h7xx_ll_sdmmc.o(i.SDMMC_CmdBlockLength)
    SDMMC_CmdBusWidth                        0x0800596d   Thumb Code    52  stm32h7xx_ll_sdmmc.o(i.SDMMC_CmdBusWidth)
    SDMMC_CmdGoIdleState                     0x080059a1   Thumb Code    74  stm32h7xx_ll_sdmmc.o(i.SDMMC_CmdGoIdleState)
    SDMMC_CmdOperCond                        0x080059f5   Thumb Code   110  stm32h7xx_ll_sdmmc.o(i.SDMMC_CmdOperCond)
    SDMMC_CmdReadMultiBlock                  0x08005a69   Thumb Code    52  stm32h7xx_ll_sdmmc.o(i.SDMMC_CmdReadMultiBlock)
    SDMMC_CmdReadSingleBlock                 0x08005a9d   Thumb Code    52  stm32h7xx_ll_sdmmc.o(i.SDMMC_CmdReadSingleBlock)
    SDMMC_CmdSelDesel                        0x08005ad1   Thumb Code    50  stm32h7xx_ll_sdmmc.o(i.SDMMC_CmdSelDesel)
    SDMMC_CmdSendCID                         0x08005b03   Thumb Code    44  stm32h7xx_ll_sdmmc.o(i.SDMMC_CmdSendCID)
    SDMMC_CmdSendCSD                         0x08005b2f   Thumb Code    48  stm32h7xx_ll_sdmmc.o(i.SDMMC_CmdSendCSD)
    SDMMC_CmdSendSCR                         0x08005b5f   Thumb Code    50  stm32h7xx_ll_sdmmc.o(i.SDMMC_CmdSendSCR)
    SDMMC_CmdSendStatus                      0x08005b91   Thumb Code    52  stm32h7xx_ll_sdmmc.o(i.SDMMC_CmdSendStatus)
    SDMMC_CmdSetRelAdd                       0x08005bc5   Thumb Code    50  stm32h7xx_ll_sdmmc.o(i.SDMMC_CmdSetRelAdd)
    SDMMC_CmdStatusRegister                  0x08005bf7   Thumb Code    50  stm32h7xx_ll_sdmmc.o(i.SDMMC_CmdStatusRegister)
    SDMMC_CmdStopTransfer                    0x08005c29   Thumb Code    78  stm32h7xx_ll_sdmmc.o(i.SDMMC_CmdStopTransfer)
    SDMMC_CmdVoltageSwitch                   0x08005c7d   Thumb Code    50  stm32h7xx_ll_sdmmc.o(i.SDMMC_CmdVoltageSwitch)
    SDMMC_CmdWriteMultiBlock                 0x08005caf   Thumb Code    52  stm32h7xx_ll_sdmmc.o(i.SDMMC_CmdWriteMultiBlock)
    SDMMC_CmdWriteSingleBlock                0x08005ce3   Thumb Code    52  stm32h7xx_ll_sdmmc.o(i.SDMMC_CmdWriteSingleBlock)
    SDMMC_ConfigData                         0x08005d17   Thumb Code    38  stm32h7xx_ll_sdmmc.o(i.SDMMC_ConfigData)
    SDMMC_GetPowerState                      0x08005f89   Thumb Code     8  stm32h7xx_ll_sdmmc.o(i.SDMMC_GetPowerState)
    SDMMC_GetResponse                        0x08005f91   Thumb Code     6  stm32h7xx_ll_sdmmc.o(i.SDMMC_GetResponse)
    SDMMC_Init                               0x08005f99   Thumb Code    28  stm32h7xx_ll_sdmmc.o(i.SDMMC_Init)
    SDMMC_PowerState_ON                      0x08005fb9   Thumb Code    12  stm32h7xx_ll_sdmmc.o(i.SDMMC_PowerState_ON)
    SDMMC_ReadFIFO                           0x08005fc5   Thumb Code     6  stm32h7xx_ll_sdmmc.o(i.SDMMC_ReadFIFO)
    SDMMC_SendCommand                        0x08005fcd   Thumb Code    34  stm32h7xx_ll_sdmmc.o(i.SDMMC_SendCommand)
    SDMMC_WriteFIFO                          0x08005ff5   Thumb Code    10  stm32h7xx_ll_sdmmc.o(i.SDMMC_WriteFIFO)
    SD_initialize                            0x08006401   Thumb Code    28  sd_diskio.o(i.SD_initialize)
    SD_ioctl                                 0x08006421   Thumb Code    84  sd_diskio.o(i.SD_ioctl)
    SD_read                                  0x08006479   Thumb Code    38  sd_diskio.o(i.SD_read)
    SD_status                                0x0800649f   Thumb Code     4  sd_diskio.o(i.SD_status)
    SD_write                                 0x080064a5   Thumb Code    38  sd_diskio.o(i.SD_write)
    SVC_Handler                              0x08006531   Thumb Code     2  stm32h7xx_it.o(i.SVC_Handler)
    SysTick_Handler                          0x0800653d   Thumb Code     4  stm32h7xx_it.o(i.SysTick_Handler)
    SystemClock_Config                       0x08006541   Thumb Code   256  main.o(i.SystemClock_Config)
    SystemInit                               0x08006651   Thumb Code   188  system_stm32h7xx.o(i.SystemInit)
    UART_AdvFeatureConfig                    0x08006799   Thumb Code   200  stm32h7xx_hal_uart.o(i.UART_AdvFeatureConfig)
    UART_CheckIdleState                      0x08006861   Thumb Code    94  stm32h7xx_hal_uart.o(i.UART_CheckIdleState)
    UART_SetConfig                           0x080068c1   Thumb Code   878  stm32h7xx_hal_uart.o(i.UART_SetConfig)
    UART_WaitOnFlagUntilTimeout              0x08006c71   Thumb Code   164  stm32h7xx_hal_uart.o(i.UART_WaitOnFlagUntilTimeout)
    USBD_ClrClassConfig                      0x08006d15   Thumb Code    16  usbd_core.o(i.USBD_ClrClassConfig)
    USBD_CtlContinueRx                       0x08006d25   Thumb Code    16  usbd_ioreq.o(i.USBD_CtlContinueRx)
    USBD_CtlContinueSendData                 0x08006d35   Thumb Code    16  usbd_ioreq.o(i.USBD_CtlContinueSendData)
    USBD_CtlError                            0x08006d45   Thumb Code    22  usbd_ctlreq.o(i.USBD_CtlError)
    USBD_CtlReceiveStatus                    0x08006d5b   Thumb Code    22  usbd_ioreq.o(i.USBD_CtlReceiveStatus)
    USBD_CtlSendData                         0x08006d71   Thumb Code    26  usbd_ioreq.o(i.USBD_CtlSendData)
    USBD_CtlSendStatus                       0x08006d8b   Thumb Code    22  usbd_ioreq.o(i.USBD_CtlSendStatus)
    USBD_FS_ConfigStrDescriptor              0x08006da1   Thumb Code    16  usbd_desc.o(i.USBD_FS_ConfigStrDescriptor)
    USBD_FS_DeviceDescriptor                 0x08006dc1   Thumb Code     8  usbd_desc.o(i.USBD_FS_DeviceDescriptor)
    USBD_FS_InterfaceStrDescriptor           0x08006dcd   Thumb Code    16  usbd_desc.o(i.USBD_FS_InterfaceStrDescriptor)
    USBD_FS_LangIDStrDescriptor              0x08006df1   Thumb Code     8  usbd_desc.o(i.USBD_FS_LangIDStrDescriptor)
    USBD_FS_ManufacturerStrDescriptor        0x08006dfd   Thumb Code    16  usbd_desc.o(i.USBD_FS_ManufacturerStrDescriptor)
    USBD_FS_ProductStrDescriptor             0x08006e25   Thumb Code    16  usbd_desc.o(i.USBD_FS_ProductStrDescriptor)
    USBD_FS_SerialStrDescriptor              0x08006e4d   Thumb Code    50  usbd_desc.o(i.USBD_FS_SerialStrDescriptor)
    USBD_GetString                           0x08006f6f   Thumb Code    74  usbd_ctlreq.o(i.USBD_GetString)
    USBD_Get_USB_Status                      0x08006fb9   Thumb Code    24  usbd_conf.o(i.USBD_Get_USB_Status)
    USBD_Init                                0x08006fd1   Thumb Code    52  usbd_core.o(i.USBD_Init)
    USBD_LL_ClearStallEP                     0x08007005   Thumb Code    18  usbd_conf.o(i.USBD_LL_ClearStallEP)
    USBD_LL_CloseEP                          0x08007017   Thumb Code    18  usbd_conf.o(i.USBD_LL_CloseEP)
    USBD_LL_DataInStage                      0x08007029   Thumb Code   170  usbd_core.o(i.USBD_LL_DataInStage)
    USBD_LL_DataOutStage                     0x080070d3   Thumb Code   110  usbd_core.o(i.USBD_LL_DataOutStage)
    USBD_LL_DevConnected                     0x08007141   Thumb Code     4  usbd_core.o(i.USBD_LL_DevConnected)
    USBD_LL_DevDisconnected                  0x08007145   Thumb Code    26  usbd_core.o(i.USBD_LL_DevDisconnected)
    USBD_LL_FlushEP                          0x0800715f   Thumb Code    18  usbd_conf.o(i.USBD_LL_FlushEP)
    USBD_LL_GetRxDataSize                    0x08007171   Thumb Code     8  usbd_conf.o(i.USBD_LL_GetRxDataSize)
    USBD_LL_Init                             0x08007179   Thumb Code    90  usbd_conf.o(i.USBD_LL_Init)
    USBD_LL_IsStallEP                        0x080071dd   Thumb Code    32  usbd_conf.o(i.USBD_LL_IsStallEP)
    USBD_LL_IsoINIncomplete                  0x080071fd   Thumb Code     4  usbd_core.o(i.USBD_LL_IsoINIncomplete)
    USBD_LL_IsoOUTIncomplete                 0x08007201   Thumb Code     4  usbd_core.o(i.USBD_LL_IsoOUTIncomplete)
    USBD_LL_OpenEP                           0x08007205   Thumb Code    24  usbd_conf.o(i.USBD_LL_OpenEP)
    USBD_LL_PrepareReceive                   0x0800721d   Thumb Code    18  usbd_conf.o(i.USBD_LL_PrepareReceive)
    USBD_LL_Reset                            0x0800722f   Thumb Code    82  usbd_core.o(i.USBD_LL_Reset)
    USBD_LL_Resume                           0x08007281   Thumb Code    20  usbd_core.o(i.USBD_LL_Resume)
    USBD_LL_SOF                              0x08007295   Thumb Code    24  usbd_core.o(i.USBD_LL_SOF)
    USBD_LL_SetSpeed                         0x080072ad   Thumb Code     6  usbd_core.o(i.USBD_LL_SetSpeed)
    USBD_LL_SetUSBAddress                    0x080072b3   Thumb Code    18  usbd_conf.o(i.USBD_LL_SetUSBAddress)
    USBD_LL_SetupStage                       0x080072c5   Thumb Code    92  usbd_core.o(i.USBD_LL_SetupStage)
    USBD_LL_StallEP                          0x08007321   Thumb Code    18  usbd_conf.o(i.USBD_LL_StallEP)
    USBD_LL_Start                            0x08007333   Thumb Code    18  usbd_conf.o(i.USBD_LL_Start)
    USBD_LL_Suspend                          0x08007345   Thumb Code    18  usbd_core.o(i.USBD_LL_Suspend)
    USBD_LL_Transmit                         0x08007357   Thumb Code    18  usbd_conf.o(i.USBD_LL_Transmit)
    USBD_MSC_DataIn                          0x08007369   Thumb Code    10  usbd_msc.o(i.USBD_MSC_DataIn)
    USBD_MSC_DataOut                         0x08007373   Thumb Code    10  usbd_msc.o(i.USBD_MSC_DataOut)
    USBD_MSC_DeInit                          0x0800737d   Thumb Code    50  usbd_msc.o(i.USBD_MSC_DeInit)
    USBD_MSC_GetDeviceQualifierDescriptor    0x080073b1   Thumb Code     8  usbd_msc.o(i.USBD_MSC_GetDeviceQualifierDescriptor)
    USBD_MSC_GetFSCfgDesc                    0x080073bd   Thumb Code     8  usbd_msc.o(i.USBD_MSC_GetFSCfgDesc)
    USBD_MSC_GetHSCfgDesc                    0x080073c9   Thumb Code     8  usbd_msc.o(i.USBD_MSC_GetHSCfgDesc)
    USBD_MSC_GetOtherSpeedCfgDesc            0x080073d5   Thumb Code     8  usbd_msc.o(i.USBD_MSC_GetOtherSpeedCfgDesc)
    USBD_MSC_Init                            0x080073e1   Thumb Code    98  usbd_msc.o(i.USBD_MSC_Init)
    USBD_MSC_RegisterStorage                 0x08007443   Thumb Code    14  usbd_msc.o(i.USBD_MSC_RegisterStorage)
    USBD_MSC_Setup                           0x08007451   Thumb Code   208  usbd_msc.o(i.USBD_MSC_Setup)
    USBD_ParseSetupRequest                   0x08007521   Thumb Code    42  usbd_ctlreq.o(i.USBD_ParseSetupRequest)
    USBD_RegisterClass                       0x0800754b   Thumb Code    34  usbd_core.o(i.USBD_RegisterClass)
    USBD_SetClassConfig                      0x0800756d   Thumb Code    20  usbd_core.o(i.USBD_SetClassConfig)
    USBD_Start                               0x0800763d   Thumb Code     4  usbd_core.o(i.USBD_Start)
    USBD_StdDevReq                           0x08007641   Thumb Code   278  usbd_ctlreq.o(i.USBD_StdDevReq)
    USBD_StdEPReq                            0x08007757   Thumb Code   332  usbd_ctlreq.o(i.USBD_StdEPReq)
    USBD_StdItfReq                           0x080078a3   Thumb Code    84  usbd_ctlreq.o(i.USBD_StdItfReq)
    USB_ActivateEndpoint                     0x080078f9   Thumb Code   124  stm32h7xx_ll_usb.o(i.USB_ActivateEndpoint)
    USB_ActivateSetup                        0x08007979   Thumb Code    28  stm32h7xx_ll_usb.o(i.USB_ActivateSetup)
    USB_CoreInit                             0x08007995   Thumb Code   114  stm32h7xx_ll_usb.o(i.USB_CoreInit)
    USB_DeactivateEndpoint                   0x08007a45   Thumb Code   194  stm32h7xx_ll_usb.o(i.USB_DeactivateEndpoint)
    USB_DevConnect                           0x08007b11   Thumb Code    24  stm32h7xx_ll_usb.o(i.USB_DevConnect)
    USB_DevDisconnect                        0x08007b29   Thumb Code    24  stm32h7xx_ll_usb.o(i.USB_DevDisconnect)
    USB_DevInit                              0x08007b41   Thumb Code   368  stm32h7xx_ll_usb.o(i.USB_DevInit)
    USB_DisableGlobalInt                     0x08007cb9   Thumb Code    12  stm32h7xx_ll_usb.o(i.USB_DisableGlobalInt)
    USB_EP0StartXfer                         0x08007cc5   Thumb Code   280  stm32h7xx_ll_usb.o(i.USB_EP0StartXfer)
    USB_EP0_OutStart                         0x08007de1   Thumb Code    84  stm32h7xx_ll_usb.o(i.USB_EP0_OutStart)
    USB_EPClearStall                         0x08007e39   Thumb Code    88  stm32h7xx_ll_usb.o(i.USB_EPClearStall)
    USB_EPSetStall                           0x08007e91   Thumb Code    88  stm32h7xx_ll_usb.o(i.USB_EPSetStall)
    USB_EPStartXfer                          0x08007ee9   Thumb Code   482  stm32h7xx_ll_usb.o(i.USB_EPStartXfer)
    USB_EnableGlobalInt                      0x080080d1   Thumb Code    12  stm32h7xx_ll_usb.o(i.USB_EnableGlobalInt)
    USB_FlushRxFifo                          0x080080dd   Thumb Code    28  stm32h7xx_ll_usb.o(i.USB_FlushRxFifo)
    USB_FlushTxFifo                          0x080080fd   Thumb Code    32  stm32h7xx_ll_usb.o(i.USB_FlushTxFifo)
    USB_GetDevSpeed                          0x08008121   Thumb Code    26  stm32h7xx_ll_usb.o(i.USB_GetDevSpeed)
    USB_GetMode                              0x0800813b   Thumb Code     8  stm32h7xx_ll_usb.o(i.USB_GetMode)
    USB_ReadDevAllInEpInterrupt              0x08008143   Thumb Code    14  stm32h7xx_ll_usb.o(i.USB_ReadDevAllInEpInterrupt)
    USB_ReadDevAllOutEpInterrupt             0x08008151   Thumb Code    14  stm32h7xx_ll_usb.o(i.USB_ReadDevAllOutEpInterrupt)
    USB_ReadDevInEPInterrupt                 0x0800815f   Thumb Code    36  stm32h7xx_ll_usb.o(i.USB_ReadDevInEPInterrupt)
    USB_ReadDevOutEPInterrupt                0x08008183   Thumb Code    16  stm32h7xx_ll_usb.o(i.USB_ReadDevOutEPInterrupt)
    USB_ReadInterrupts                       0x08008193   Thumb Code     8  stm32h7xx_ll_usb.o(i.USB_ReadInterrupts)
    USB_ReadPacket                           0x0800819b   Thumb Code    28  stm32h7xx_ll_usb.o(i.USB_ReadPacket)
    USB_SetCurrentMode                       0x080081b7   Thumb Code    46  stm32h7xx_ll_usb.o(i.USB_SetCurrentMode)
    USB_SetDevAddress                        0x080081e5   Thumb Code    34  stm32h7xx_ll_usb.o(i.USB_SetDevAddress)
    USB_SetTurnaroundTime                    0x08008209   Thumb Code   158  stm32h7xx_ll_usb.o(i.USB_SetTurnaroundTime)
    USB_WritePacket                          0x080082f1   Thumb Code    36  stm32h7xx_ll_usb.o(i.USB_WritePacket)
    UsageFault_Handler                       0x08008315   Thumb Code     2  stm32h7xx_it.o(i.UsageFault_Handler)
    __0printf                                0x08008319   Thumb Code    22  printfa.o(i.__0printf)
    __1printf                                0x08008319   Thumb Code     0  printfa.o(i.__0printf)
    __2printf                                0x08008319   Thumb Code     0  printfa.o(i.__0printf)
    __c89printf                              0x08008319   Thumb Code     0  printfa.o(i.__0printf)
    printf                                   0x08008319   Thumb Code     0  printfa.o(i.__0printf)
    __0sprintf                               0x08008339   Thumb Code    34  printfa.o(i.__0sprintf)
    __1sprintf                               0x08008339   Thumb Code     0  printfa.o(i.__0sprintf)
    __2sprintf                               0x08008339   Thumb Code     0  printfa.o(i.__0sprintf)
    __c89sprintf                             0x08008339   Thumb Code     0  printfa.o(i.__0sprintf)
    sprintf                                  0x08008339   Thumb Code     0  printfa.o(i.__0sprintf)
    __scatterload_copy                       0x08008383   Thumb Code    14  handlers.o(i.__scatterload_copy)
    __scatterload_null                       0x08008391   Thumb Code     2  handlers.o(i.__scatterload_null)
    __scatterload_zeroinit                   0x08008393   Thumb Code    14  handlers.o(i.__scatterload_zeroinit)
    crc32                                    0x08008d5d   Thumb Code    36  bootloader.o(i.crc32)
    disk_initialize                          0x08009161   Thumb Code    34  diskio.o(i.disk_initialize)
    disk_ioctl                               0x08009189   Thumb Code    20  diskio.o(i.disk_ioctl)
    disk_read                                0x080091a1   Thumb Code    22  diskio.o(i.disk_read)
    disk_status                              0x080091bd   Thumb Code    16  diskio.o(i.disk_status)
    disk_write                               0x080091d1   Thumb Code    22  diskio.o(i.disk_write)
    f_close                                  0x080091ed   Thumb Code    40  ff.o(i.f_close)
    f_lseek                                  0x08009215   Thumb Code   538  ff.o(i.f_lseek)
    f_mkdir                                  0x08009431   Thumb Code   336  ff.o(i.f_mkdir)
    f_mount                                  0x08009581   Thumb Code    84  ff.o(i.f_mount)
    f_open                                   0x080095d9   Thumb Code   522  ff.o(i.f_open)
    f_read                                   0x080097e9   Thumb Code   340  ff.o(i.f_read)
    f_sync                                   0x0800993d   Thumb Code   142  ff.o(i.f_sync)
    f_write                                  0x080099cb   Thumb Code   396  ff.o(i.f_write)
    fputc                                    0x08009e25   Thumb Code    18  usart.o(i.fputc)
    free                                     0x08009e3d   Thumb Code    76  malloc.o(i.free)
    get_fattime                              0x08009f4b   Thumb Code     4  fatfs.o(i.get_fattime)
    main                                     0x0800a055   Thumb Code   574  main.o(i.main)
    malloc                                   0x0800a31d   Thumb Code    92  malloc.o(i.malloc)
    read_bin                                 0x0800a4cd   Thumb Code   326  bootloader.o(i.read_bin)
    SD_Driver                                0x0800a820   Data          20  sd_diskio.o(.constdata)
    STORAGE_Inquirydata_FS                   0x0800a834   Data          36  usbd_storage_if.o(.constdata)
    UARTPrescTable                           0x0800a858   Data          24  stm32h7xx_hal_uart.o(.constdata)
    D1CorePrescTable                         0x0800a870   Data          16  system_stm32h7xx.o(.constdata)
    Region$$Table$$Base                      0x0800ad1c   Number         0  anon$$obj.o(Region$$Table)
    Region$$Table$$Limit                     0x0800ad3c   Number         0  anon$$obj.o(Region$$Table)
    JumpToApplication                        0x24000000   Data           4  main.o(.data)
    retSD                                    0x24000006   Data           1  fatfs.o(.data)
    SDPath                                   0x24000007   Data           4  fatfs.o(.data)
    FS_Desc                                  0x2400000c   Data          28  usbd_desc.o(.data)
    USBD_LangIDDesc                          0x24000028   Data           4  usbd_desc.o(.data)
    USBD_FS_DeviceDesc                       0x2400002c   Data          18  usbd_desc.o(.data)
    USBD_StringSerial                        0x24000040   Data          26  usbd_desc.o(.data)
    USBD_Storage_Interface_fops_FS           0x2400005c   Data          32  usbd_storage_if.o(.data)
    uwTickFreq                               0x2400007c   Data           1  stm32h7xx_hal.o(.data)
    uwTickPrio                               0x24000080   Data           4  stm32h7xx_hal.o(.data)
    uwTick                                   0x24000084   Data           4  stm32h7xx_hal.o(.data)
    SystemCoreClock                          0x24000088   Data           4  system_stm32h7xx.o(.data)
    SystemD2Clock                            0x2400008c   Data           4  system_stm32h7xx.o(.data)
    USBD_MSC                                 0x2400009c   Data          56  usbd_msc.o(.data)
    MSC_Page00_Inquiry_Data                  0x2400013e   Data           6  usbd_msc_data.o(.data)
    MSC_Page80_Inquiry_Data                  0x24000144   Data           8  usbd_msc_data.o(.data)
    MSC_Mode_Sense6_data                     0x2400014c   Data          23  usbd_msc_data.o(.data)
    MSC_Mode_Sense10_data                    0x24000163   Data          27  usbd_msc_data.o(.data)
    crc_temp_new                             0x24000180   Data           4  bootloader.o(.data)
    crc_temp_old                             0x24000184   Data           4  bootloader.o(.data)
    bw                                       0x24000188   Data           4  bootloader.o(.data)
    br                                       0x2400018c   Data           4  bootloader.o(.data)
    __stdout                                 0x24000190   Data           4  stdout.o(.data)
    __microlib_freelist                      0x24000194   Data           4  mvars.o(.data)
    __microlib_freelist_initialised          0x24000198   Data           4  mvars.o(.data)
    fp                                       0x2400019c   Data         560  main.o(.bss)
    hsd1                                     0x240003cc   Data         128  sdmmc.o(.bss)
    huart1                                   0x2400044c   Data         140  usart.o(.bss)
    SDFatFS                                  0x240004d8   Data         560  fatfs.o(.bss)
    SDFile                                   0x24000708   Data         560  fatfs.o(.bss)
    hUsbDeviceFS                             0x24000938   Data         720  usb_device.o(.bss)
    USBD_StrDesc                             0x24000c08   Data         512  usbd_desc.o(.bss)
    hpcd_USB_OTG_FS                          0x24000e08   Data        1032  usbd_conf.o(.bss)
    disk                                     0x24001230   Data          12  ff_gen_drv.o(.bss)
    hqspi                                    0x2400123c   Data          76  qspi_w25q64.o(.bss)
    W25Qxx_WriteBuffer                       0x24001288   Data       32768  qspi_w25q64.o(.bss)
    W25Qxx_ReadBuffer                        0x24009288   Data       32768  qspi_w25q64.o(.bss)
    temp                                     0x24011288   Data       204800  bootloader.o(.bss)
    text                                     0x24043288   Data         100  bootloader.o(.bss)
    __heap_base                              0x240432f0   Data           0  startup_stm32h750xx.o(HEAP)
    __heap_limit                             0x240474f0   Data           0  startup_stm32h750xx.o(HEAP)
    __initial_sp                             0x2404b8f0   Data           0  startup_stm32h750xx.o(STACK)



==============================================================================

Memory Map of the image

  Image Entry point : 0x08000299

  Load Region LR_IROM1 (Base: 0x08000000, Size: 0x0000aed8, Max: 0x00012000, ABSOLUTE, COMPRESSED[0x0000adfc])

    Execution Region ER_IROM1 (Exec base: 0x08000000, Load base: 0x08000000, Size: 0x0000ad3c, Max: 0x00012000, ABSOLUTE)

    Exec Addr    Load Addr    Size         Type   Attr      Idx    E Section Name        Object

    0x08000000   0x08000000   0x00000298   Data   RO         5504    RESET               startup_stm32h750xx.o
    0x08000298   0x08000298   0x00000000   Code   RO         6752  * .ARM.Collect$$$$00000000  mc_w.l(entry.o)
    0x08000298   0x08000298   0x00000004   Code   RO         7052    .ARM.Collect$$$$00000001  mc_w.l(entry2.o)
    0x0800029c   0x0800029c   0x00000004   Code   RO         7055    .ARM.Collect$$$$00000004  mc_w.l(entry5.o)
    0x080002a0   0x080002a0   0x00000000   Code   RO         7057    .ARM.Collect$$$$00000008  mc_w.l(entry7b.o)
    0x080002a0   0x080002a0   0x00000000   Code   RO         7059    .ARM.Collect$$$$0000000A  mc_w.l(entry8b.o)
    0x080002a0   0x080002a0   0x00000008   Code   RO         7060    .ARM.Collect$$$$0000000B  mc_w.l(entry9a.o)
    0x080002a8   0x080002a8   0x00000004   Code   RO         7067    .ARM.Collect$$$$0000000E  mc_w.l(entry12b.o)
    0x080002ac   0x080002ac   0x00000000   Code   RO         7062    .ARM.Collect$$$$0000000F  mc_w.l(entry10a.o)
    0x080002ac   0x080002ac   0x00000000   Code   RO         7064    .ARM.Collect$$$$00000011  mc_w.l(entry11a.o)
    0x080002ac   0x080002ac   0x00000004   Code   RO         7053    .ARM.Collect$$$$00002712  mc_w.l(entry2.o)
    0x080002b0   0x080002b0   0x00000024   Code   RO         5505    .text               startup_stm32h750xx.o
    0x080002d4   0x080002d4   0x00000062   Code   RO         6755    .text               mc_w.l(uldiv.o)
    0x08000336   0x08000336   0x00000024   Code   RO         6757    .text               mc_w.l(memcpya.o)
    0x0800035a   0x0800035a   0x00000024   Code   RO         6759    .text               mc_w.l(memseta.o)
    0x0800037e   0x0800037e   0x0000002c   Code   RO         7069    .text               mc_w.l(uidiv.o)
    0x080003aa   0x080003aa   0x0000001e   Code   RO         7071    .text               mc_w.l(llshl.o)
    0x080003c8   0x080003c8   0x00000020   Code   RO         7073    .text               mc_w.l(llushr.o)
    0x080003e8   0x080003e8   0x00000000   Code   RO         7077    .text               mc_w.l(iusefp.o)
    0x080003e8   0x080003e8   0x0000014e   Code   RO         7078    .text               mf_w.l(dadd.o)
    0x08000536   0x08000536   0x000000e4   Code   RO         7080    .text               mf_w.l(dmul.o)
    0x0800061a   0x0800061a   0x000000de   Code   RO         7082    .text               mf_w.l(ddiv.o)
    0x080006f8   0x080006f8   0x00000030   Code   RO         7084    .text               mf_w.l(dfixul.o)
    0x08000728   0x08000728   0x00000030   Code   RO         7086    .text               mf_w.l(cdrcmple.o)
    0x08000758   0x08000758   0x00000024   Code   RO         7088    .text               mc_w.l(init.o)
    0x0800077c   0x0800077c   0x00000024   Code   RO         7090    .text               mc_w.l(llsshr.o)
    0x080007a0   0x080007a0   0x000000ba   Code   RO         7092    .text               mf_w.l(depilogue.o)
    0x0800085a   0x0800085a   0x00000056   Code   RO         7102    .text               mc_w.l(__dczerorl2.o)
    0x080008b0   0x080008b0   0x00000014   Code   RO          673    i.BSP_PlatformIsDetected  fatfs_platform.o
    0x080008c4   0x080008c4   0x0000000c   Code   RO          500    i.BSP_SD_GetCardInfo  bsp_driver_sd.o
    0x080008d0   0x080008d0   0x00000018   Code   RO          501    i.BSP_SD_GetCardState  bsp_driver_sd.o
    0x080008e8   0x080008e8   0x00000030   Code   RO          503    i.BSP_SD_Init       bsp_driver_sd.o
    0x08000918   0x08000918   0x0000001a   Code   RO          504    i.BSP_SD_IsDetected  bsp_driver_sd.o
    0x08000932   0x08000932   0x00000002   PAD
    0x08000934   0x08000934   0x00000020   Code   RO          505    i.BSP_SD_ReadBlocks  bsp_driver_sd.o
    0x08000954   0x08000954   0x00000020   Code   RO          508    i.BSP_SD_WriteBlocks  bsp_driver_sd.o
    0x08000974   0x08000974   0x00000002   Code   RO          392    i.BusFault_Handler  stm32h7xx_it.o
    0x08000976   0x08000976   0x00000002   Code   RO          393    i.DebugMon_Handler  stm32h7xx_it.o
    0x08000978   0x08000978   0x00000004   Code   RO            4    i.Error_Handler     main.o
    0x0800097c   0x0800097c   0x00000006   Code   RO         5936    i.FATFS_LinkDriver  ff_gen_drv.o
    0x08000982   0x08000982   0x00000002   PAD
    0x08000984   0x08000984   0x00000040   Code   RO         5937    i.FATFS_LinkDriverEx  ff_gen_drv.o
    0x080009c4   0x080009c4   0x00000006   Code   RO         5938    i.FATFS_UnLinkDriver  ff_gen_drv.o
    0x080009ca   0x080009ca   0x00000002   PAD
    0x080009cc   0x080009cc   0x00000034   Code   RO         5939    i.FATFS_UnLinkDriverEx  ff_gen_drv.o
    0x08000a00   0x08000a00   0x00000024   Code   RO         3206    i.HAL_Delay         stm32h7xx_hal.o
    0x08000a24   0x08000a24   0x00000170   Code   RO         2201    i.HAL_GPIO_DeInit   stm32h7xx_hal_gpio.o
    0x08000b94   0x08000b94   0x00000230   Code   RO         2204    i.HAL_GPIO_Init     stm32h7xx_hal_gpio.o
    0x08000dc4   0x08000dc4   0x0000000a   Code   RO         2206    i.HAL_GPIO_ReadPin  stm32h7xx_hal_gpio.o
    0x08000dce   0x08000dce   0x0000000e   Code   RO         2207    i.HAL_GPIO_TogglePin  stm32h7xx_hal_gpio.o
    0x08000ddc   0x08000ddc   0x0000000a   Code   RO         2208    i.HAL_GPIO_WritePin  stm32h7xx_hal_gpio.o
    0x08000de6   0x08000de6   0x00000002   PAD
    0x08000de8   0x08000de8   0x0000000c   Code   RO         3221    i.HAL_GetREVID      stm32h7xx_hal.o
    0x08000df4   0x08000df4   0x0000000c   Code   RO         3222    i.HAL_GetTick       stm32h7xx_hal.o
    0x08000e00   0x08000e00   0x00000010   Code   RO         3228    i.HAL_IncTick       stm32h7xx_hal.o
    0x08000e10   0x08000e10   0x0000005c   Code   RO         3229    i.HAL_Init          stm32h7xx_hal.o
    0x08000e6c   0x08000e6c   0x00000040   Code   RO         3230    i.HAL_InitTick      stm32h7xx_hal.o
    0x08000eac   0x08000eac   0x0000001c   Code   RO          474    i.HAL_MspInit       stm32h7xx_hal_msp.o
    0x08000ec8   0x08000ec8   0x00000022   Code   RO         3063    i.HAL_NVIC_DisableIRQ  stm32h7xx_hal_cortex.o
    0x08000eea   0x08000eea   0x0000001a   Code   RO         3064    i.HAL_NVIC_EnableIRQ  stm32h7xx_hal_cortex.o
    0x08000f04   0x08000f04   0x00000040   Code   RO         3070    i.HAL_NVIC_SetPriority  stm32h7xx_hal_cortex.o
    0x08000f44   0x08000f44   0x00000024   Code   RO         3071    i.HAL_NVIC_SetPriorityGrouping  stm32h7xx_hal_cortex.o
    0x08000f68   0x08000f68   0x00000028   Code   RO         1360    i.HAL_PCDEx_ActivateLPM  stm32h7xx_hal_pcd_ex.o
    0x08000f90   0x08000f90   0x00000002   Code   RO         1365    i.HAL_PCDEx_LPM_Callback  stm32h7xx_hal_pcd_ex.o
    0x08000f92   0x08000f92   0x00000008   Code   RO         1366    i.HAL_PCDEx_SetRxFiFo  stm32h7xx_hal_pcd_ex.o
    0x08000f9a   0x08000f9a   0x00000046   Code   RO         1367    i.HAL_PCDEx_SetTxFiFo  stm32h7xx_hal_pcd_ex.o
    0x08000fe0   0x08000fe0   0x00000008   Code   RO          940    i.HAL_PCD_ConnectCallback  usbd_conf.o
    0x08000fe8   0x08000fe8   0x00000012   Code   RO          941    i.HAL_PCD_DataInStageCallback  usbd_conf.o
    0x08000ffa   0x08000ffa   0x00000014   Code   RO          942    i.HAL_PCD_DataOutStageCallback  usbd_conf.o
    0x0800100e   0x0800100e   0x00000008   Code   RO          943    i.HAL_PCD_DisconnectCallback  usbd_conf.o
    0x08001016   0x08001016   0x0000004c   Code   RO         1148    i.HAL_PCD_EP_Close  stm32h7xx_hal_pcd.o
    0x08001062   0x08001062   0x0000005c   Code   RO         1149    i.HAL_PCD_EP_ClrStall  stm32h7xx_hal_pcd.o
    0x080010be   0x080010be   0x00000032   Code   RO         1150    i.HAL_PCD_EP_Flush  stm32h7xx_hal_pcd.o
    0x080010f0   0x080010f0   0x00000012   Code   RO         1151    i.HAL_PCD_EP_GetRxCount  stm32h7xx_hal_pcd.o
    0x08001102   0x08001102   0x00000060   Code   RO         1152    i.HAL_PCD_EP_Open   stm32h7xx_hal_pcd.o
    0x08001162   0x08001162   0x00000044   Code   RO         1153    i.HAL_PCD_EP_Receive  stm32h7xx_hal_pcd.o
    0x080011a6   0x080011a6   0x00000074   Code   RO         1154    i.HAL_PCD_EP_SetStall  stm32h7xx_hal_pcd.o
    0x0800121a   0x0800121a   0x00000044   Code   RO         1155    i.HAL_PCD_EP_Transmit  stm32h7xx_hal_pcd.o
    0x0800125e   0x0800125e   0x00000002   PAD
    0x08001260   0x08001260   0x00000474   Code   RO         1157    i.HAL_PCD_IRQHandler  stm32h7xx_hal_pcd.o
    0x080016d4   0x080016d4   0x00000008   Code   RO          944    i.HAL_PCD_ISOINIncompleteCallback  usbd_conf.o
    0x080016dc   0x080016dc   0x00000008   Code   RO          945    i.HAL_PCD_ISOOUTIncompleteCallback  usbd_conf.o
    0x080016e4   0x080016e4   0x000000f2   Code   RO         1160    i.HAL_PCD_Init      stm32h7xx_hal_pcd.o
    0x080017d6   0x080017d6   0x00000002   PAD
    0x080017d8   0x080017d8   0x00000038   Code   RO          946    i.HAL_PCD_MspDeInit  usbd_conf.o
    0x08001810   0x08001810   0x00000078   Code   RO          947    i.HAL_PCD_MspInit   usbd_conf.o
    0x08001888   0x08001888   0x0000002c   Code   RO          948    i.HAL_PCD_ResetCallback  usbd_conf.o
    0x080018b4   0x080018b4   0x00000008   Code   RO          949    i.HAL_PCD_ResumeCallback  usbd_conf.o
    0x080018bc   0x080018bc   0x00000008   Code   RO          950    i.HAL_PCD_SOFCallback  usbd_conf.o
    0x080018c4   0x080018c4   0x00000028   Code   RO         1166    i.HAL_PCD_SetAddress  stm32h7xx_hal_pcd.o
    0x080018ec   0x080018ec   0x0000000e   Code   RO          951    i.HAL_PCD_SetupStageCallback  usbd_conf.o
    0x080018fa   0x080018fa   0x00000042   Code   RO         1168    i.HAL_PCD_Start     stm32h7xx_hal_pcd.o
    0x0800193c   0x0800193c   0x00000030   Code   RO          952    i.HAL_PCD_SuspendCallback  usbd_conf.o
    0x0800196c   0x0800196c   0x00000054   Code   RO         2805    i.HAL_PWREx_ConfigSupply  stm32h7xx_hal_pwr_ex.o
    0x080019c0   0x080019c0   0x00000010   Code   RO         2822    i.HAL_PWREx_EnableUSBVoltageDetector  stm32h7xx_hal_pwr_ex.o
    0x080019d0   0x080019d0   0x000000ac   Code   RO         4126    i.HAL_QSPI_AutoPolling  stm32h7xx_hal_qspi.o
    0x08001a7c   0x08001a7c   0x00000086   Code   RO         4129    i.HAL_QSPI_Command  stm32h7xx_hal_qspi.o
    0x08001b02   0x08001b02   0x00000002   PAD
    0x08001b04   0x08001b04   0x000000ac   Code   RO         4138    i.HAL_QSPI_Init     stm32h7xx_hal_qspi.o
    0x08001bb0   0x08001bb0   0x00000108   Code   RO         6590    i.HAL_QSPI_MspInit  qspi_w25q64.o
    0x08001cb8   0x08001cb8   0x000000be   Code   RO         4142    i.HAL_QSPI_Receive  stm32h7xx_hal_qspi.o
    0x08001d76   0x08001d76   0x00000002   PAD
    0x08001d78   0x08001d78   0x000000b6   Code   RO         4151    i.HAL_QSPI_Transmit  stm32h7xx_hal_qspi.o
    0x08001e2e   0x08001e2e   0x00000002   PAD
    0x08001e30   0x08001e30   0x00000024   Code   RO         1847    i.HAL_RCCEx_GetD3PCLK1Freq  stm32h7xx_hal_rcc_ex.o
    0x08001e54   0x08001e54   0x00000144   Code   RO         1848    i.HAL_RCCEx_GetPLL1ClockFreq  stm32h7xx_hal_rcc_ex.o
    0x08001f98   0x08001f98   0x00000144   Code   RO         1849    i.HAL_RCCEx_GetPLL2ClockFreq  stm32h7xx_hal_rcc_ex.o
    0x080020dc   0x080020dc   0x00000144   Code   RO         1850    i.HAL_RCCEx_GetPLL3ClockFreq  stm32h7xx_hal_rcc_ex.o
    0x08002220   0x08002220   0x000001dc   Code   RO         1852    i.HAL_RCCEx_GetPeriphCLKFreq  stm32h7xx_hal_rcc_ex.o
    0x080023fc   0x080023fc   0x000008ba   Code   RO         1856    i.HAL_RCCEx_PeriphCLKConfig  stm32h7xx_hal_rcc_ex.o
    0x08002cb6   0x08002cb6   0x00000002   PAD
    0x08002cb8   0x08002cb8   0x0000025c   Code   RO         1732    i.HAL_RCC_ClockConfig  stm32h7xx_hal_rcc.o
    0x08002f14   0x08002f14   0x00000044   Code   RO         1737    i.HAL_RCC_GetHCLKFreq  stm32h7xx_hal_rcc.o
    0x08002f58   0x08002f58   0x00000024   Code   RO         1739    i.HAL_RCC_GetPCLK1Freq  stm32h7xx_hal_rcc.o
    0x08002f7c   0x08002f7c   0x00000024   Code   RO         1740    i.HAL_RCC_GetPCLK2Freq  stm32h7xx_hal_rcc.o
    0x08002fa0   0x08002fa0   0x00000138   Code   RO         1741    i.HAL_RCC_GetSysClockFreq  stm32h7xx_hal_rcc.o
    0x080030d8   0x080030d8   0x00000508   Code   RO         1744    i.HAL_RCC_OscConfig  stm32h7xx_hal_rcc.o
    0x080035e0   0x080035e0   0x00000130   Code   RO         4689    i.HAL_SD_ConfigWideBusOperation  stm32h7xx_hal_sd.o
    0x08003710   0x08003710   0x00000002   Code   RO         4691    i.HAL_SD_DriveTransceiver_1_8V_Callback  stm32h7xx_hal_sd.o
    0x08003712   0x08003712   0x00000002   PAD
    0x08003714   0x08003714   0x000001bc   Code   RO         4695    i.HAL_SD_GetCardCSD  stm32h7xx_hal_sd.o
    0x080038d0   0x080038d0   0x00000024   Code   RO         4696    i.HAL_SD_GetCardInfo  stm32h7xx_hal_sd.o
    0x080038f4   0x080038f4   0x0000002c   Code   RO         4697    i.HAL_SD_GetCardState  stm32h7xx_hal_sd.o
    0x08003920   0x08003920   0x000000bc   Code   RO         4698    i.HAL_SD_GetCardStatus  stm32h7xx_hal_sd.o
    0x080039dc   0x080039dc   0x000000a2   Code   RO         4702    i.HAL_SD_Init       stm32h7xx_hal_sd.o
    0x08003a7e   0x08003a7e   0x00000002   PAD
    0x08003a80   0x08003a80   0x000000a8   Code   RO         4703    i.HAL_SD_InitCard   stm32h7xx_hal_sd.o
    0x08003b28   0x08003b28   0x0000003c   Code   RO          298    i.HAL_SD_MspDeInit  sdmmc.o
    0x08003b64   0x08003b64   0x00000088   Code   RO          299    i.HAL_SD_MspInit    sdmmc.o
    0x08003bec   0x08003bec   0x000001c4   Code   RO         4706    i.HAL_SD_ReadBlocks  stm32h7xx_hal_sd.o
    0x08003db0   0x08003db0   0x000001dc   Code   RO         4711    i.HAL_SD_WriteBlocks  stm32h7xx_hal_sd.o
    0x08003f8c   0x08003f8c   0x00000026   Code   RO         3075    i.HAL_SYSTICK_Config  stm32h7xx_hal_cortex.o
    0x08003fb2   0x08003fb2   0x00000040   Code   RO         5412    i.HAL_UARTEx_DisableFifoMode  stm32h7xx_hal_uart_ex.o
    0x08003ff2   0x08003ff2   0x0000004c   Code   RO         5417    i.HAL_UARTEx_SetRxFifoThreshold  stm32h7xx_hal_uart_ex.o
    0x0800403e   0x0800403e   0x0000004c   Code   RO         5418    i.HAL_UARTEx_SetTxFifoThreshold  stm32h7xx_hal_uart_ex.o
    0x0800408a   0x0800408a   0x0000006a   Code   RO         5038    i.HAL_UART_Init     stm32h7xx_hal_uart.o
    0x080040f4   0x080040f4   0x00000068   Code   RO          341    i.HAL_UART_MspInit  usart.o
    0x0800415c   0x0800415c   0x000000be   Code   RO         5047    i.HAL_UART_Transmit  stm32h7xx_hal_uart.o
    0x0800421a   0x0800421a   0x00000002   Code   RO          394    i.HardFault_Handler  stm32h7xx_it.o
    0x0800421c   0x0800421c   0x00000038   Code   RO          789    i.IntToUnicode      usbd_desc.o
    0x08004254   0x08004254   0x00000044   Code   RO         6382    i.MSC_BOT_Abort     usbd_msc_bot.o
    0x08004298   0x08004298   0x000000d0   Code   RO         6383    i.MSC_BOT_CBW_Decode  usbd_msc_bot.o
    0x08004368   0x08004368   0x00000038   Code   RO         6384    i.MSC_BOT_CplClrFeature  usbd_msc_bot.o
    0x080043a0   0x080043a0   0x0000003a   Code   RO         6385    i.MSC_BOT_DataIn    usbd_msc_bot.o
    0x080043da   0x080043da   0x0000003a   Code   RO         6386    i.MSC_BOT_DataOut   usbd_msc_bot.o
    0x08004414   0x08004414   0x0000000a   Code   RO         6387    i.MSC_BOT_DeInit    usbd_msc_bot.o
    0x0800441e   0x0800441e   0x00000046   Code   RO         6388    i.MSC_BOT_Init      usbd_msc_bot.o
    0x08004464   0x08004464   0x00000032   Code   RO         6389    i.MSC_BOT_Reset     usbd_msc_bot.o
    0x08004496   0x08004496   0x00000002   PAD
    0x08004498   0x08004498   0x0000003c   Code   RO         6390    i.MSC_BOT_SendCSW   usbd_msc_bot.o
    0x080044d4   0x080044d4   0x0000001c   Code   RO          697    i.MX_FATFS_Init     fatfs.o
    0x080044f0   0x080044f0   0x000000c8   Code   RO          267    i.MX_GPIO_Init      gpio.o
    0x080045b8   0x080045b8   0x00000030   Code   RO         6591    i.MX_QUADSPI_Init   qspi_w25q64.o
    0x080045e8   0x080045e8   0x00000028   Code   RO          300    i.MX_SDMMC1_SD_Init  sdmmc.o
    0x08004610   0x08004610   0x00000068   Code   RO          342    i.MX_USART1_UART_Init  usart.o
    0x08004678   0x08004678   0x00000054   Code   RO          740    i.MX_USB_DEVICE_Init  usb_device.o
    0x080046cc   0x080046cc   0x00000002   Code   RO          395    i.MemManage_Handler  stm32h7xx_it.o
    0x080046ce   0x080046ce   0x00000002   Code   RO          396    i.NMI_Handler       stm32h7xx_it.o
    0x080046d0   0x080046d0   0x0000000c   Code   RO          397    i.OTG_FS_IRQHandler  stm32h7xx_it.o
    0x080046dc   0x080046dc   0x000000cc   Code   RO         1171    i.PCD_EP_OutXfrComplete_int  stm32h7xx_hal_pcd.o
    0x080047a8   0x080047a8   0x000000a2   Code   RO         1172    i.PCD_WriteEmptyTxFifo  stm32h7xx_hal_pcd.o
    0x0800484a   0x0800484a   0x00000002   Code   RO          398    i.PendSV_Handler    stm32h7xx_it.o
    0x0800484c   0x0800484c   0x000001a8   Code   RO         4155    i.QSPI_Config       stm32h7xx_hal_qspi.o
    0x080049f4   0x080049f4   0x00000050   Code   RO         6592    i.QSPI_W25Qxx_AutoPollingMemReady  qspi_w25q64.o
    0x08004a44   0x08004a44   0x0000005c   Code   RO         6594    i.QSPI_W25Qxx_BlockErase_64K  qspi_w25q64.o
    0x08004aa0   0x08004aa0   0x00000024   Code   RO         6596    i.QSPI_W25Qxx_Init  qspi_w25q64.o
    0x08004ac4   0x08004ac4   0x0000006c   Code   RO         6598    i.QSPI_W25Qxx_ReadBuffer  qspi_w25q64.o
    0x08004b30   0x08004b30   0x0000005c   Code   RO         6599    i.QSPI_W25Qxx_ReadID  qspi_w25q64.o
    0x08004b8c   0x08004b8c   0x00000064   Code   RO         6600    i.QSPI_W25Qxx_Reset  qspi_w25q64.o
    0x08004bf0   0x08004bf0   0x00000062   Code   RO         6603    i.QSPI_W25Qxx_WriteBuffer  qspi_w25q64.o
    0x08004c52   0x08004c52   0x00000002   PAD
    0x08004c54   0x08004c54   0x0000006c   Code   RO         6604    i.QSPI_W25Qxx_WriteEnable  qspi_w25q64.o
    0x08004cc0   0x08004cc0   0x00000074   Code   RO         6605    i.QSPI_W25Qxx_WritePage  qspi_w25q64.o
    0x08004d34   0x08004d34   0x00000048   Code   RO         4160    i.QSPI_WaitFlagStateUntilTimeout  stm32h7xx_hal_qspi.o
    0x08004d7c   0x08004d7c   0x00000120   Code   RO         1859    i.RCCEx_PLL2_Config  stm32h7xx_hal_rcc_ex.o
    0x08004e9c   0x08004e9c   0x00000120   Code   RO         1860    i.RCCEx_PLL3_Config  stm32h7xx_hal_rcc_ex.o
    0x08004fbc   0x08004fbc   0x00000058   Code   RO            5    i.SCB_DisableDCache  main.o
    0x08005014   0x08005014   0x0000002c   Code   RO            6    i.SCB_DisableICache  main.o
    0x08005040   0x08005040   0x00000022   Code   RO         6487    i.SCSI_CheckAddressRange  usbd_msc_scsi.o
    0x08005062   0x08005062   0x00000002   PAD
    0x08005064   0x08005064   0x00000070   Code   RO         6488    i.SCSI_Inquiry      usbd_msc_scsi.o
    0x080050d4   0x080050d4   0x000001a4   Code   RO         6489    i.SCSI_ProcessCmd   usbd_msc_scsi.o
    0x08005278   0x08005278   0x0000008c   Code   RO         6490    i.SCSI_ProcessRead  usbd_msc_scsi.o
    0x08005304   0x08005304   0x000000a0   Code   RO         6491    i.SCSI_ProcessWrite  usbd_msc_scsi.o
    0x080053a4   0x080053a4   0x000000aa   Code   RO         6492    i.SCSI_Read10       usbd_msc_scsi.o
    0x0800544e   0x0800544e   0x000000b4   Code   RO         6493    i.SCSI_Read12       usbd_msc_scsi.o
    0x08005502   0x08005502   0x0000005e   Code   RO         6494    i.SCSI_ReadCapacity10  usbd_msc_scsi.o
    0x08005560   0x08005560   0x00000096   Code   RO         6495    i.SCSI_ReadCapacity16  usbd_msc_scsi.o
    0x080055f6   0x080055f6   0x0000006e   Code   RO         6496    i.SCSI_ReadFormatCapacity  usbd_msc_scsi.o
    0x08005664   0x08005664   0x0000007c   Code   RO         6497    i.SCSI_RequestSense  usbd_msc_scsi.o
    0x080056e0   0x080056e0   0x00000042   Code   RO         6498    i.SCSI_SenseCode    usbd_msc_scsi.o
    0x08005722   0x08005722   0x00000018   Code   RO         6499    i.SCSI_UpdateBotData  usbd_msc_scsi.o
    0x0800573a   0x0800573a   0x000000c6   Code   RO         6500    i.SCSI_Write10      usbd_msc_scsi.o
    0x08005800   0x08005800   0x000000d8   Code   RO         6501    i.SCSI_Write12      usbd_msc_scsi.o
    0x080058d8   0x080058d8   0x00000034   Code   RO         4363    i.SDMMC_CmdAppCommand  stm32h7xx_ll_sdmmc.o
    0x0800590c   0x0800590c   0x0000002e   Code   RO         4364    i.SDMMC_CmdAppOperCommand  stm32h7xx_ll_sdmmc.o
    0x0800593a   0x0800593a   0x00000032   Code   RO         4365    i.SDMMC_CmdBlockLength  stm32h7xx_ll_sdmmc.o
    0x0800596c   0x0800596c   0x00000034   Code   RO         4366    i.SDMMC_CmdBusWidth  stm32h7xx_ll_sdmmc.o
    0x080059a0   0x080059a0   0x00000054   Code   RO         4370    i.SDMMC_CmdGoIdleState  stm32h7xx_ll_sdmmc.o
    0x080059f4   0x080059f4   0x00000074   Code   RO         4372    i.SDMMC_CmdOperCond  stm32h7xx_ll_sdmmc.o
    0x08005a68   0x08005a68   0x00000034   Code   RO         4373    i.SDMMC_CmdReadMultiBlock  stm32h7xx_ll_sdmmc.o
    0x08005a9c   0x08005a9c   0x00000034   Code   RO         4374    i.SDMMC_CmdReadSingleBlock  stm32h7xx_ll_sdmmc.o
    0x08005ad0   0x08005ad0   0x00000032   Code   RO         4377    i.SDMMC_CmdSelDesel  stm32h7xx_ll_sdmmc.o
    0x08005b02   0x08005b02   0x0000002c   Code   RO         4378    i.SDMMC_CmdSendCID  stm32h7xx_ll_sdmmc.o
    0x08005b2e   0x08005b2e   0x00000030   Code   RO         4379    i.SDMMC_CmdSendCSD  stm32h7xx_ll_sdmmc.o
    0x08005b5e   0x08005b5e   0x00000032   Code   RO         4381    i.SDMMC_CmdSendSCR  stm32h7xx_ll_sdmmc.o
    0x08005b90   0x08005b90   0x00000034   Code   RO         4382    i.SDMMC_CmdSendStatus  stm32h7xx_ll_sdmmc.o
    0x08005bc4   0x08005bc4   0x00000032   Code   RO         4383    i.SDMMC_CmdSetRelAdd  stm32h7xx_ll_sdmmc.o
    0x08005bf6   0x08005bf6   0x00000032   Code   RO         4384    i.SDMMC_CmdStatusRegister  stm32h7xx_ll_sdmmc.o
    0x08005c28   0x08005c28   0x00000054   Code   RO         4385    i.SDMMC_CmdStopTransfer  stm32h7xx_ll_sdmmc.o
    0x08005c7c   0x08005c7c   0x00000032   Code   RO         4387    i.SDMMC_CmdVoltageSwitch  stm32h7xx_ll_sdmmc.o
    0x08005cae   0x08005cae   0x00000034   Code   RO         4388    i.SDMMC_CmdWriteMultiBlock  stm32h7xx_ll_sdmmc.o
    0x08005ce2   0x08005ce2   0x00000034   Code   RO         4389    i.SDMMC_CmdWriteSingleBlock  stm32h7xx_ll_sdmmc.o
    0x08005d16   0x08005d16   0x00000026   Code   RO         4390    i.SDMMC_ConfigData  stm32h7xx_ll_sdmmc.o
    0x08005d3c   0x08005d3c   0x00000124   Code   RO         4391    i.SDMMC_GetCmdResp1  stm32h7xx_ll_sdmmc.o
    0x08005e60   0x08005e60   0x00000054   Code   RO         4392    i.SDMMC_GetCmdResp2  stm32h7xx_ll_sdmmc.o
    0x08005eb4   0x08005eb4   0x00000048   Code   RO         4393    i.SDMMC_GetCmdResp3  stm32h7xx_ll_sdmmc.o
    0x08005efc   0x08005efc   0x0000008c   Code   RO         4394    i.SDMMC_GetCmdResp6  stm32h7xx_ll_sdmmc.o
    0x08005f88   0x08005f88   0x00000008   Code   RO         4398    i.SDMMC_GetPowerState  stm32h7xx_ll_sdmmc.o
    0x08005f90   0x08005f90   0x00000006   Code   RO         4399    i.SDMMC_GetResponse  stm32h7xx_ll_sdmmc.o
    0x08005f96   0x08005f96   0x00000002   PAD
    0x08005f98   0x08005f98   0x00000020   Code   RO         4400    i.SDMMC_Init        stm32h7xx_ll_sdmmc.o
    0x08005fb8   0x08005fb8   0x0000000c   Code   RO         4403    i.SDMMC_PowerState_ON  stm32h7xx_ll_sdmmc.o
    0x08005fc4   0x08005fc4   0x00000006   Code   RO         4404    i.SDMMC_ReadFIFO    stm32h7xx_ll_sdmmc.o
    0x08005fca   0x08005fca   0x00000002   PAD
    0x08005fcc   0x08005fcc   0x00000028   Code   RO         4405    i.SDMMC_SendCommand  stm32h7xx_ll_sdmmc.o
    0x08005ff4   0x08005ff4   0x0000000a   Code   RO         4407    i.SDMMC_WriteFIFO   stm32h7xx_ll_sdmmc.o
    0x08005ffe   0x08005ffe   0x00000002   PAD
    0x08006000   0x08006000   0x00000020   Code   RO          613    i.SD_CheckStatus    sd_diskio.o
    0x08006020   0x08006020   0x000000e4   Code   RO         4715    i.SD_FindSCR        stm32h7xx_hal_sd.o
    0x08006104   0x08006104   0x000000d4   Code   RO         4717    i.SD_InitCard       stm32h7xx_hal_sd.o
    0x080061d8   0x080061d8   0x00000144   Code   RO         4718    i.SD_PowerON        stm32h7xx_hal_sd.o
    0x0800631c   0x0800631c   0x000000e4   Code   RO         4719    i.SD_SendSDStatus   stm32h7xx_hal_sd.o
    0x08006400   0x08006400   0x00000020   Code   RO          614    i.SD_initialize     sd_diskio.o
    0x08006420   0x08006420   0x00000058   Code   RO          615    i.SD_ioctl          sd_diskio.o
    0x08006478   0x08006478   0x00000026   Code   RO          616    i.SD_read           sd_diskio.o
    0x0800649e   0x0800649e   0x00000004   Code   RO          617    i.SD_status         sd_diskio.o
    0x080064a2   0x080064a2   0x00000002   PAD
    0x080064a4   0x080064a4   0x00000026   Code   RO          618    i.SD_write          sd_diskio.o
    0x080064ca   0x080064ca   0x00000002   PAD
    0x080064cc   0x080064cc   0x00000024   Code   RO          875    i.STORAGE_GetCapacity_FS  usbd_storage_if.o
    0x080064f0   0x080064f0   0x00000004   Code   RO          876    i.STORAGE_GetMaxLun_FS  usbd_storage_if.o
    0x080064f4   0x080064f4   0x00000004   Code   RO          877    i.STORAGE_Init_FS   usbd_storage_if.o
    0x080064f8   0x080064f8   0x00000004   Code   RO          878    i.STORAGE_IsReady_FS  usbd_storage_if.o
    0x080064fc   0x080064fc   0x00000004   Code   RO          879    i.STORAGE_IsWriteProtected_FS  usbd_storage_if.o
    0x08006500   0x08006500   0x00000018   Code   RO          880    i.STORAGE_Read_FS   usbd_storage_if.o
    0x08006518   0x08006518   0x00000018   Code   RO          881    i.STORAGE_Write_FS  usbd_storage_if.o
    0x08006530   0x08006530   0x00000002   Code   RO          399    i.SVC_Handler       stm32h7xx_it.o
    0x08006532   0x08006532   0x0000000a   Code   RO         6152    i.SWAPBYTE          usbd_ctlreq.o
    0x0800653c   0x0800653c   0x00000004   Code   RO          400    i.SysTick_Handler   stm32h7xx_it.o
    0x08006540   0x08006540   0x00000110   Code   RO            7    i.SystemClock_Config  main.o
    0x08006650   0x08006650   0x000000e4   Code   RO         5513    i.SystemInit        system_stm32h7xx.o
    0x08006734   0x08006734   0x00000064   Code   RO         5422    i.UARTEx_SetNbDataToProcess  stm32h7xx_hal_uart_ex.o
    0x08006798   0x08006798   0x000000c8   Code   RO         5052    i.UART_AdvFeatureConfig  stm32h7xx_hal_uart.o
    0x08006860   0x08006860   0x0000005e   Code   RO         5053    i.UART_CheckIdleState  stm32h7xx_hal_uart.o
    0x080068be   0x080068be   0x00000002   PAD
    0x080068c0   0x080068c0   0x000003b0   Code   RO         5070    i.UART_SetConfig    stm32h7xx_hal_uart.o
    0x08006c70   0x08006c70   0x000000a4   Code   RO         5075    i.UART_WaitOnFlagUntilTimeout  stm32h7xx_hal_uart.o
    0x08006d14   0x08006d14   0x00000010   Code   RO         6010    i.USBD_ClrClassConfig  usbd_core.o
    0x08006d24   0x08006d24   0x00000010   Code   RO         6229    i.USBD_CtlContinueRx  usbd_ioreq.o
    0x08006d34   0x08006d34   0x00000010   Code   RO         6230    i.USBD_CtlContinueSendData  usbd_ioreq.o
    0x08006d44   0x08006d44   0x00000016   Code   RO         6153    i.USBD_CtlError     usbd_ctlreq.o
    0x08006d5a   0x08006d5a   0x00000016   Code   RO         6232    i.USBD_CtlReceiveStatus  usbd_ioreq.o
    0x08006d70   0x08006d70   0x0000001a   Code   RO         6233    i.USBD_CtlSendData  usbd_ioreq.o
    0x08006d8a   0x08006d8a   0x00000016   Code   RO         6234    i.USBD_CtlSendStatus  usbd_ioreq.o
    0x08006da0   0x08006da0   0x00000020   Code   RO          790    i.USBD_FS_ConfigStrDescriptor  usbd_desc.o
    0x08006dc0   0x08006dc0   0x0000000c   Code   RO          791    i.USBD_FS_DeviceDescriptor  usbd_desc.o
    0x08006dcc   0x08006dcc   0x00000024   Code   RO          792    i.USBD_FS_InterfaceStrDescriptor  usbd_desc.o
    0x08006df0   0x08006df0   0x0000000c   Code   RO          793    i.USBD_FS_LangIDStrDescriptor  usbd_desc.o
    0x08006dfc   0x08006dfc   0x00000028   Code   RO          794    i.USBD_FS_ManufacturerStrDescriptor  usbd_desc.o
    0x08006e24   0x08006e24   0x00000028   Code   RO          795    i.USBD_FS_ProductStrDescriptor  usbd_desc.o
    0x08006e4c   0x08006e4c   0x0000003c   Code   RO          796    i.USBD_FS_SerialStrDescriptor  usbd_desc.o
    0x08006e88   0x08006e88   0x000000e6   Code   RO         6154    i.USBD_GetDescriptor  usbd_ctlreq.o
    0x08006f6e   0x08006f6e   0x0000004a   Code   RO         6155    i.USBD_GetString    usbd_ctlreq.o
    0x08006fb8   0x08006fb8   0x00000018   Code   RO          953    i.USBD_Get_USB_Status  usbd_conf.o
    0x08006fd0   0x08006fd0   0x00000034   Code   RO         6012    i.USBD_Init         usbd_core.o
    0x08007004   0x08007004   0x00000012   Code   RO          954    i.USBD_LL_ClearStallEP  usbd_conf.o
    0x08007016   0x08007016   0x00000012   Code   RO          955    i.USBD_LL_CloseEP   usbd_conf.o
    0x08007028   0x08007028   0x000000aa   Code   RO         6013    i.USBD_LL_DataInStage  usbd_core.o
    0x080070d2   0x080070d2   0x0000006e   Code   RO         6014    i.USBD_LL_DataOutStage  usbd_core.o
    0x08007140   0x08007140   0x00000004   Code   RO         6015    i.USBD_LL_DevConnected  usbd_core.o
    0x08007144   0x08007144   0x0000001a   Code   RO         6016    i.USBD_LL_DevDisconnected  usbd_core.o
    0x0800715e   0x0800715e   0x00000012   Code   RO          958    i.USBD_LL_FlushEP   usbd_conf.o
    0x08007170   0x08007170   0x00000008   Code   RO          959    i.USBD_LL_GetRxDataSize  usbd_conf.o
    0x08007178   0x08007178   0x00000064   Code   RO          960    i.USBD_LL_Init      usbd_conf.o
    0x080071dc   0x080071dc   0x00000020   Code   RO          961    i.USBD_LL_IsStallEP  usbd_conf.o
    0x080071fc   0x080071fc   0x00000004   Code   RO         6017    i.USBD_LL_IsoINIncomplete  usbd_core.o
    0x08007200   0x08007200   0x00000004   Code   RO         6018    i.USBD_LL_IsoOUTIncomplete  usbd_core.o
    0x08007204   0x08007204   0x00000018   Code   RO          962    i.USBD_LL_OpenEP    usbd_conf.o
    0x0800721c   0x0800721c   0x00000012   Code   RO          963    i.USBD_LL_PrepareReceive  usbd_conf.o
    0x0800722e   0x0800722e   0x00000052   Code   RO         6019    i.USBD_LL_Reset     usbd_core.o
    0x08007280   0x08007280   0x00000014   Code   RO         6020    i.USBD_LL_Resume    usbd_core.o
    0x08007294   0x08007294   0x00000018   Code   RO         6021    i.USBD_LL_SOF       usbd_core.o
    0x080072ac   0x080072ac   0x00000006   Code   RO         6022    i.USBD_LL_SetSpeed  usbd_core.o
    0x080072b2   0x080072b2   0x00000012   Code   RO          964    i.USBD_LL_SetUSBAddress  usbd_conf.o
    0x080072c4   0x080072c4   0x0000005c   Code   RO         6023    i.USBD_LL_SetupStage  usbd_core.o
    0x08007320   0x08007320   0x00000012   Code   RO          965    i.USBD_LL_StallEP   usbd_conf.o
    0x08007332   0x08007332   0x00000012   Code   RO          966    i.USBD_LL_Start     usbd_conf.o
    0x08007344   0x08007344   0x00000012   Code   RO         6024    i.USBD_LL_Suspend   usbd_core.o
    0x08007356   0x08007356   0x00000012   Code   RO          968    i.USBD_LL_Transmit  usbd_conf.o
    0x08007368   0x08007368   0x0000000a   Code   RO         6293    i.USBD_MSC_DataIn   usbd_msc.o
    0x08007372   0x08007372   0x0000000a   Code   RO         6294    i.USBD_MSC_DataOut  usbd_msc.o
    0x0800737c   0x0800737c   0x00000032   Code   RO         6295    i.USBD_MSC_DeInit   usbd_msc.o
    0x080073ae   0x080073ae   0x00000002   PAD
    0x080073b0   0x080073b0   0x0000000c   Code   RO         6296    i.USBD_MSC_GetDeviceQualifierDescriptor  usbd_msc.o
    0x080073bc   0x080073bc   0x0000000c   Code   RO         6297    i.USBD_MSC_GetFSCfgDesc  usbd_msc.o
    0x080073c8   0x080073c8   0x0000000c   Code   RO         6298    i.USBD_MSC_GetHSCfgDesc  usbd_msc.o
    0x080073d4   0x080073d4   0x0000000c   Code   RO         6299    i.USBD_MSC_GetOtherSpeedCfgDesc  usbd_msc.o
    0x080073e0   0x080073e0   0x00000062   Code   RO         6300    i.USBD_MSC_Init     usbd_msc.o
    0x08007442   0x08007442   0x0000000e   Code   RO         6301    i.USBD_MSC_RegisterStorage  usbd_msc.o
    0x08007450   0x08007450   0x000000d0   Code   RO         6302    i.USBD_MSC_Setup    usbd_msc.o
    0x08007520   0x08007520   0x0000002a   Code   RO         6156    i.USBD_ParseSetupRequest  usbd_ctlreq.o
    0x0800754a   0x0800754a   0x00000022   Code   RO         6025    i.USBD_RegisterClass  usbd_core.o
    0x0800756c   0x0800756c   0x00000014   Code   RO         6027    i.USBD_SetClassConfig  usbd_core.o
    0x08007580   0x08007580   0x000000bc   Code   RO         6157    i.USBD_SetConfig    usbd_ctlreq.o
    0x0800763c   0x0800763c   0x00000004   Code   RO         6028    i.USBD_Start        usbd_core.o
    0x08007640   0x08007640   0x00000116   Code   RO         6158    i.USBD_StdDevReq    usbd_ctlreq.o
    0x08007756   0x08007756   0x0000014c   Code   RO         6159    i.USBD_StdEPReq     usbd_ctlreq.o
    0x080078a2   0x080078a2   0x00000054   Code   RO         6160    i.USBD_StdItfReq    usbd_ctlreq.o
    0x080078f6   0x080078f6   0x00000002   PAD
    0x080078f8   0x080078f8   0x00000080   Code   RO         1432    i.USB_ActivateEndpoint  stm32h7xx_ll_usb.o
    0x08007978   0x08007978   0x0000001c   Code   RO         1434    i.USB_ActivateSetup  stm32h7xx_ll_usb.o
    0x08007994   0x08007994   0x00000078   Code   RO         1436    i.USB_CoreInit      stm32h7xx_ll_usb.o
    0x08007a0c   0x08007a0c   0x00000038   Code   RO         1437    i.USB_CoreReset     stm32h7xx_ll_usb.o
    0x08007a44   0x08007a44   0x000000cc   Code   RO         1440    i.USB_DeactivateEndpoint  stm32h7xx_ll_usb.o
    0x08007b10   0x08007b10   0x00000018   Code   RO         1441    i.USB_DevConnect    stm32h7xx_ll_usb.o
    0x08007b28   0x08007b28   0x00000018   Code   RO         1442    i.USB_DevDisconnect  stm32h7xx_ll_usb.o
    0x08007b40   0x08007b40   0x00000178   Code   RO         1443    i.USB_DevInit       stm32h7xx_ll_usb.o
    0x08007cb8   0x08007cb8   0x0000000c   Code   RO         1444    i.USB_DisableGlobalInt  stm32h7xx_ll_usb.o
    0x08007cc4   0x08007cc4   0x0000011c   Code   RO         1447    i.USB_EP0StartXfer  stm32h7xx_ll_usb.o
    0x08007de0   0x08007de0   0x00000058   Code   RO         1448    i.USB_EP0_OutStart  stm32h7xx_ll_usb.o
    0x08007e38   0x08007e38   0x00000058   Code   RO         1449    i.USB_EPClearStall  stm32h7xx_ll_usb.o
    0x08007e90   0x08007e90   0x00000058   Code   RO         1450    i.USB_EPSetStall    stm32h7xx_ll_usb.o
    0x08007ee8   0x08007ee8   0x000001e8   Code   RO         1451    i.USB_EPStartXfer   stm32h7xx_ll_usb.o
    0x080080d0   0x080080d0   0x0000000c   Code   RO         1452    i.USB_EnableGlobalInt  stm32h7xx_ll_usb.o
    0x080080dc   0x080080dc   0x00000020   Code   RO         1453    i.USB_FlushRxFifo   stm32h7xx_ll_usb.o
    0x080080fc   0x080080fc   0x00000024   Code   RO         1454    i.USB_FlushTxFifo   stm32h7xx_ll_usb.o
    0x08008120   0x08008120   0x0000001a   Code   RO         1456    i.USB_GetDevSpeed   stm32h7xx_ll_usb.o
    0x0800813a   0x0800813a   0x00000008   Code   RO         1458    i.USB_GetMode       stm32h7xx_ll_usb.o
    0x08008142   0x08008142   0x0000000e   Code   RO         1465    i.USB_ReadDevAllInEpInterrupt  stm32h7xx_ll_usb.o
    0x08008150   0x08008150   0x0000000e   Code   RO         1466    i.USB_ReadDevAllOutEpInterrupt  stm32h7xx_ll_usb.o
    0x0800815e   0x0800815e   0x00000024   Code   RO         1467    i.USB_ReadDevInEPInterrupt  stm32h7xx_ll_usb.o
    0x08008182   0x08008182   0x00000010   Code   RO         1468    i.USB_ReadDevOutEPInterrupt  stm32h7xx_ll_usb.o
    0x08008192   0x08008192   0x00000008   Code   RO         1469    i.USB_ReadInterrupts  stm32h7xx_ll_usb.o
    0x0800819a   0x0800819a   0x0000001c   Code   RO         1470    i.USB_ReadPacket    stm32h7xx_ll_usb.o
    0x080081b6   0x080081b6   0x0000002e   Code   RO         1472    i.USB_SetCurrentMode  stm32h7xx_ll_usb.o
    0x080081e4   0x080081e4   0x00000022   Code   RO         1473    i.USB_SetDevAddress  stm32h7xx_ll_usb.o
    0x08008206   0x08008206   0x00000002   PAD
    0x08008208   0x08008208   0x000000e8   Code   RO         1475    i.USB_SetTurnaroundTime  stm32h7xx_ll_usb.o
    0x080082f0   0x080082f0   0x00000024   Code   RO         1478    i.USB_WritePacket   stm32h7xx_ll_usb.o
    0x08008314   0x08008314   0x00000002   Code   RO          401    i.UsageFault_Handler  stm32h7xx_it.o
    0x08008316   0x08008316   0x00000002   PAD
    0x08008318   0x08008318   0x00000020   Code   RO         6996    i.__0printf         mc_w.l(printfa.o)
    0x08008338   0x08008338   0x00000028   Code   RO         6998    i.__0sprintf        mc_w.l(printfa.o)
    0x08008360   0x08008360   0x00000022   Code   RO         3077    i.__NVIC_SetPriority  stm32h7xx_hal_cortex.o
    0x08008382   0x08008382   0x0000000e   Code   RO         7096    i.__scatterload_copy  mc_w.l(handlers.o)
    0x08008390   0x08008390   0x00000002   Code   RO         7097    i.__scatterload_null  mc_w.l(handlers.o)
    0x08008392   0x08008392   0x0000000e   Code   RO         7098    i.__scatterload_zeroinit  mc_w.l(handlers.o)
    0x080083a0   0x080083a0   0x00000184   Code   RO         7003    i._fp_digits        mc_w.l(printfa.o)
    0x08008524   0x08008524   0x000006b4   Code   RO         7004    i._printf_core      mc_w.l(printfa.o)
    0x08008bd8   0x08008bd8   0x00000024   Code   RO         7005    i._printf_post_padding  mc_w.l(printfa.o)
    0x08008bfc   0x08008bfc   0x0000002e   Code   RO         7006    i._printf_pre_padding  mc_w.l(printfa.o)
    0x08008c2a   0x08008c2a   0x0000000a   Code   RO         7008    i._sputc            mc_w.l(printfa.o)
    0x08008c34   0x08008c34   0x00000070   Code   RO         5604    i.check_fs          ff.o
    0x08008ca4   0x08008ca4   0x0000005c   Code   RO         5605    i.chk_lock          ff.o
    0x08008d00   0x08008d00   0x00000020   Code   RO         5606    i.clear_lock        ff.o
    0x08008d20   0x08008d20   0x00000024   Code   RO         5607    i.clmt_clust        ff.o
    0x08008d44   0x08008d44   0x00000018   Code   RO         5608    i.clust2sect        ff.o
    0x08008d5c   0x08008d5c   0x00000028   Code   RO         6713    i.crc32             bootloader.o
    0x08008d84   0x08008d84   0x000000a6   Code   RO         5609    i.create_chain      ff.o
    0x08008e2a   0x08008e2a   0x00000002   PAD
    0x08008e2c   0x08008e2c   0x000000bc   Code   RO         5610    i.create_name       ff.o
    0x08008ee8   0x08008ee8   0x00000034   Code   RO         5611    i.dec_lock          ff.o
    0x08008f1c   0x08008f1c   0x00000066   Code   RO         5612    i.dir_find          ff.o
    0x08008f82   0x08008f82   0x00000002   PAD
    0x08008f84   0x08008f84   0x000000f4   Code   RO         5613    i.dir_next          ff.o
    0x08009078   0x08009078   0x00000066   Code   RO         5615    i.dir_register      ff.o
    0x080090de   0x080090de   0x00000082   Code   RO         5617    i.dir_sdi           ff.o
    0x08009160   0x08009160   0x00000028   Code   RO         5549    i.disk_initialize   diskio.o
    0x08009188   0x08009188   0x00000018   Code   RO         5550    i.disk_ioctl        diskio.o
    0x080091a0   0x080091a0   0x0000001c   Code   RO         5551    i.disk_read         diskio.o
    0x080091bc   0x080091bc   0x00000014   Code   RO         5552    i.disk_status       diskio.o
    0x080091d0   0x080091d0   0x0000001c   Code   RO         5553    i.disk_write        diskio.o
    0x080091ec   0x080091ec   0x00000028   Code   RO         5618    i.f_close           ff.o
    0x08009214   0x08009214   0x0000021a   Code   RO         5622    i.f_lseek           ff.o
    0x0800942e   0x0800942e   0x00000002   PAD
    0x08009430   0x08009430   0x00000150   Code   RO         5623    i.f_mkdir           ff.o
    0x08009580   0x08009580   0x00000058   Code   RO         5625    i.f_mount           ff.o
    0x080095d8   0x080095d8   0x00000210   Code   RO         5626    i.f_open            ff.o
    0x080097e8   0x080097e8   0x00000154   Code   RO         5631    i.f_read            ff.o
    0x0800993c   0x0800993c   0x0000008e   Code   RO         5635    i.f_sync            ff.o
    0x080099ca   0x080099ca   0x0000018c   Code   RO         5638    i.f_write           ff.o
    0x08009b56   0x08009b56   0x00000002   PAD
    0x08009b58   0x08009b58   0x00000258   Code   RO         5639    i.find_volume       ff.o
    0x08009db0   0x08009db0   0x00000074   Code   RO         5640    i.follow_path       ff.o
    0x08009e24   0x08009e24   0x00000018   Code   RO          343    i.fputc             usart.o
    0x08009e3c   0x08009e3c   0x00000050   Code   RO         7024    i.free              mc_w.l(malloc.o)
    0x08009e8c   0x08009e8c   0x000000be   Code   RO         5641    i.get_fat           ff.o
    0x08009f4a   0x08009f4a   0x00000004   Code   RO          699    i.get_fattime       fatfs.o
    0x08009f4e   0x08009f4e   0x0000003c   Code   RO         5643    i.get_ldnumber      ff.o
    0x08009f8a   0x08009f8a   0x00000002   PAD
    0x08009f8c   0x08009f8c   0x00000080   Code   RO         5644    i.inc_lock          ff.o
    0x0800a00c   0x0800a00c   0x00000026   Code   RO         5645    i.ld_clust          ff.o
    0x0800a032   0x0800a032   0x00000016   Code   RO         5646    i.ld_dword          ff.o
    0x0800a048   0x0800a048   0x0000000a   Code   RO         5647    i.ld_word           ff.o
    0x0800a052   0x0800a052   0x00000002   PAD
    0x0800a054   0x0800a054   0x000002c8   Code   RO            8    i.main              main.o
    0x0800a31c   0x0800a31c   0x0000006c   Code   RO         7025    i.malloc            mc_w.l(malloc.o)
    0x0800a388   0x0800a388   0x00000012   Code   RO         5648    i.mem_cpy           ff.o
    0x0800a39a   0x0800a39a   0x00000002   PAD
    0x0800a39c   0x0800a39c   0x0000000e   Code   RO         5649    i.mem_set           ff.o
    0x0800a3aa   0x0800a3aa   0x00000032   Code   RO         5650    i.move_window       ff.o
    0x0800a3dc   0x0800a3dc   0x000000f0   Code   RO         5651    i.put_fat           ff.o
    0x0800a4cc   0x0800a4cc   0x00000190   Code   RO         6714    i.read_bin          bootloader.o
    0x0800a65c   0x0800a65c   0x00000074   Code   RO         5654    i.remove_chain      ff.o
    0x0800a6d0   0x0800a6d0   0x00000028   Code   RO         5655    i.st_clust          ff.o
    0x0800a6f8   0x0800a6f8   0x00000010   Code   RO         5656    i.st_dword          ff.o
    0x0800a708   0x0800a708   0x00000008   Code   RO         5657    i.st_word           ff.o
    0x0800a710   0x0800a710   0x00000088   Code   RO         5658    i.sync_fs           ff.o
    0x0800a798   0x0800a798   0x00000052   Code   RO         5659    i.sync_window       ff.o
    0x0800a7ea   0x0800a7ea   0x00000034   Code   RO         5660    i.validate          ff.o
    0x0800a81e   0x0800a81e   0x00000002   PAD
    0x0800a820   0x0800a820   0x00000014   Data   RO          619    .constdata          sd_diskio.o
    0x0800a834   0x0800a834   0x00000024   Data   RO          882    .constdata          usbd_storage_if.o
    0x0800a858   0x0800a858   0x00000018   Data   RO         5076    .constdata          stm32h7xx_hal_uart.o
    0x0800a870   0x0800a870   0x00000010   Data   RO         5514    .constdata          system_stm32h7xx.o
    0x0800a880   0x0800a880   0x0000009c   Data   RO         5662    .constdata          ff.o
    0x0800a91c   0x0800a91c   0x00000400   Data   RO         6716    .constdata          bootloader.o
    0x0800ad1c   0x0800ad1c   0x00000020   Data   RO         7094    Region$$Table       anon$$obj.o


    Execution Region RW_IRAM1 (Exec base: 0x20000000, Load base: 0x0800ad3c, Size: 0x00000000, Max: 0x00020000, ABSOLUTE)

    **** No section assigned to this execution region ****


    Execution Region RW_IRAM2 (Exec base: 0x24000000, Load base: 0x0800ad3c, Size: 0x0004b8f0, Max: 0x00080000, ABSOLUTE, COMPRESSED[0x000000c0])

    Exec Addr    Load Addr    Size         Type   Attr      Idx    E Section Name        Object

    0x24000000   COMPRESSED   0x00000004   Data   RW           10    .data               main.o
    0x24000004   COMPRESSED   0x00000001   Data   RW          620    .data               sd_diskio.o
    0x24000005   COMPRESSED   0x00000006   Data   RW          701    .data               fatfs.o
    0x2400000b   COMPRESSED   0x00000001   PAD
    0x2400000c   COMPRESSED   0x0000001c   Data   RW          798    .data               usbd_desc.o
    0x24000028   COMPRESSED   0x00000032   Data   RW          799    .data               usbd_desc.o
    0x2400005a   COMPRESSED   0x00000002   PAD
    0x2400005c   COMPRESSED   0x00000020   Data   RW          883    .data               usbd_storage_if.o
    0x2400007c   COMPRESSED   0x0000000c   Data   RW         3251    .data               stm32h7xx_hal.o
    0x24000088   COMPRESSED   0x00000008   Data   RW         5515    .data               system_stm32h7xx.o
    0x24000090   COMPRESSED   0x00000008   Data   RW         5663    .data               ff.o
    0x24000098   COMPRESSED   0x00000001   Data   RW         6161    .data               usbd_ctlreq.o
    0x24000099   COMPRESSED   0x00000003   PAD
    0x2400009c   COMPRESSED   0x00000038   Data   RW         6303    .data               usbd_msc.o
    0x240000d4   COMPRESSED   0x0000006a   Data   RW         6304    .data               usbd_msc.o
    0x2400013e   COMPRESSED   0x00000006   Data   RW         6456    .data               usbd_msc_data.o
    0x24000144   COMPRESSED   0x00000008   Data   RW         6457    .data               usbd_msc_data.o
    0x2400014c   COMPRESSED   0x00000017   Data   RW         6458    .data               usbd_msc_data.o
    0x24000163   COMPRESSED   0x0000001b   Data   RW         6459    .data               usbd_msc_data.o
    0x2400017e   COMPRESSED   0x00000002   PAD
    0x24000180   COMPRESSED   0x00000010   Data   RW         6717    .data               bootloader.o
    0x24000190   COMPRESSED   0x00000004   Data   RW         7068    .data               mc_w.l(stdout.o)
    0x24000194   COMPRESSED   0x00000004   Data   RW         7075    .data               mc_w.l(mvars.o)
    0x24000198   COMPRESSED   0x00000004   Data   RW         7076    .data               mc_w.l(mvars.o)
    0x2400019c        -       0x00000230   Zero   RW            9    .bss                main.o
    0x240003cc        -       0x00000080   Zero   RW          301    .bss                sdmmc.o
    0x2400044c        -       0x0000008c   Zero   RW          344    .bss                usart.o
    0x240004d8        -       0x00000460   Zero   RW          700    .bss                fatfs.o
    0x24000938        -       0x000002d0   Zero   RW          741    .bss                usb_device.o
    0x24000c08        -       0x00000200   Zero   RW          797    .bss                usbd_desc.o
    0x24000e08        -       0x00000408   Zero   RW          969    .bss                usbd_conf.o
    0x24001210        -       0x00000020   Zero   RW         5661    .bss                ff.o
    0x24001230        -       0x0000000c   Zero   RW         5940    .bss                ff_gen_drv.o
    0x2400123c        -       0x0001004c   Zero   RW         6606    .bss                qspi_w25q64.o
    0x24011288        -       0x00032064   Zero   RW         6715    .bss                bootloader.o
    0x240432ec   COMPRESSED   0x00000004   PAD
    0x240432f0        -       0x00004200   Zero   RW         5503    HEAP                startup_stm32h750xx.o
    0x240474f0        -       0x00004400   Zero   RW         5502    STACK               startup_stm32h750xx.o


==============================================================================

Image component sizes


      Code (inc. data)   RO Data    RW Data    ZI Data      Debug   Object Name

       440         78       1024         16     204900       2899   bootloader.o
       174         26          0          0          0       4157   bsp_driver_sd.o
       140         26          0          0          0       3817   diskio.o
        32         10          0          6       1120       2241   fatfs.o
        20          4          0          0          0        561   fatfs_platform.o
      5624         82        156          8         32      43106   ff.o
       128         12          0          0         12       2999   ff_gen_drv.o
       200         16          0          0          0       1135   gpio.o
      1120        172          0          4        560    1337920   main.o
      1142         74          0          0      65612       9426   qspi_w25q64.o
       232         14         20          1          0       4676   sd_diskio.o
       236         44          0          0        128       2371   sdmmc.o
        36          8        664          0      34304        800   startup_stm32h750xx.o
       232         44          0         12          0      23392   stm32h7xx_hal.o
       232         12          0          0          0      39645   stm32h7xx_hal_cortex.o
       962         94          0          0          0       4906   stm32h7xx_hal_gpio.o
        28          6          0          0          0        922   stm32h7xx_hal_msp.o
      2438         16          0          0          0      13728   stm32h7xx_hal_pcd.o
       120          6          0          0          0       3275   stm32h7xx_hal_pcd_ex.o
       100         10          0          0          0       1350   stm32h7xx_hal_pwr_ex.o
      1346         10          0          0          0       8175   stm32h7xx_hal_qspi.o
      2344        108          0          0          0       7088   stm32h7xx_hal_rcc.o
      4294        170          0          0          0      10379   stm32h7xx_hal_rcc_ex.o
      3268         56          0          0          0      16139   stm32h7xx_hal_sd.o
      1698        108         24          0          0      25746   stm32h7xx_hal_uart.o
       316         18          0          0          0       3785   stm32h7xx_hal_uart_ex.o
        32          6          0          0          0       4582   stm32h7xx_it.o
      1826         72          0          0          0      24579   stm32h7xx_ll_sdmmc.o
      2586        130          0          0          0      22767   stm32h7xx_ll_usb.o
       228         40         16          8          0       1522   system_stm32h7xx.o
       232         28          0          0        140       3650   usart.o
        84         18          0          0        720       5507   usb_device.o
       700         40          0          0       1032      16942   usbd_conf.o
       686          0          0          0          0      12425   usbd_core.o
      1260         28          0          1          0      14148   usbd_ctlreq.o
       288        102          0         78        512       6269   usbd_desc.o
       102          0          0          0          0       3916   usbd_ioreq.o
       438         16          0        162          0       9430   usbd_msc.o
       638         12          0          0          0       7561   usbd_msc_bot.o
         0          0          0         64          0       1045   usbd_msc_data.o
      2198         18          0          0          0      16615   usbd_msc_scsi.o
       100         18         36         32          0       4748   usbd_storage_if.o

    ----------------------------------------------------------------------
     38366       1752       1972        400     309076    1730344   Object Totals
         0          0         32          0          0          0   (incl. Generated)
        66          0          0          8          4          0   (incl. Padding)

    ----------------------------------------------------------------------

      Code (inc. data)   RO Data    RW Data    ZI Data      Debug   Library Member Name

        86          0          0          0          0          0   __dczerorl2.o
         0          0          0          0          0          0   entry.o
         0          0          0          0          0          0   entry10a.o
         0          0          0          0          0          0   entry11a.o
         4          0          0          0          0          0   entry12b.o
         8          4          0          0          0          0   entry2.o
         4          0          0          0          0          0   entry5.o
         0          0          0          0          0          0   entry7b.o
         0          0          0          0          0          0   entry8b.o
         8          4          0          0          0          0   entry9a.o
        30          0          0          0          0          0   handlers.o
        36          8          0          0          0         68   init.o
         0          0          0          0          0          0   iusefp.o
        30          0          0          0          0         68   llshl.o
        36          0          0          0          0         68   llsshr.o
        32          0          0          0          0         68   llushr.o
       188         20          0          0          0        160   malloc.o
        36          0          0          0          0         68   memcpya.o
        36          0          0          0          0        108   memseta.o
         0          0          0          8          0          0   mvars.o
      2268         96          0          0          0        616   printfa.o
         0          0          0          4          0          0   stdout.o
        44          0          0          0          0         80   uidiv.o
        98          0          0          0          0         92   uldiv.o
        48          0          0          0          0         68   cdrcmple.o
       334          0          0          0          0        148   dadd.o
       222          0          0          0          0        100   ddiv.o
       186          0          0          0          0        176   depilogue.o
        48          0          0          0          0         68   dfixul.o
       228          0          0          0          0         96   dmul.o

    ----------------------------------------------------------------------
      4010        132          0         12          0       2052   Library Totals
         0          0          0          0          0          0   (incl. Padding)

    ----------------------------------------------------------------------

      Code (inc. data)   RO Data    RW Data    ZI Data      Debug   Library Name

      2944        132          0         12          0       1396   mc_w.l
      1066          0          0          0          0        656   mf_w.l

    ----------------------------------------------------------------------
      4010        132          0         12          0       2052   Library Totals

    ----------------------------------------------------------------------

==============================================================================


      Code (inc. data)   RO Data    RW Data    ZI Data      Debug   

     42376       1884       1972        412     309076    1697688   Grand Totals
     42376       1884       1972        192     309076    1697688   ELF Image Totals (compressed)
     42376       1884       1972        192          0          0   ROM Totals

==============================================================================

    Total RO  Size (Code + RO Data)                44348 (  43.31kB)
    Total RW  Size (RW Data + ZI Data)            309488 ( 302.23kB)
    Total ROM Size (Code + RO Data + RW Data)      44540 (  43.50kB)

==============================================================================

