Component: ARM Compiler 5.06 update 7 (build 960) Tool: armlink [4d3601]

==============================================================================

Section Cross References

    startup_stm32h750xx.o(STACK) refers (Special) to heapauxi.o(.text) for __use_two_region_memory
    startup_stm32h750xx.o(HEAP) refers (Special) to heapauxi.o(.text) for __use_two_region_memory
    startup_stm32h750xx.o(RESET) refers (Special) to heapauxi.o(.text) for __use_two_region_memory
    startup_stm32h750xx.o(RESET) refers to startup_stm32h750xx.o(STACK) for __initial_sp
    startup_stm32h750xx.o(RESET) refers to startup_stm32h750xx.o(.text) for Reset_Handler
    startup_stm32h750xx.o(RESET) refers to stm32h7xx_it.o(i.NMI_Handler) for NMI_Handler
    startup_stm32h750xx.o(RESET) refers to stm32h7xx_it.o(i.HardFault_Handler) for HardFault_Handler
    startup_stm32h750xx.o(RESET) refers to stm32h7xx_it.o(i.MemManage_Handler) for MemManage_Handler
    startup_stm32h750xx.o(RESET) refers to stm32h7xx_it.o(i.BusFault_Handler) for BusFault_Handler
    startup_stm32h750xx.o(RESET) refers to stm32h7xx_it.o(i.UsageFault_Handler) for UsageFault_Handler
    startup_stm32h750xx.o(RESET) refers to stm32h7xx_it.o(i.SVC_Handler) for SVC_Handler
    startup_stm32h750xx.o(RESET) refers to stm32h7xx_it.o(i.DebugMon_Handler) for DebugMon_Handler
    startup_stm32h750xx.o(RESET) refers to stm32h7xx_it.o(i.PendSV_Handler) for PendSV_Handler
    startup_stm32h750xx.o(RESET) refers to stm32h7xx_it.o(i.SysTick_Handler) for SysTick_Handler
    startup_stm32h750xx.o(RESET) refers to stm32h7xx_it.o(i.TIM2_IRQHandler) for TIM2_IRQHandler
    startup_stm32h750xx.o(RESET) refers to stm32h7xx_it.o(i.OTG_FS_IRQHandler) for OTG_FS_IRQHandler
    startup_stm32h750xx.o(.text) refers (Special) to heapauxi.o(.text) for __use_two_region_memory
    startup_stm32h750xx.o(.text) refers to system_stm32h7xx.o(i.SystemInit) for SystemInit
    startup_stm32h750xx.o(.text) refers to __main.o(!!!main) for __main
    startup_stm32h750xx.o(.text) refers to startup_stm32h750xx.o(HEAP) for Heap_Mem
    startup_stm32h750xx.o(.text) refers to startup_stm32h750xx.o(STACK) for Stack_Mem
    main.o(i.SystemClock_Config) refers to rt_memclr_w.o(.text) for __aeabi_memclr4
    main.o(i.SystemClock_Config) refers to stm32h7xx_hal_pwr_ex.o(i.HAL_PWREx_ConfigSupply) for HAL_PWREx_ConfigSupply
    main.o(i.SystemClock_Config) refers to stm32h7xx_hal_rcc.o(i.HAL_RCC_OscConfig) for HAL_RCC_OscConfig
    main.o(i.SystemClock_Config) refers to stm32h7xx_hal_rcc.o(i.HAL_RCC_ClockConfig) for HAL_RCC_ClockConfig
    main.o(i.SystemClock_Config) refers to stm32h7xx_hal_rcc_ex.o(i.HAL_RCCEx_PeriphCLKConfig) for HAL_RCCEx_PeriphCLKConfig
    main.o(i.SystemClock_Config) refers to stm32h7xx_hal_pwr_ex.o(i.HAL_PWREx_EnableUSBVoltageDetector) for HAL_PWREx_EnableUSBVoltageDetector
    main.o(i.main) refers to stm32h7xx_hal.o(i.HAL_Init) for HAL_Init
    main.o(i.main) refers to main.o(i.SystemClock_Config) for SystemClock_Config
    main.o(i.main) refers to gpio.o(i.MX_GPIO_Init) for MX_GPIO_Init
    main.o(i.main) refers to sdmmc.o(i.MX_SDMMC1_SD_Init) for MX_SDMMC1_SD_Init
    main.o(i.main) refers to fatfs.o(i.MX_FATFS_Init) for MX_FATFS_Init
    main.o(i.main) refers to usb_device.o(i.MX_USB_DEVICE_Init) for MX_USB_DEVICE_Init
    main.o(i.main) refers to i2c.o(i.MX_I2C2_Init) for MX_I2C2_Init
    main.o(i.main) refers to spi.o(i.MX_SPI1_Init) for MX_SPI1_Init
    main.o(i.main) refers to tim.o(i.MX_TIM2_Init) for MX_TIM2_Init
    main.o(i.main) refers to rng.o(i.MX_RNG_Init) for MX_RNG_Init
    main.o(i.main) refers to bsp_user.o(i.bsp_init) for bsp_init
    main.o(i.main) refers to spi_lcd.o(i.show_rng) for show_rng
    gpio.o(i.MX_GPIO_Init) refers to rt_memclr_w.o(.text) for __aeabi_memclr4
    gpio.o(i.MX_GPIO_Init) refers to stm32h7xx_hal_gpio.o(i.HAL_GPIO_WritePin) for HAL_GPIO_WritePin
    gpio.o(i.MX_GPIO_Init) refers to stm32h7xx_hal_gpio.o(i.HAL_GPIO_Init) for HAL_GPIO_Init
    i2c.o(i.HAL_I2C_MspDeInit) refers to stm32h7xx_hal_gpio.o(i.HAL_GPIO_DeInit) for HAL_GPIO_DeInit
    i2c.o(i.HAL_I2C_MspInit) refers to rt_memclr_w.o(.text) for __aeabi_memclr4
    i2c.o(i.HAL_I2C_MspInit) refers to stm32h7xx_hal_gpio.o(i.HAL_GPIO_Init) for HAL_GPIO_Init
    i2c.o(i.MX_I2C2_Init) refers to stm32h7xx_hal_i2c.o(i.HAL_I2C_Init) for HAL_I2C_Init
    i2c.o(i.MX_I2C2_Init) refers to main.o(i.Error_Handler) for Error_Handler
    i2c.o(i.MX_I2C2_Init) refers to stm32h7xx_hal_i2c_ex.o(i.HAL_I2CEx_ConfigAnalogFilter) for HAL_I2CEx_ConfigAnalogFilter
    i2c.o(i.MX_I2C2_Init) refers to stm32h7xx_hal_i2c_ex.o(i.HAL_I2CEx_ConfigDigitalFilter) for HAL_I2CEx_ConfigDigitalFilter
    i2c.o(i.MX_I2C2_Init) refers to stm32h7xx_hal_i2c_ex.o(i.HAL_I2CEx_EnableFastModePlus) for HAL_I2CEx_EnableFastModePlus
    i2c.o(i.MX_I2C2_Init) refers to i2c.o(.bss) for .bss
    rng.o(i.MX_RNG_Init) refers to stm32h7xx_hal_rng.o(i.HAL_RNG_Init) for HAL_RNG_Init
[...]
    LPTIM1_IRQHandler                        0x900003d3   Thumb Code     0  startup_stm32h750xx.o(.text)
    LPTIM2_IRQHandler                        0x900003d3   Thumb Code     0  startup_stm32h750xx.o(.text)
    LPTIM3_IRQHandler                        0x900003d3   Thumb Code     0  startup_stm32h750xx.o(.text)
    LPTIM4_IRQHandler                        0x900003d3   Thumb Code     0  startup_stm32h750xx.o(.text)
    LPTIM5_IRQHandler                        0x900003d3   Thumb Code     0  startup_stm32h750xx.o(.text)
    LPUART1_IRQHandler                       0x900003d3   Thumb Code     0  startup_stm32h750xx.o(.text)
    LTDC_ER_IRQHandler                       0x900003d3   Thumb Code     0  startup_stm32h750xx.o(.text)
    LTDC_IRQHandler                          0x900003d3   Thumb Code     0  startup_stm32h750xx.o(.text)
    MDIOS_IRQHandler                         0x900003d3   Thumb Code     0  startup_stm32h750xx.o(.text)
    MDIOS_WKUP_IRQHandler                    0x900003d3   Thumb Code     0  startup_stm32h750xx.o(.text)
    MDMA_IRQHandler                          0x900003d3   Thumb Code     0  startup_stm32h750xx.o(.text)
    OTG_FS_EP1_IN_IRQHandler                 0x900003d3   Thumb Code     0  startup_stm32h750xx.o(.text)
    OTG_FS_EP1_OUT_IRQHandler                0x900003d3   Thumb Code     0  startup_stm32h750xx.o(.text)
    OTG_FS_WKUP_IRQHandler                   0x900003d3   Thumb Code     0  startup_stm32h750xx.o(.text)
    OTG_HS_EP1_IN_IRQHandler                 0x900003d3   Thumb Code     0  startup_stm32h750xx.o(.text)
    OTG_HS_EP1_OUT_IRQHandler                0x900003d3   Thumb Code     0  startup_stm32h750xx.o(.text)
    OTG_HS_IRQHandler                        0x900003d3   Thumb Code     0  startup_stm32h750xx.o(.text)
    OTG_HS_WKUP_IRQHandler                   0x900003d3   Thumb Code     0  startup_stm32h750xx.o(.text)
    PVD_AVD_IRQHandler                       0x900003d3   Thumb Code     0  startup_stm32h750xx.o(.text)
    QUADSPI_IRQHandler                       0x900003d3   Thumb Code     0  startup_stm32h750xx.o(.text)
    RCC_IRQHandler                           0x900003d3   Thumb Code     0  startup_stm32h750xx.o(.text)
    RTC_Alarm_IRQHandler                     0x900003d3   Thumb Code     0  startup_stm32h750xx.o(.text)
    RTC_WKUP_IRQHandler                      0x900003d3   Thumb Code     0  startup_stm32h750xx.o(.text)
    SAI1_IRQHandler                          0x900003d3   Thumb Code     0  startup_stm32h750xx.o(.text)
    SAI2_IRQHandler                          0x900003d3   Thumb Code     0  startup_stm32h750xx.o(.text)
    SAI3_IRQHandler                          0x900003d3   Thumb Code     0  startup_stm32h750xx.o(.text)
    SAI4_IRQHandler                          0x900003d3   Thumb Code     0  startup_stm32h750xx.o(.text)
    SDMMC1_IRQHandler                        0x900003d3   Thumb Code     0  startup_stm32h750xx.o(.text)
    SDMMC2_IRQHandler                        0x900003d3   Thumb Code     0  startup_stm32h750xx.o(.text)
    SPDIF_RX_IRQHandler                      0x900003d3   Thumb Code     0  startup_stm32h750xx.o(.text)
    SPI1_IRQHandler                          0x900003d3   Thumb Code     0  startup_stm32h750xx.o(.text)
    SPI2_IRQHandler                          0x900003d3   Thumb Code     0  startup_stm32h750xx.o(.text)
    SPI3_IRQHandler                          0x900003d3   Thumb Code     0  startup_stm32h750xx.o(.text)
    SPI4_IRQHandler                          0x900003d3   Thumb Code     0  startup_stm32h750xx.o(.text)
    SPI5_IRQHandler                          0x900003d3   Thumb Code     0  startup_stm32h750xx.o(.text)
    SPI6_IRQHandler                          0x900003d3   Thumb Code     0  startup_stm32h750xx.o(.text)
    SWPMI1_IRQHandler                        0x900003d3   Thumb Code     0  startup_stm32h750xx.o(.text)
    TAMP_STAMP_IRQHandler                    0x900003d3   Thumb Code     0  startup_stm32h750xx.o(.text)
    TIM15_IRQHandler                         0x900003d3   Thumb Code     0  startup_stm32h750xx.o(.text)
    TIM16_IRQHandler                         0x900003d3   Thumb Code     0  startup_stm32h750xx.o(.text)
    TIM17_IRQHandler                         0x900003d3   Thumb Code     0  startup_stm32h750xx.o(.text)
    TIM1_BRK_IRQHandler                      0x900003d3   Thumb Code     0  startup_stm32h750xx.o(.text)
    TIM1_CC_IRQHandler                       0x900003d3   Thumb Code     0  startup_stm32h750xx.o(.text)
    TIM1_TRG_COM_IRQHandler                  0x900003d3   Thumb Code     0  startup_stm32h750xx.o(.text)
    TIM1_UP_IRQHandler                       0x900003d3   Thumb Code     0  startup_stm32h750xx.o(.text)
    TIM3_IRQHandler                          0x900003d3   Thumb Code     0  startup_stm32h750xx.o(.text)
    TIM4_IRQHandler                          0x900003d3   Thumb Code     0  startup_stm32h750xx.o(.text)
    TIM5_IRQHandler                          0x900003d3   Thumb Code     0  startup_stm32h750xx.o(.text)
    TIM6_DAC_IRQHandler                      0x900003d3   Thumb Code     0  startup_stm32h750xx.o(.text)
    TIM7_IRQHandler                          0x900003d3   Thumb Code     0  startup_stm32h750xx.o(.text)
    TIM8_BRK_TIM12_IRQHandler                0x900003d3   Thumb Code     0  startup_stm32h750xx.o(.text)
    TIM8_CC_IRQHandler                       0x900003d3   Thumb Code     0  startup_stm32h750xx.o(.text)
    TIM8_TRG_COM_TIM14_IRQHandler            0x900003d3   Thumb Code     0  startup_stm32h750xx.o(.text)
    TIM8_UP_TIM13_IRQHandler                 0x900003d3   Thumb Code     0  startup_stm32h750xx.o(.text)
    UART4_IRQHandler                         0x900003d3   Thumb Code     0  startup_stm32h750xx.o(.text)
    UART5_IRQHandler                         0x900003d3   Thumb Code     0  startup_stm32h750xx.o(.text)
    UART7_IRQHandler                         0x900003d3   Thumb Code     0  startup_stm32h750xx.o(.text)
    UART8_IRQHandler                         0x900003d3   Thumb Code     0  startup_stm32h750xx.o(.text)
    USART1_IRQHandler                        0x900003d3   Thumb Code     0  startup_stm32h750xx.o(.text)
    USART2_IRQHandler                        0x900003d3   Thumb Code     0  startup_stm32h750xx.o(.text)
    USART3_IRQHandler                        0x900003d3   Thumb Code     0  startup_stm32h750xx.o(.text)
    USART6_IRQHandler                        0x900003d3   Thumb Code     0  startup_stm32h750xx.o(.text)
    WAKEUP_PIN_IRQHandler                    0x900003d3   Thumb Code     0  startup_stm32h750xx.o(.text)
    WWDG_IRQHandler                          0x900003d3   Thumb Code     0  startup_stm32h750xx.o(.text)
    __user_initial_stackheap                 0x900003d5   Thumb Code     0  startup_stm32h750xx.o(.text)
    malloc                                   0x900003f9   Thumb Code    94  h1_alloc.o(.text)
    free                                     0x90000457   Thumb Code    78  h1_free.o(.text)
    srand                                    0x900004a5   Thumb Code    42  rand.o(.text)
    _rand_init                               0x900004cf   Thumb Code     4  rand.o(.text)
    __aeabi_memcpy4                          0x900004e1   Thumb Code     0  rt_memcpy_w.o(.text)
    __aeabi_memcpy8                          0x900004e1   Thumb Code     0  rt_memcpy_w.o(.text)
    __rt_memcpy_w                            0x900004e1   Thumb Code   100  rt_memcpy_w.o(.text)
    _memcpy_lastbytes_aligned                0x90000529   Thumb Code     0  rt_memcpy_w.o(.text)
    __aeabi_memclr4                          0x90000545   Thumb Code     0  rt_memclr_w.o(.text)
    __aeabi_memclr8                          0x90000545   Thumb Code     0  rt_memclr_w.o(.text)
    __rt_memclr_w                            0x90000545   Thumb Code    78  rt_memclr_w.o(.text)
    _memset_w                                0x90000549   Thumb Code     0  rt_memclr_w.o(.text)
    __use_two_region_memory                  0x90000593   Thumb Code     2  heapauxi.o(.text)
    __rt_heap_escrow                         0x90000595   Thumb Code     2  heapauxi.o(.text)
    __rt_heap_expand                         0x90000597   Thumb Code     2  heapauxi.o(.text)
    __rt_heap_descriptor                     0x90000599   Thumb Code     8  rt_heap_descriptor_intlibspace.o(.text)
    __use_no_heap                            0x900005a1   Thumb Code     2  hguard.o(.text)
    __heap$guard                             0x900005a3   Thumb Code     2  hguard.o(.text)
    _terminate_user_alloc                    0x900005a5   Thumb Code     2  init_alloc.o(.text)
    _init_user_alloc                         0x900005a7   Thumb Code     2  init_alloc.o(.text)
    __Heap_Full                              0x900005a9   Thumb Code    34  init_alloc.o(.text)
    __Heap_Broken                            0x900005cb   Thumb Code     6  init_alloc.o(.text)
    _init_alloc                              0x900005d1   Thumb Code    94  init_alloc.o(.text)
    __Heap_Initialize                        0x9000062f   Thumb Code    10  h1_init.o(.text)
    __Heap_DescSize                          0x90000639   Thumb Code     4  h1_init.o(.text)
    __user_libspace                          0x9000063d   Thumb Code     8  libspace.o(.text)
    __user_perproc_libspace                  0x9000063d   Thumb Code     0  libspace.o(.text)
    __user_perthread_libspace                0x9000063d   Thumb Code     0  libspace.o(.text)
    __Heap_ProvideMemory                     0x90000645   Thumb Code    52  h1_extend.o(.text)
    __rt_SIGRTMEM                            0x90000679   Thumb Code    14  defsig_rtmem_outer.o(.text)
    __I$use$semihosting                      0x90000687   Thumb Code     0  use_no_semi.o(.text)
    __use_no_semihosting_swi                 0x90000687   Thumb Code     2  use_no_semi.o(.text)
    __semihosting_library_function           0x90000689   Thumb Code     0  indicate_semi.o(.text)
    __user_setup_stackheap                   0x90000689   Thumb Code    74  sys_stackheap_outer.o(.text)
    exit                                     0x900006d3   Thumb Code    18  exit.o(.text)
    __sig_exit                               0x900006e5   Thumb Code    10  defsig_exit.o(.text)
    __rt_SIGRTMEM_inner                      0x900006f1   Thumb Code    22  defsig_rtmem_inner.o(.text)
    _sys_exit                                0x90000741   Thumb Code     8  sys_exit.o(.text)
    __default_signal_display                 0x9000074d   Thumb Code    50  defsig_general.o(.text)
    _ttywrch                                 0x9000077f   Thumb Code    14  sys_wrch.o(.text)
    BSP_PlatformIsDetected                   0x9000078d   Thumb Code    16  fatfs_platform.o(i.BSP_PlatformIsDetected)
    BSP_SD_GetCardInfo                       0x900007a1   Thumb Code     8  bsp_driver_sd.o(i.BSP_SD_GetCardInfo)
    BSP_SD_GetCardState                      0x900007ad   Thumb Code    20  bsp_driver_sd.o(i.BSP_SD_GetCardState)
    BSP_SD_Init                              0x900007c5   Thumb Code    42  bsp_driver_sd.o(i.BSP_SD_Init)
    BSP_SD_IsDetected                        0x900007f5   Thumb Code    26  bsp_driver_sd.o(i.BSP_SD_IsDetected)
    BSP_SD_ReadBlocks                        0x90000811   Thumb Code    26  bsp_driver_sd.o(i.BSP_SD_ReadBlocks)
    BSP_SD_WriteBlocks                       0x90000831   Thumb Code    26  bsp_driver_sd.o(i.BSP_SD_WriteBlocks)
    BusFault_Handler                         0x90000851   Thumb Code     2  stm32h7xx_it.o(i.BusFault_Handler)
    DebugMon_Handler                         0x900008d1   Thumb Code     2  stm32h7xx_it.o(i.DebugMon_Handler)
    Error_Handler                            0x900008d3   Thumb Code     4  main.o(i.Error_Handler)
    FATFS_LinkDriver                         0x900008d7   Thumb Code     6  ff_gen_drv.o(i.FATFS_LinkDriver)
    FATFS_LinkDriverEx                       0x900008dd   Thumb Code    58  ff_gen_drv.o(i.FATFS_LinkDriverEx)
    HAL_Delay                                0x9000091d   Thumb Code    32  stm32h7xx_hal.o(i.HAL_Delay)
    HAL_GPIO_Init                            0x90000941   Thumb Code   510  stm32h7xx_hal_gpio.o(i.HAL_GPIO_Init)
    HAL_GPIO_ReadPin                         0x90000b71   Thumb Code    10  stm32h7xx_hal_gpio.o(i.HAL_GPIO_ReadPin)
    HAL_GPIO_TogglePin                       0x90000b7b   Thumb Code    14  stm32h7xx_hal_gpio.o(i.HAL_GPIO_TogglePin)
    HAL_GPIO_WritePin                        0x90000b89   Thumb Code    10  stm32h7xx_hal_gpio.o(i.HAL_GPIO_WritePin)
    HAL_GetREVID                             0x90000b95   Thumb Code     8  stm32h7xx_hal.o(i.HAL_GetREVID)
    HAL_GetTick                              0x90000ba1   Thumb Code     6  stm32h7xx_hal.o(i.HAL_GetTick)
    HAL_I2CEx_ConfigAnalogFilter             0x90000bad   Thumb Code    88  stm32h7xx_hal_i2c_ex.o(i.HAL_I2CEx_ConfigAnalogFilter)
    HAL_I2CEx_ConfigDigitalFilter            0x90000c05   Thumb Code    84  stm32h7xx_hal_i2c_ex.o(i.HAL_I2CEx_ConfigDigitalFilter)
    HAL_I2CEx_EnableFastModePlus             0x90000c59   Thumb Code    30  stm32h7xx_hal_i2c_ex.o(i.HAL_I2CEx_EnableFastModePlus)
    HAL_I2C_Init                             0x90000c81   Thumb Code   180  stm32h7xx_hal_i2c.o(i.HAL_I2C_Init)
    HAL_I2C_MspInit                          0x90000d39   Thumb Code    92  i2c.o(i.HAL_I2C_MspInit)
    HAL_IncTick                              0x90000da1   Thumb Code    12  stm32h7xx_hal.o(i.HAL_IncTick)
    HAL_Init                                 0x90000db1   Thumb Code    74  stm32h7xx_hal.o(i.HAL_Init)
    HAL_InitTick                             0x90000e0d   Thumb Code    56  stm32h7xx_hal.o(i.HAL_InitTick)
    HAL_MspInit                              0x90000e4d   Thumb Code    22  stm32h7xx_hal_msp.o(i.HAL_MspInit)
    HAL_NVIC_EnableIRQ                       0x90000e69   Thumb Code    26  stm32h7xx_hal_cortex.o(i.HAL_NVIC_EnableIRQ)
    HAL_NVIC_SetPriority                     0x90000e85   Thumb Code    60  stm32h7xx_hal_cortex.o(i.HAL_NVIC_SetPriority)
    HAL_NVIC_SetPriorityGrouping             0x90000ec5   Thumb Code    28  stm32h7xx_hal_cortex.o(i.HAL_NVIC_SetPriorityGrouping)
    HAL_PCDEx_ActivateLPM                    0x90000ee9   Thumb Code    34  stm32h7xx_hal_pcd_ex.o(i.HAL_PCDEx_ActivateLPM)
    HAL_PCDEx_LPM_Callback                   0x90000f11   Thumb Code     2  stm32h7xx_hal_pcd_ex.o(i.HAL_PCDEx_LPM_Callback)
    HAL_PCDEx_SetRxFiFo                      0x90000f13   Thumb Code     8  stm32h7xx_hal_pcd_ex.o(i.HAL_PCDEx_SetRxFiFo)
    HAL_PCDEx_SetTxFiFo                      0x90000f1b   Thumb Code    70  stm32h7xx_hal_pcd_ex.o(i.HAL_PCDEx_SetTxFiFo)
    HAL_PCD_ConnectCallback                  0x90000f61   Thumb Code     8  usbd_conf.o(i.HAL_PCD_ConnectCallback)
    HAL_PCD_DataInStageCallback              0x90000f69   Thumb Code    18  usbd_conf.o(i.HAL_PCD_DataInStageCallback)
    HAL_PCD_DataOutStageCallback             0x90000f7b   Thumb Code    20  usbd_conf.o(i.HAL_PCD_DataOutStageCallback)
    HAL_PCD_DisconnectCallback               0x90000f8f   Thumb Code     8  usbd_conf.o(i.HAL_PCD_DisconnectCallback)
    HAL_PCD_EP_Close                         0x90000f97   Thumb Code    76  stm32h7xx_hal_pcd.o(i.HAL_PCD_EP_Close)
    HAL_PCD_EP_ClrStall                      0x90000fe3   Thumb Code    92  stm32h7xx_hal_pcd.o(i.HAL_PCD_EP_ClrStall)
    HAL_PCD_EP_GetRxCount                    0x9000103f   Thumb Code    18  stm32h7xx_hal_pcd.o(i.HAL_PCD_EP_GetRxCount)
    HAL_PCD_EP_Open                          0x90001051   Thumb Code    96  stm32h7xx_hal_pcd.o(i.HAL_PCD_EP_Open)
    HAL_PCD_EP_Receive                       0x900010b1   Thumb Code    68  stm32h7xx_hal_pcd.o(i.HAL_PCD_EP_Receive)
    HAL_PCD_EP_SetStall                      0x900010f5   Thumb Code   116  stm32h7xx_hal_pcd.o(i.HAL_PCD_EP_SetStall)
    HAL_PCD_EP_Transmit                      0x90001169   Thumb Code    68  stm32h7xx_hal_pcd.o(i.HAL_PCD_EP_Transmit)
    HAL_PCD_IRQHandler                       0x900011ad   Thumb Code  1134  stm32h7xx_hal_pcd.o(i.HAL_PCD_IRQHandler)
    HAL_PCD_ISOINIncompleteCallback          0x90001621   Thumb Code     8  usbd_conf.o(i.HAL_PCD_ISOINIncompleteCallback)
    HAL_PCD_ISOOUTIncompleteCallback         0x90001629   Thumb Code     8  usbd_conf.o(i.HAL_PCD_ISOOUTIncompleteCallback)
    HAL_PCD_Init                             0x90001631   Thumb Code   242  stm32h7xx_hal_pcd.o(i.HAL_PCD_Init)
    HAL_PCD_MspInit                          0x90001725   Thumb Code   108  usbd_conf.o(i.HAL_PCD_MspInit)
    HAL_PCD_ResetCallback                    0x9000179d   Thumb Code    44  usbd_conf.o(i.HAL_PCD_ResetCallback)
    HAL_PCD_ResumeCallback                   0x900017c9   Thumb Code     8  usbd_conf.o(i.HAL_PCD_ResumeCallback)
    HAL_PCD_SOFCallback                      0x900017d1   Thumb Code     8  usbd_conf.o(i.HAL_PCD_SOFCallback)
    HAL_PCD_SetAddress                       0x900017d9   Thumb Code    40  stm32h7xx_hal_pcd.o(i.HAL_PCD_SetAddress)
    HAL_PCD_SetupStageCallback               0x90001801   Thumb Code    14  usbd_conf.o(i.HAL_PCD_SetupStageCallback)
    HAL_PCD_Start                            0x9000180f   Thumb Code    66  stm32h7xx_hal_pcd.o(i.HAL_PCD_Start)
    HAL_PCD_SuspendCallback                  0x90001851   Thumb Code    44  usbd_conf.o(i.HAL_PCD_SuspendCallback)
    HAL_PWREx_ConfigSupply                   0x90001881   Thumb Code    78  stm32h7xx_hal_pwr_ex.o(i.HAL_PWREx_ConfigSupply)
    HAL_PWREx_EnableUSBVoltageDetector       0x900018d5   Thumb Code    12  stm32h7xx_hal_pwr_ex.o(i.HAL_PWREx_EnableUSBVoltageDetector)
    HAL_RCCEx_GetD3PCLK1Freq                 0x900018e5   Thumb Code    26  stm32h7xx_hal_rcc_ex.o(i.HAL_RCCEx_GetD3PCLK1Freq)
    HAL_RCCEx_GetPLL1ClockFreq               0x90001909   Thumb Code   296  stm32h7xx_hal_rcc_ex.o(i.HAL_RCCEx_GetPLL1ClockFreq)
    HAL_RCCEx_GetPLL2ClockFreq               0x90001a4d   Thumb Code   296  stm32h7xx_hal_rcc_ex.o(i.HAL_RCCEx_GetPLL2ClockFreq)
    HAL_RCCEx_GetPLL3ClockFreq               0x90001b91   Thumb Code   296  stm32h7xx_hal_rcc_ex.o(i.HAL_RCCEx_GetPLL3ClockFreq)
    HAL_RCCEx_GetPeriphCLKFreq               0x90001cd5   Thumb Code   454  stm32h7xx_hal_rcc_ex.o(i.HAL_RCCEx_GetPeriphCLKFreq)
    HAL_RCCEx_PeriphCLKConfig                0x90001eb1   Thumb Code  2234  stm32h7xx_hal_rcc_ex.o(i.HAL_RCCEx_PeriphCLKConfig)
    HAL_RCC_ClockConfig                      0x9000276d   Thumb Code   580  stm32h7xx_hal_rcc.o(i.HAL_RCC_ClockConfig)
    HAL_RCC_GetHCLKFreq                      0x900029c9   Thumb Code    52  stm32h7xx_hal_rcc.o(i.HAL_RCC_GetHCLKFreq)
    HAL_RCC_GetSysClockFreq                  0x90002a0d   Thumb Code   278  stm32h7xx_hal_rcc.o(i.HAL_RCC_GetSysClockFreq)
    HAL_RCC_OscConfig                        0x90002b45   Thumb Code  1282  stm32h7xx_hal_rcc.o(i.HAL_RCC_OscConfig)
    HAL_RNG_Init                             0x9000304d   Thumb Code   122  stm32h7xx_hal_rng.o(i.HAL_RNG_Init)
    HAL_RNG_MspInit                          0x900030c9   Thumb Code    30  rng.o(i.HAL_RNG_MspInit)
    HAL_SD_ConfigWideBusOperation            0x900030f1   Thumb Code   300  stm32h7xx_hal_sd.o(i.HAL_SD_ConfigWideBusOperation)
    HAL_SD_DriveTransceiver_1_8V_Callback    0x90003221   Thumb Code     2  stm32h7xx_hal_sd.o(i.HAL_SD_DriveTransceiver_1_8V_Callback)
    HAL_SD_GetCardCSD                        0x90003225   Thumb Code   440  stm32h7xx_hal_sd.o(i.HAL_SD_GetCardCSD)
    HAL_SD_GetCardInfo                       0x900033e1   Thumb Code    36  stm32h7xx_hal_sd.o(i.HAL_SD_GetCardInfo)
    HAL_SD_GetCardState                      0x90003405   Thumb Code    44  stm32h7xx_hal_sd.o(i.HAL_SD_GetCardState)
    HAL_SD_GetCardStatus                     0x90003431   Thumb Code   184  stm32h7xx_hal_sd.o(i.HAL_SD_GetCardStatus)
    HAL_SD_Init                              0x900034ed   Thumb Code   162  stm32h7xx_hal_sd.o(i.HAL_SD_Init)
    HAL_SD_InitCard                          0x90003591   Thumb Code   156  stm32h7xx_hal_sd.o(i.HAL_SD_InitCard)
    HAL_SD_MspInit                           0x90003639   Thumb Code   118  sdmmc.o(i.HAL_SD_MspInit)
    HAL_SD_ReadBlocks                        0x900036c1   Thumb Code   444  stm32h7xx_hal_sd.o(i.HAL_SD_ReadBlocks)
    HAL_SD_WriteBlocks                       0x90003885   Thumb Code   466  stm32h7xx_hal_sd.o(i.HAL_SD_WriteBlocks)
    HAL_SPI_Init                             0x90003a61   Thumb Code   308  stm32h7xx_hal_spi.o(i.HAL_SPI_Init)
    HAL_SPI_MspInit                          0x90003ba1   Thumb Code    90  spi.o(i.HAL_SPI_MspInit)
    HAL_SPI_Transmit                         0x90003c09   Thumb Code   566  stm32h7xx_hal_spi.o(i.HAL_SPI_Transmit)
    HAL_SYSTICK_Config                       0x90003e3f   Thumb Code    38  stm32h7xx_hal_cortex.o(i.HAL_SYSTICK_Config)
    HAL_TIMEx_Break2Callback                 0x90003e65   Thumb Code     2  stm32h7xx_hal_tim_ex.o(i.HAL_TIMEx_Break2Callback)
    HAL_TIMEx_BreakCallback                  0x90003e67   Thumb Code     2  stm32h7xx_hal_tim_ex.o(i.HAL_TIMEx_BreakCallback)
    HAL_TIMEx_CommutCallback                 0x90003e69   Thumb Code     2  stm32h7xx_hal_tim_ex.o(i.HAL_TIMEx_CommutCallback)
    HAL_TIMEx_MasterConfigSynchronization    0x90003e6d   Thumb Code   128  stm32h7xx_hal_tim_ex.o(i.HAL_TIMEx_MasterConfigSynchronization)
    HAL_TIM_Base_Init                        0x90003f05   Thumb Code    98  stm32h7xx_hal_tim.o(i.HAL_TIM_Base_Init)
    HAL_TIM_Base_MspInit                     0x90003f69   Thumb Code    50  tim.o(i.HAL_TIM_Base_MspInit)
    HAL_TIM_Base_Start_IT                    0x90003fa1   Thumb Code    58  stm32h7xx_hal_tim.o(i.HAL_TIM_Base_Start_IT)
    HAL_TIM_ConfigClockSource                0x90003fe1   Thumb Code   242  stm32h7xx_hal_tim.o(i.HAL_TIM_ConfigClockSource)
    HAL_TIM_IC_CaptureCallback               0x900040d9   Thumb Code     2  stm32h7xx_hal_tim.o(i.HAL_TIM_IC_CaptureCallback)
    HAL_TIM_IRQHandler                       0x900040db   Thumb Code   386  stm32h7xx_hal_tim.o(i.HAL_TIM_IRQHandler)
    HAL_TIM_OC_DelayElapsedCallback          0x9000425d   Thumb Code     2  stm32h7xx_hal_tim.o(i.HAL_TIM_OC_DelayElapsedCallback)
    HAL_TIM_PWM_PulseFinishedCallback        0x9000425f   Thumb Code     2  stm32h7xx_hal_tim.o(i.HAL_TIM_PWM_PulseFinishedCallback)
    HAL_TIM_PeriodElapsedCallback            0x90004261   Thumb Code    52  bsp_user.o(i.HAL_TIM_PeriodElapsedCallback)
    HAL_TIM_TriggerCallback                  0x900042a1   Thumb Code     2  stm32h7xx_hal_tim.o(i.HAL_TIM_TriggerCallback)
    HardFault_Handler                        0x900042a3   Thumb Code     2  stm32h7xx_it.o(i.HardFault_Handler)
    LCD_Clear                                0x900042dd   Thumb Code    58  spi_lcd.o(i.LCD_Clear)
    LCD_Init                                 0x9000431d   Thumb Code   610  spi_lcd.o(i.LCD_Init)
    LCD_RESET                                0x90004585   Thumb Code    40  spi_lcd.o(i.LCD_RESET)
    LCD_SetWindows                           0x900045b1   Thumb Code    88  spi_lcd.o(i.LCD_SetWindows)
    LCD_WR_DATA                              0x9000460d   Thumb Code    46  spi_lcd.o(i.LCD_WR_DATA)
    LCD_WR_REG                               0x90004645   Thumb Code    46  spi_lcd.o(i.LCD_WR_REG)
    LCD_WriteRAM_Prepare                     0x9000467d   Thumb Code     8  spi_lcd.o(i.LCD_WriteRAM_Prepare)
    LCD_WriteReg                             0x90004689   Thumb Code    18  spi_lcd.o(i.LCD_WriteReg)
    LCD_direction                            0x9000469d   Thumb Code    80  spi_lcd.o(i.LCD_direction)
    MX_FATFS_Init                            0x900046f1   Thumb Code    18  fatfs.o(i.MX_FATFS_Init)
    MX_GPIO_Init                             0x9000470d   Thumb Code   244  gpio.o(i.MX_GPIO_Init)
    MX_I2C2_Init                             0x90004811   Thumb Code    78  i2c.o(i.MX_I2C2_Init)
    MX_RNG_Init                              0x9000486d   Thumb Code    30  rng.o(i.MX_RNG_Init)
    MX_SDMMC1_SD_Init                        0x90004895   Thumb Code    30  sdmmc.o(i.MX_SDMMC1_SD_Init)
    MX_SPI1_Init                             0x900048bd   Thumb Code    80  spi.o(i.MX_SPI1_Init)
    MX_TIM2_Init                             0x90004915   Thumb Code    96  tim.o(i.MX_TIM2_Init)
    MX_USB_DEVICE_Init                       0x90004979   Thumb Code    66  usb_device.o(i.MX_USB_DEVICE_Init)
    MemManage_Handler                        0x900049cd   Thumb Code     2  stm32h7xx_it.o(i.MemManage_Handler)
    NMI_Handler                              0x900049cf   Thumb Code     2  stm32h7xx_it.o(i.NMI_Handler)
    OTG_FS_IRQHandler                        0x900049d1   Thumb Code     6  stm32h7xx_it.o(i.OTG_FS_IRQHandler)
    PendSV_Handler                           0x90004b4b   Thumb Code     2  stm32h7xx_it.o(i.PendSV_Handler)
    SDMMC_CmdAppCommand                      0x90004d8d   Thumb Code    52  stm32h7xx_ll_sdmmc.o(i.SDMMC_CmdAppCommand)
    SDMMC_CmdAppOperCommand                  0x90004dc1   Thumb Code    46  stm32h7xx_ll_sdmmc.o(i.SDMMC_CmdAppOperCommand)
    SDMMC_CmdBlockLength                     0x90004def   Thumb Code    50  stm32h7xx_ll_sdmmc.o(i.SDMMC_CmdBlockLength)
    SDMMC_CmdBusWidth                        0x90004e21   Thumb Code    52  stm32h7xx_ll_sdmmc.o(i.SDMMC_CmdBusWidth)
    SDMMC_CmdGoIdleState                     0x90004e55   Thumb Code    74  stm32h7xx_ll_sdmmc.o(i.SDMMC_CmdGoIdleState)
    SDMMC_CmdOperCond                        0x90004ea9   Thumb Code   110  stm32h7xx_ll_sdmmc.o(i.SDMMC_CmdOperCond)
    SDMMC_CmdReadMultiBlock                  0x90004f1d   Thumb Code    52  stm32h7xx_ll_sdmmc.o(i.SDMMC_CmdReadMultiBlock)
    SDMMC_CmdReadSingleBlock                 0x90004f51   Thumb Code    52  stm32h7xx_ll_sdmmc.o(i.SDMMC_CmdReadSingleBlock)
    SDMMC_CmdSelDesel                        0x90004f85   Thumb Code    50  stm32h7xx_ll_sdmmc.o(i.SDMMC_CmdSelDesel)
    SDMMC_CmdSendCID                         0x90004fb7   Thumb Code    44  stm32h7xx_ll_sdmmc.o(i.SDMMC_CmdSendCID)
    SDMMC_CmdSendCSD                         0x90004fe3   Thumb Code    48  stm32h7xx_ll_sdmmc.o(i.SDMMC_CmdSendCSD)
    SDMMC_CmdSendSCR                         0x90005013   Thumb Code    50  stm32h7xx_ll_sdmmc.o(i.SDMMC_CmdSendSCR)
    SDMMC_CmdSendStatus                      0x90005045   Thumb Code    52  stm32h7xx_ll_sdmmc.o(i.SDMMC_CmdSendStatus)
    SDMMC_CmdSetRelAdd                       0x90005079   Thumb Code    50  stm32h7xx_ll_sdmmc.o(i.SDMMC_CmdSetRelAdd)
    SDMMC_CmdStatusRegister                  0x900050ab   Thumb Code    50  stm32h7xx_ll_sdmmc.o(i.SDMMC_CmdStatusRegister)
    SDMMC_CmdStopTransfer                    0x900050dd   Thumb Code    78  stm32h7xx_ll_sdmmc.o(i.SDMMC_CmdStopTransfer)
    SDMMC_CmdVoltageSwitch                   0x90005131   Thumb Code    50  stm32h7xx_ll_sdmmc.o(i.SDMMC_CmdVoltageSwitch)
    SDMMC_CmdWriteMultiBlock                 0x90005163   Thumb Code    52  stm32h7xx_ll_sdmmc.o(i.SDMMC_CmdWriteMultiBlock)
    SDMMC_CmdWriteSingleBlock                0x90005197   Thumb Code    52  stm32h7xx_ll_sdmmc.o(i.SDMMC_CmdWriteSingleBlock)
    SDMMC_ConfigData                         0x900051cb   Thumb Code    38  stm32h7xx_ll_sdmmc.o(i.SDMMC_ConfigData)
    SDMMC_GetPowerState                      0x9000543d   Thumb Code     8  stm32h7xx_ll_sdmmc.o(i.SDMMC_GetPowerState)
    SDMMC_GetResponse                        0x90005445   Thumb Code     6  stm32h7xx_ll_sdmmc.o(i.SDMMC_GetResponse)
    SDMMC_Init                               0x9000544d   Thumb Code    28  stm32h7xx_ll_sdmmc.o(i.SDMMC_Init)
    SDMMC_PowerState_ON                      0x9000546d   Thumb Code    12  stm32h7xx_ll_sdmmc.o(i.SDMMC_PowerState_ON)
    SDMMC_ReadFIFO                           0x90005479   Thumb Code     6  stm32h7xx_ll_sdmmc.o(i.SDMMC_ReadFIFO)
    SDMMC_SendCommand                        0x90005481   Thumb Code    34  stm32h7xx_ll_sdmmc.o(i.SDMMC_SendCommand)
    SDMMC_WriteFIFO                          0x900054a9   Thumb Code    10  stm32h7xx_ll_sdmmc.o(i.SDMMC_WriteFIFO)
    SD_initialize                            0x900058b5   Thumb Code    28  sd_diskio.o(i.SD_initialize)
    SD_ioctl                                 0x900058d5   Thumb Code    84  sd_diskio.o(i.SD_ioctl)
    SD_read                                  0x9000592d   Thumb Code    38  sd_diskio.o(i.SD_read)
    SD_status                                0x90005953   Thumb Code     4  sd_diskio.o(i.SD_status)
    SD_write                                 0x90005959   Thumb Code    38  sd_diskio.o(i.SD_write)
    SPI_WriteByte                            0x90005a7d   Thumb Code    18  spi_lcd.o(i.SPI_WriteByte)
    SVC_Handler                              0x90005a95   Thumb Code     2  stm32h7xx_it.o(i.SVC_Handler)
    SysTick_Handler                          0x90005aa1   Thumb Code     4  stm32h7xx_it.o(i.SysTick_Handler)
    SystemClock_Config                       0x90005aa5   Thumb Code   266  main.o(i.SystemClock_Config)
    SystemInit                               0x90005bc1   Thumb Code   138  system_stm32h7xx.o(i.SystemInit)
    TIM2_IRQHandler                          0x90005c61   Thumb Code     6  stm32h7xx_it.o(i.TIM2_IRQHandler)
    TIM_Base_SetConfig                       0x90005c6d   Thumb Code   162  stm32h7xx_hal_tim.o(i.TIM_Base_SetConfig)
    TIM_ETR_SetConfig                        0x90005d31   Thumb Code    18  stm32h7xx_hal_tim.o(i.TIM_ETR_SetConfig)
    USBD_CDC_GetDeviceQualifierDescriptor    0x90005e99   Thumb Code     8  usbd_cdc.o(i.USBD_CDC_GetDeviceQualifierDescriptor)
    USBD_CDC_ReceivePacket                   0x90005f6b   Thumb Code    40  usbd_cdc.o(i.USBD_CDC_ReceivePacket)
    USBD_CDC_RegisterInterface               0x90005f93   Thumb Code    14  usbd_cdc.o(i.USBD_CDC_RegisterInterface)
    USBD_CDC_SetRxBuffer                     0x90005fa1   Thumb Code    12  usbd_cdc.o(i.USBD_CDC_SetRxBuffer)
    USBD_CDC_SetTxBuffer                     0x90005fad   Thumb Code    16  usbd_cdc.o(i.USBD_CDC_SetTxBuffer)
    USBD_ClrClassConfig                      0x9000606f   Thumb Code    16  usbd_core.o(i.USBD_ClrClassConfig)
    USBD_CtlContinueRx                       0x9000607f   Thumb Code    16  usbd_ioreq.o(i.USBD_CtlContinueRx)
    USBD_CtlContinueSendData                 0x9000608f   Thumb Code    16  usbd_ioreq.o(i.USBD_CtlContinueSendData)
    USBD_CtlError                            0x9000609f   Thumb Code    22  usbd_ctlreq.o(i.USBD_CtlError)
    USBD_CtlPrepareRx                        0x900060b5   Thumb Code    30  usbd_ioreq.o(i.USBD_CtlPrepareRx)
    USBD_CtlReceiveStatus                    0x900060d3   Thumb Code    22  usbd_ioreq.o(i.USBD_CtlReceiveStatus)
    USBD_CtlSendData                         0x900060e9   Thumb Code    26  usbd_ioreq.o(i.USBD_CtlSendData)
    USBD_CtlSendStatus                       0x90006103   Thumb Code    22  usbd_ioreq.o(i.USBD_CtlSendStatus)
    USBD_FS_ConfigStrDescriptor              0x90006119   Thumb Code    16  usbd_desc.o(i.USBD_FS_ConfigStrDescriptor)
    USBD_FS_DeviceDescriptor                 0x90006139   Thumb Code     8  usbd_desc.o(i.USBD_FS_DeviceDescriptor)
    USBD_FS_InterfaceStrDescriptor           0x90006145   Thumb Code    16  usbd_desc.o(i.USBD_FS_InterfaceStrDescriptor)
    USBD_FS_LangIDStrDescriptor              0x90006169   Thumb Code     8  usbd_desc.o(i.USBD_FS_LangIDStrDescriptor)
    USBD_FS_ManufacturerStrDescriptor        0x90006175   Thumb Code    16  usbd_desc.o(i.USBD_FS_ManufacturerStrDescriptor)
    USBD_FS_ProductStrDescriptor             0x9000619d   Thumb Code    16  usbd_desc.o(i.USBD_FS_ProductStrDescriptor)
    USBD_FS_SerialStrDescriptor              0x900061c9   Thumb Code    50  usbd_desc.o(i.USBD_FS_SerialStrDescriptor)
    USBD_GetString                           0x900062eb   Thumb Code    74  usbd_ctlreq.o(i.USBD_GetString)
    USBD_Get_USB_Status                      0x90006335   Thumb Code    24  usbd_conf.o(i.USBD_Get_USB_Status)
    USBD_Init                                0x9000634d   Thumb Code    52  usbd_core.o(i.USBD_Init)
    USBD_LL_ClearStallEP                     0x90006381   Thumb Code    18  usbd_conf.o(i.USBD_LL_ClearStallEP)
    USBD_LL_CloseEP                          0x90006393   Thumb Code    18  usbd_conf.o(i.USBD_LL_CloseEP)
    USBD_LL_DataInStage                      0x900063a5   Thumb Code   170  usbd_core.o(i.USBD_LL_DataInStage)
    USBD_LL_DataOutStage                     0x9000644f   Thumb Code   110  usbd_core.o(i.USBD_LL_DataOutStage)
    USBD_LL_DevConnected                     0x900064bd   Thumb Code     4  usbd_core.o(i.USBD_LL_DevConnected)
    USBD_LL_DevDisconnected                  0x900064c1   Thumb Code    26  usbd_core.o(i.USBD_LL_DevDisconnected)
    USBD_LL_GetRxDataSize                    0x900064db   Thumb Code     8  usbd_conf.o(i.USBD_LL_GetRxDataSize)
    USBD_LL_Init                             0x900064e5   Thumb Code    90  usbd_conf.o(i.USBD_LL_Init)
    USBD_LL_IsStallEP                        0x90006549   Thumb Code    32  usbd_conf.o(i.USBD_LL_IsStallEP)
    USBD_LL_IsoINIncomplete                  0x90006569   Thumb Code     4  usbd_core.o(i.USBD_LL_IsoINIncomplete)
    USBD_LL_IsoOUTIncomplete                 0x9000656d   Thumb Code     4  usbd_core.o(i.USBD_LL_IsoOUTIncomplete)
    USBD_LL_OpenEP                           0x90006571   Thumb Code    24  usbd_conf.o(i.USBD_LL_OpenEP)
    USBD_LL_PrepareReceive                   0x90006589   Thumb Code    18  usbd_conf.o(i.USBD_LL_PrepareReceive)
    USBD_LL_Reset                            0x9000659b   Thumb Code    82  usbd_core.o(i.USBD_LL_Reset)
    USBD_LL_Resume                           0x900065ed   Thumb Code    20  usbd_core.o(i.USBD_LL_Resume)
    USBD_LL_SOF                              0x90006601   Thumb Code    24  usbd_core.o(i.USBD_LL_SOF)
    USBD_LL_SetSpeed                         0x90006619   Thumb Code     6  usbd_core.o(i.USBD_LL_SetSpeed)
    USBD_LL_SetUSBAddress                    0x9000661f   Thumb Code    18  usbd_conf.o(i.USBD_LL_SetUSBAddress)
    USBD_LL_SetupStage                       0x90006631   Thumb Code    92  usbd_core.o(i.USBD_LL_SetupStage)
    USBD_LL_StallEP                          0x9000668d   Thumb Code    18  usbd_conf.o(i.USBD_LL_StallEP)
    USBD_LL_Start                            0x9000669f   Thumb Code    18  usbd_conf.o(i.USBD_LL_Start)
    USBD_LL_Suspend                          0x900066b1   Thumb Code    18  usbd_core.o(i.USBD_LL_Suspend)
    USBD_LL_Transmit                         0x900066c3   Thumb Code    18  usbd_conf.o(i.USBD_LL_Transmit)
    USBD_ParseSetupRequest                   0x900066d5   Thumb Code    42  usbd_ctlreq.o(i.USBD_ParseSetupRequest)
    USBD_RegisterClass                       0x900066ff   Thumb Code    34  usbd_core.o(i.USBD_RegisterClass)
    USBD_SetClassConfig                      0x90006721   Thumb Code    20  usbd_core.o(i.USBD_SetClassConfig)
    USBD_Start                               0x900067f1   Thumb Code     4  usbd_core.o(i.USBD_Start)
    USBD_StdDevReq                           0x900067f5   Thumb Code   278  usbd_ctlreq.o(i.USBD_StdDevReq)
    USBD_StdEPReq                            0x9000690b   Thumb Code   332  usbd_ctlreq.o(i.USBD_StdEPReq)
    USBD_StdItfReq                           0x90006a57   Thumb Code    84  usbd_ctlreq.o(i.USBD_StdItfReq)
    USB_ActivateEndpoint                     0x90006aad   Thumb Code   124  stm32h7xx_ll_usb.o(i.USB_ActivateEndpoint)
    USB_ActivateSetup                        0x90006b2d   Thumb Code    28  stm32h7xx_ll_usb.o(i.USB_ActivateSetup)
    USB_CoreInit                             0x90006b49   Thumb Code   114  stm32h7xx_ll_usb.o(i.USB_CoreInit)
    USB_DeactivateEndpoint                   0x90006bf9   Thumb Code   194  stm32h7xx_ll_usb.o(i.USB_DeactivateEndpoint)
    USB_DevConnect                           0x90006cc5   Thumb Code    24  stm32h7xx_ll_usb.o(i.USB_DevConnect)
    USB_DevDisconnect                        0x90006cdd   Thumb Code    24  stm32h7xx_ll_usb.o(i.USB_DevDisconnect)
    USB_DevInit                              0x90006cf5   Thumb Code   368  stm32h7xx_ll_usb.o(i.USB_DevInit)
    USB_DisableGlobalInt                     0x90006e6d   Thumb Code    12  stm32h7xx_ll_usb.o(i.USB_DisableGlobalInt)
    USB_EP0StartXfer                         0x90006e79   Thumb Code   280  stm32h7xx_ll_usb.o(i.USB_EP0StartXfer)
    USB_EP0_OutStart                         0x90006f95   Thumb Code    84  stm32h7xx_ll_usb.o(i.USB_EP0_OutStart)
    USB_EPClearStall                         0x90006fed   Thumb Code    88  stm32h7xx_ll_usb.o(i.USB_EPClearStall)
    USB_EPSetStall                           0x90007045   Thumb Code    88  stm32h7xx_ll_usb.o(i.USB_EPSetStall)
    USB_EPStartXfer                          0x9000709d   Thumb Code   482  stm32h7xx_ll_usb.o(i.USB_EPStartXfer)
    USB_EnableGlobalInt                      0x90007285   Thumb Code    12  stm32h7xx_ll_usb.o(i.USB_EnableGlobalInt)
    USB_FlushRxFifo                          0x90007291   Thumb Code    28  stm32h7xx_ll_usb.o(i.USB_FlushRxFifo)
    USB_FlushTxFifo                          0x900072b1   Thumb Code    32  stm32h7xx_ll_usb.o(i.USB_FlushTxFifo)
    USB_GetDevSpeed                          0x900072d5   Thumb Code    26  stm32h7xx_ll_usb.o(i.USB_GetDevSpeed)
    USB_GetMode                              0x900072ef   Thumb Code     8  stm32h7xx_ll_usb.o(i.USB_GetMode)
    USB_ReadDevAllInEpInterrupt              0x900072f7   Thumb Code    14  stm32h7xx_ll_usb.o(i.USB_ReadDevAllInEpInterrupt)
    USB_ReadDevAllOutEpInterrupt             0x90007305   Thumb Code    14  stm32h7xx_ll_usb.o(i.USB_ReadDevAllOutEpInterrupt)
    USB_ReadDevInEPInterrupt                 0x90007313   Thumb Code    36  stm32h7xx_ll_usb.o(i.USB_ReadDevInEPInterrupt)
    USB_ReadDevOutEPInterrupt                0x90007337   Thumb Code    16  stm32h7xx_ll_usb.o(i.USB_ReadDevOutEPInterrupt)
    USB_ReadInterrupts                       0x90007347   Thumb Code     8  stm32h7xx_ll_usb.o(i.USB_ReadInterrupts)
    USB_ReadPacket                           0x9000734f   Thumb Code    28  stm32h7xx_ll_usb.o(i.USB_ReadPacket)
    USB_SetCurrentMode                       0x9000736b   Thumb Code    46  stm32h7xx_ll_usb.o(i.USB_SetCurrentMode)
    USB_SetDevAddress                        0x90007399   Thumb Code    34  stm32h7xx_ll_usb.o(i.USB_SetDevAddress)
    USB_SetTurnaroundTime                    0x900073bd   Thumb Code   158  stm32h7xx_ll_usb.o(i.USB_SetTurnaroundTime)
    USB_WritePacket                          0x900074a5   Thumb Code    36  stm32h7xx_ll_usb.o(i.USB_WritePacket)
    Update_GRAM_fast                         0x900074c9   Thumb Code   128  spi_lcd.o(i.Update_GRAM_fast)
    UsageFault_Handler                       0x9000755d   Thumb Code     2  stm32h7xx_it.o(i.UsageFault_Handler)
    bsp_init                                 0x90007581   Thumb Code    16  bsp_user.o(i.bsp_init)
    main                                     0x90007595   Thumb Code   162  main.o(i.main)
    show_rng                                 0x90007641   Thumb Code    42  spi_lcd.o(i.show_rng)
    _fp_init                                 0x90007671   Thumb Code    10  fpinit.o(x$fpl$fpinit)
    __fplib_config_fpu_vfp                   0x90007679   Thumb Code     0  fpinit.o(x$fpl$fpinit)
    __fplib_config_pureend_doubles           0x90007679   Thumb Code     0  fpinit.o(x$fpl$fpinit)
    SD_Driver                                0x9000767c   Data          20  sd_diskio.o(.constdata)
    D1CorePrescTable                         0x90007690   Data          16  system_stm32h7xx.o(.constdata)
    Region$$Table$$Base                      0x900076a0   Number         0  anon$$obj.o(Region$$Table)
    Region$$Table$$Limit                     0x900076c0   Number         0  anon$$obj.o(Region$$Table)



==============================================================================

Memory Map of the image

  Image Entry point : 0x90000299

  Load Region LR_ROM1 (Base: 0x90000000, Size: 0x00007864, Max: 0x00800000, ABSOLUTE, COMPRESSED[0x00007788])

    Execution Region RW_IRAM1 (Exec base: 0x20000000, Load base: 0x900076c0, Size: 0x00000000, Max: 0x00020000, ABSOLUTE)

    **** No section assigned to this execution region ****


    Execution Region RW_IRAM2 (Exec base: 0x24000000, Load base: 0x900076c0, Size: 0x00051390, Max: 0x00080000, ABSOLUTE, COMPRESSED[0x000000c8])

    Exec Addr    Load Addr    Size         Type   Attr      Idx    E Section Name        Object

    0x24000000   COMPRESSED   0x00000001   Data   RW          760    .data               sd_diskio.o
    0x24000001   COMPRESSED   0x00000006   Data   RW          841    .data               fatfs.o
    0x24000007   COMPRESSED   0x00000001   PAD
    0x24000008   COMPRESSED   0x0000001c   Data   RW          931    .data               usbd_desc.o
    0x24000024   COMPRESSED   0x00000032   Data   RW          932    .data               usbd_desc.o
    0x24000056   COMPRESSED   0x00000002   PAD
    0x24000058   COMPRESSED   0x00000008   Data   RW         1017    .data               usbd_cdc_if.o
    0x24000060   COMPRESSED   0x00000014   Data   RW         1018    .data               usbd_cdc_if.o
    0x24000074   COMPRESSED   0x0000000c   Data   RW         3394    .data               stm32h7xx_hal.o
    0x24000080   COMPRESSED   0x00000008   Data   RW         6318    .data               system_stm32h7xx.o
    0x24000088   COMPRESSED   0x00000001   Data   RW         6961    .data               usbd_ctlreq.o
    0x24000089   COMPRESSED   0x00000003   PAD
    0x2400008c   COMPRESSED   0x000000d7   Data   RW         7108    .data               usbd_cdc.o
    0x24000163   COMPRESSED   0x00000001   PAD
    0x24000164   COMPRESSED   0x00000038   Data   RW         7109    .data               usbd_cdc.o
    0x2400019c   COMPRESSED   0x00000008   Data   RW         7512    .data               bsp_user.o
    0x240001a4        -       0x0000004c   Zero   RW          319    .bss                i2c.o
    0x240001f0        -       0x00000014   Zero   RW          361    .bss                rng.o
    0x24000204        -       0x00000080   Zero   RW          403    .bss                sdmmc.o
    0x24000284        -       0x00000088   Zero   RW          445    .bss                spi.o
    0x2400030c        -       0x0000004c   Zero   RW          487    .bss                tim.o
    0x24000358        -       0x000002d0   Zero   RW          882    .bss                usb_device.o
    0x24000628        -       0x00000200   Zero   RW          930    .bss                usbd_desc.o
    0x24000828        -       0x00001000   Zero   RW         1016    .bss                usbd_cdc_if.o
    0x24001828        -       0x00000408   Zero   RW         1112    .bss                usbd_conf.o
    0x24001c30        -       0x0000000c   Zero   RW         6740    .bss                ff_gen_drv.o
    0x24001c3c        -       0x0004b00e   Zero   RW         7381    .bss                spi_lcd.o
    0x2404cc4a   COMPRESSED   0x00000002   PAD
    0x2404cc4c        -       0x000000e4   Zero   RW         7651    .bss                c_w.l(rand.o)
    0x2404cd30        -       0x00000060   Zero   RW         7828    .bss                c_w.l(libspace.o)
    0x2404cd90        -       0x00002200   Zero   RW            2    HEAP                startup_stm32h750xx.o
    0x2404ef90        -       0x00002400   Zero   RW            1    STACK               startup_stm32h750xx.o


    Execution Region ER_ROM1 (Exec base: 0x90000000, Load base: 0x90000000, Size: 0x000076c0, Max: 0x00800000, ABSOLUTE)

    Exec Addr    Load Addr    Size         Type   Attr      Idx    E Section Name        Object

    0x90000000   0x90000000   0x00000298   Data   RO            3    RESET               startup_stm32h750xx.o
    0x90000298   0x90000298   0x00000008   Code   RO         7662  * !!!main             c_w.l(__main.o)
    0x900002a0   0x900002a0   0x00000034   Code   RO         8084    !!!scatter          c_w.l(__scatter.o)
    0x900002d4   0x900002d4   0x0000005a   Code   RO         8082    !!dczerorl2         c_w.l(__dczerorl2.o)
    0x9000032e   0x9000032e   0x00000002   PAD
    0x90000330   0x90000330   0x0000001c   Code   RO         8086    !!handler_zi        c_w.l(__scatter_zi.o)
    0x9000034c   0x9000034c   0x00000002   Code   RO         7976    .ARM.Collect$$libinit$$00000000  c_w.l(libinit.o)
    0x9000034e   0x9000034e   0x00000004   Code   RO         7772    .ARM.Collect$$libinit$$00000001  c_w.l(libinit2.o)
    0x90000352   0x90000352   0x00000000   Code   RO         7775    .ARM.Collect$$libinit$$00000004  c_w.l(libinit2.o)
    0x90000352   0x90000352   0x00000008   Code   RO         7776    .ARM.Collect$$libinit$$00000005  c_w.l(libinit2.o)
    0x9000035a   0x9000035a   0x00000000   Code   RO         7778    .ARM.Collect$$libinit$$0000000A  c_w.l(libinit2.o)
    0x9000035a   0x9000035a   0x00000000   Code   RO         7780    .ARM.Collect$$libinit$$0000000C  c_w.l(libinit2.o)
    0x9000035a   0x9000035a   0x00000004   Code   RO         7781    .ARM.Collect$$libinit$$0000000D  c_w.l(libinit2.o)
    0x9000035e   0x9000035e   0x00000000   Code   RO         7782    .ARM.Collect$$libinit$$0000000E  c_w.l(libinit2.o)
    0x9000035e   0x9000035e   0x00000000   Code   RO         7785    .ARM.Collect$$libinit$$00000011  c_w.l(libinit2.o)
    0x9000035e   0x9000035e   0x00000000   Code   RO         7787    .ARM.Collect$$libinit$$00000013  c_w.l(libinit2.o)
    0x9000035e   0x9000035e   0x00000000   Code   RO         7789    .ARM.Collect$$libinit$$00000015  c_w.l(libinit2.o)
    0x9000035e   0x9000035e   0x00000000   Code   RO         7791    .ARM.Collect$$libinit$$00000017  c_w.l(libinit2.o)
    0x9000035e   0x9000035e   0x00000000   Code   RO         7793    .ARM.Collect$$libinit$$00000019  c_w.l(libinit2.o)
    0x9000035e   0x9000035e   0x00000000   Code   RO         7795    .ARM.Collect$$libinit$$0000001B  c_w.l(libinit2.o)
    0x9000035e   0x9000035e   0x00000000   Code   RO         7797    .ARM.Collect$$libinit$$0000001D  c_w.l(libinit2.o)
    0x9000035e   0x9000035e   0x00000000   Code   RO         7799    .ARM.Collect$$libinit$$0000001F  c_w.l(libinit2.o)
    0x9000035e   0x9000035e   0x00000000   Code   RO         7801    .ARM.Collect$$libinit$$00000021  c_w.l(libinit2.o)
    0x9000035e   0x9000035e   0x00000000   Code   RO         7803    .ARM.Collect$$libinit$$00000023  c_w.l(libinit2.o)
    0x9000035e   0x9000035e   0x00000000   Code   RO         7805    .ARM.Collect$$libinit$$00000025  c_w.l(libinit2.o)
    0x9000035e   0x9000035e   0x00000000   Code   RO         7809    .ARM.Collect$$libinit$$0000002C  c_w.l(libinit2.o)
    0x9000035e   0x9000035e   0x00000000   Code   RO         7811    .ARM.Collect$$libinit$$0000002E  c_w.l(libinit2.o)
    0x9000035e   0x9000035e   0x00000000   Code   RO         7813    .ARM.Collect$$libinit$$00000030  c_w.l(libinit2.o)
    0x9000035e   0x9000035e   0x00000000   Code   RO         7815    .ARM.Collect$$libinit$$00000032  c_w.l(libinit2.o)
    0x9000035e   0x9000035e   0x00000002   Code   RO         7816    .ARM.Collect$$libinit$$00000033  c_w.l(libinit2.o)
    0x90000360   0x90000360   0x00000002   Code   RO         8079    .ARM.Collect$$libshutdown$$00000000  c_w.l(libshutdown.o)
    0x90000362   0x90000362   0x00000000   Code   RO         7978    .ARM.Collect$$libshutdown$$00000002  c_w.l(libshutdown2.o)
    0x90000362   0x90000362   0x00000000   Code   RO         7980    .ARM.Collect$$libshutdown$$00000004  c_w.l(libshutdown2.o)
    0x90000362   0x90000362   0x00000000   Code   RO         7982    .ARM.Collect$$libshutdown$$00000006  c_w.l(libshutdown2.o)
    0x90000362   0x90000362   0x00000000   Code   RO         7985    .ARM.Collect$$libshutdown$$00000009  c_w.l(libshutdown2.o)
    0x90000362   0x90000362   0x00000000   Code   RO         7988    .ARM.Collect$$libshutdown$$0000000C  c_w.l(libshutdown2.o)
    0x90000362   0x90000362   0x00000000   Code   RO         7990    .ARM.Collect$$libshutdown$$0000000E  c_w.l(libshutdown2.o)
    0x90000362   0x90000362   0x00000000   Code   RO         7993    .ARM.Collect$$libshutdown$$00000011  c_w.l(libshutdown2.o)
    0x90000362   0x90000362   0x00000002   Code   RO         7994    .ARM.Collect$$libshutdown$$00000012  c_w.l(libshutdown2.o)
    0x90000364   0x90000364   0x00000000   Code   RO         7666    .ARM.Collect$$rtentry$$00000000  c_w.l(__rtentry.o)
    0x90000364   0x90000364   0x00000000   Code   RO         7831    .ARM.Collect$$rtentry$$00000002  c_w.l(__rtentry2.o)
    0x90000364   0x90000364   0x00000006   Code   RO         7843    .ARM.Collect$$rtentry$$00000004  c_w.l(__rtentry4.o)
    0x9000036a   0x9000036a   0x00000000   Code   RO         7833    .ARM.Collect$$rtentry$$00000009  c_w.l(__rtentry2.o)
    0x9000036a   0x9000036a   0x00000004   Code   RO         7834    .ARM.Collect$$rtentry$$0000000A  c_w.l(__rtentry2.o)
    0x9000036e   0x9000036e   0x00000000   Code   RO         7836    .ARM.Collect$$rtentry$$0000000C  c_w.l(__rtentry2.o)
    0x9000036e   0x9000036e   0x00000008   Code   RO         7837    .ARM.Collect$$rtentry$$0000000D  c_w.l(__rtentry2.o)
    0x90000376   0x90000376   0x00000002   Code   RO         8004    .ARM.Collect$$rtexit$$00000000  c_w.l(rtexit.o)
    0x90000378   0x90000378   0x00000000   Code   RO         8038    .ARM.Collect$$rtexit$$00000002  c_w.l(rtexit2.o)
    0x90000378   0x90000378   0x00000004   Code   RO         8039    .ARM.Collect$$rtexit$$00000003  c_w.l(rtexit2.o)
    0x9000037c   0x9000037c   0x00000006   Code   RO         8040    .ARM.Collect$$rtexit$$00000004  c_w.l(rtexit2.o)
    0x90000382   0x90000382   0x00000002   PAD
    0x90000384   0x90000384   0x00000034   Code   RO         7649    .emb_text           c_w.l(rand.o)
    0x900003b8   0x900003b8   0x00000000   Code   RO         7847    .emb_text           c_w.l(maybetermalloc1.o)
    0x900003b8   0x900003b8   0x00000040   Code   RO            4    .text               startup_stm32h750xx.o
    0x900003f8   0x900003f8   0x0000005e   Code   RO         7555    .text               c_w.l(h1_alloc.o)
    0x90000456   0x90000456   0x0000004e   Code   RO         7557    .text               c_w.l(h1_free.o)
    0x900004a4   0x900004a4   0x0000003c   Code   RO         7650    .text               c_w.l(rand.o)
    0x900004e0   0x900004e0   0x00000064   Code   RO         7654    .text               c_w.l(rt_memcpy_w.o)
    0x90000544   0x90000544   0x0000004e   Code   RO         7658    .text               c_w.l(rt_memclr_w.o)
    0x90000592   0x90000592   0x00000006   Code   RO         7660    .text               c_w.l(heapauxi.o)
    0x90000598   0x90000598   0x00000008   Code   RO         7670    .text               c_w.l(rt_heap_descriptor_intlibspace.o)
    0x900005a0   0x900005a0   0x00000004   Code   RO         7672    .text               c_w.l(hguard.o)
    0x900005a4   0x900005a4   0x0000008a   Code   RO         7674    .text               c_w.l(init_alloc.o)
    0x9000062e   0x9000062e   0x0000000e   Code   RO         7678    .text               c_w.l(h1_init.o)
    0x9000063c   0x9000063c   0x00000008   Code   RO         7827    .text               c_w.l(libspace.o)
    0x90000644   0x90000644   0x00000034   Code   RO         7849    .text               c_w.l(h1_extend.o)
    0x90000678   0x90000678   0x0000000e   Code   RO         7882    .text               c_w.l(defsig_rtmem_outer.o)
    0x90000686   0x90000686   0x00000002   Code   RO         7898    .text               c_w.l(use_no_semi.o)
    0x90000688   0x90000688   0x00000000   Code   RO         7900    .text               c_w.l(indicate_semi.o)
    0x90000688   0x90000688   0x0000004a   Code   RO         7901    .text               c_w.l(sys_stackheap_outer.o)
    0x900006d2   0x900006d2   0x00000012   Code   RO         7957    .text               c_w.l(exit.o)
    0x900006e4   0x900006e4   0x0000000a   Code   RO         7959    .text               c_w.l(defsig_exit.o)
    0x900006ee   0x900006ee   0x00000002   PAD
    0x900006f0   0x900006f0   0x00000050   Code   RO         7965    .text               c_w.l(defsig_rtmem_inner.o)
    0x90000740   0x90000740   0x0000000c   Code   RO         8002    .text               c_w.l(sys_exit.o)
    0x9000074c   0x9000074c   0x00000032   Code   RO         8025    .text               c_w.l(defsig_general.o)
    0x9000077e   0x9000077e   0x0000000e   Code   RO         8035    .text               c_w.l(sys_wrch.o)
    0x9000078c   0x9000078c   0x00000014   Code   RO          813    i.BSP_PlatformIsDetected  fatfs_platform.o
    0x900007a0   0x900007a0   0x0000000c   Code   RO          640    i.BSP_SD_GetCardInfo  bsp_driver_sd.o
    0x900007ac   0x900007ac   0x00000018   Code   RO          641    i.BSP_SD_GetCardState  bsp_driver_sd.o
    0x900007c4   0x900007c4   0x00000030   Code   RO          643    i.BSP_SD_Init       bsp_driver_sd.o
    0x900007f4   0x900007f4   0x0000001a   Code   RO          644    i.BSP_SD_IsDetected  bsp_driver_sd.o
    0x9000080e   0x9000080e   0x00000002   PAD
    0x90000810   0x90000810   0x00000020   Code   RO          645    i.BSP_SD_ReadBlocks  bsp_driver_sd.o
    0x90000830   0x90000830   0x00000020   Code   RO          648    i.BSP_SD_WriteBlocks  bsp_driver_sd.o
    0x90000850   0x90000850   0x00000002   Code   RO          526    i.BusFault_Handler  stm32h7xx_it.o
    0x90000852   0x90000852   0x00000004   Code   RO         1008    i.CDC_Control_FS    usbd_cdc_if.o
    0x90000856   0x90000856   0x00000004   Code   RO         1009    i.CDC_DeInit_FS     usbd_cdc_if.o
    0x9000085a   0x9000085a   0x00000002   PAD
    0x9000085c   0x9000085c   0x00000024   Code   RO         1010    i.CDC_Init_FS       usbd_cdc_if.o
    0x90000880   0x90000880   0x0000004c   Code   RO         1011    i.CDC_Receive_FS    usbd_cdc_if.o
    0x900008cc   0x900008cc   0x00000004   Code   RO         1012    i.CDC_TransmitCplt_FS  usbd_cdc_if.o
    0x900008d0   0x900008d0   0x00000002   Code   RO          527    i.DebugMon_Handler  stm32h7xx_it.o
    0x900008d2   0x900008d2   0x00000004   Code   RO           13    i.Error_Handler     main.o
    0x900008d6   0x900008d6   0x00000006   Code   RO         6736    i.FATFS_LinkDriver  ff_gen_drv.o
    0x900008dc   0x900008dc   0x00000040   Code   RO         6737    i.FATFS_LinkDriverEx  ff_gen_drv.o
    0x9000091c   0x9000091c   0x00000024   Code   RO         3349    i.HAL_Delay         stm32h7xx_hal.o
    0x90000940   0x90000940   0x00000230   Code   RO         2347    i.HAL_GPIO_Init     stm32h7xx_hal_gpio.o
    0x90000b70   0x90000b70   0x0000000a   Code   RO         2349    i.HAL_GPIO_ReadPin  stm32h7xx_hal_gpio.o
    0x90000b7a   0x90000b7a   0x0000000e   Code   RO         2350    i.HAL_GPIO_TogglePin  stm32h7xx_hal_gpio.o
    0x90000b88   0x90000b88   0x0000000a   Code   RO         2351    i.HAL_GPIO_WritePin  stm32h7xx_hal_gpio.o
    0x90000b92   0x90000b92   0x00000002   PAD
    0x90000b94   0x90000b94   0x0000000c   Code   RO         3364    i.HAL_GetREVID      stm32h7xx_hal.o
    0x90000ba0   0x90000ba0   0x0000000c   Code   RO         3365    i.HAL_GetTick       stm32h7xx_hal.o
    0x90000bac   0x90000bac   0x00000058   Code   RO         4140    i.HAL_I2CEx_ConfigAnalogFilter  stm32h7xx_hal_i2c_ex.o
    0x90000c04   0x90000c04   0x00000054   Code   RO         4141    i.HAL_I2CEx_ConfigDigitalFilter  stm32h7xx_hal_i2c_ex.o
    0x90000c58   0x90000c58   0x00000028   Code   RO         4144    i.HAL_I2CEx_EnableFastModePlus  stm32h7xx_hal_i2c_ex.o
    0x90000c80   0x90000c80   0x000000b8   Code   RO         3689    i.HAL_I2C_Init      stm32h7xx_hal_i2c.o
    0x90000d38   0x90000d38   0x00000068   Code   RO          317    i.HAL_I2C_MspInit   i2c.o
    0x90000da0   0x90000da0   0x00000010   Code   RO         3371    i.HAL_IncTick       stm32h7xx_hal.o
    0x90000db0   0x90000db0   0x0000005c   Code   RO         3372    i.HAL_Init          stm32h7xx_hal.o
    0x90000e0c   0x90000e0c   0x00000040   Code   RO         3373    i.HAL_InitTick      stm32h7xx_hal.o
    0x90000e4c   0x90000e4c   0x0000001c   Code   RO          614    i.HAL_MspInit       stm32h7xx_hal_msp.o
    0x90000e68   0x90000e68   0x0000001a   Code   RO         3207    i.HAL_NVIC_EnableIRQ  stm32h7xx_hal_cortex.o
    0x90000e82   0x90000e82   0x00000002   PAD
    0x90000e84   0x90000e84   0x00000040   Code   RO         3213    i.HAL_NVIC_SetPriority  stm32h7xx_hal_cortex.o
    0x90000ec4   0x90000ec4   0x00000024   Code   RO         3214    i.HAL_NVIC_SetPriorityGrouping  stm32h7xx_hal_cortex.o
    0x90000ee8   0x90000ee8   0x00000028   Code   RO         1503    i.HAL_PCDEx_ActivateLPM  stm32h7xx_hal_pcd_ex.o
    0x90000f10   0x90000f10   0x00000002   Code   RO         1508    i.HAL_PCDEx_LPM_Callback  stm32h7xx_hal_pcd_ex.o
    0x90000f12   0x90000f12   0x00000008   Code   RO         1509    i.HAL_PCDEx_SetRxFiFo  stm32h7xx_hal_pcd_ex.o
    0x90000f1a   0x90000f1a   0x00000046   Code   RO         1510    i.HAL_PCDEx_SetTxFiFo  stm32h7xx_hal_pcd_ex.o
    0x90000f60   0x90000f60   0x00000008   Code   RO         1083    i.HAL_PCD_ConnectCallback  usbd_conf.o
    0x90000f68   0x90000f68   0x00000012   Code   RO         1084    i.HAL_PCD_DataInStageCallback  usbd_conf.o
    0x90000f7a   0x90000f7a   0x00000014   Code   RO         1085    i.HAL_PCD_DataOutStageCallback  usbd_conf.o
    0x90000f8e   0x90000f8e   0x00000008   Code   RO         1086    i.HAL_PCD_DisconnectCallback  usbd_conf.o
    0x90000f96   0x90000f96   0x0000004c   Code   RO         1291    i.HAL_PCD_EP_Close  stm32h7xx_hal_pcd.o
    0x90000fe2   0x90000fe2   0x0000005c   Code   RO         1292    i.HAL_PCD_EP_ClrStall  stm32h7xx_hal_pcd.o
    0x9000103e   0x9000103e   0x00000012   Code   RO         1294    i.HAL_PCD_EP_GetRxCount  stm32h7xx_hal_pcd.o
    0x90001050   0x90001050   0x00000060   Code   RO         1295    i.HAL_PCD_EP_Open   stm32h7xx_hal_pcd.o
    0x900010b0   0x900010b0   0x00000044   Code   RO         1296    i.HAL_PCD_EP_Receive  stm32h7xx_hal_pcd.o
    0x900010f4   0x900010f4   0x00000074   Code   RO         1297    i.HAL_PCD_EP_SetStall  stm32h7xx_hal_pcd.o
    0x90001168   0x90001168   0x00000044   Code   RO         1298    i.HAL_PCD_EP_Transmit  stm32h7xx_hal_pcd.o
    0x900011ac   0x900011ac   0x00000474   Code   RO         1300    i.HAL_PCD_IRQHandler  stm32h7xx_hal_pcd.o
    0x90001620   0x90001620   0x00000008   Code   RO         1087    i.HAL_PCD_ISOINIncompleteCallback  usbd_conf.o
    0x90001628   0x90001628   0x00000008   Code   RO         1088    i.HAL_PCD_ISOOUTIncompleteCallback  usbd_conf.o
    0x90001630   0x90001630   0x000000f2   Code   RO         1303    i.HAL_PCD_Init      stm32h7xx_hal_pcd.o
    0x90001722   0x90001722   0x00000002   PAD
    0x90001724   0x90001724   0x00000078   Code   RO         1090    i.HAL_PCD_MspInit   usbd_conf.o
    0x9000179c   0x9000179c   0x0000002c   Code   RO         1091    i.HAL_PCD_ResetCallback  usbd_conf.o
    0x900017c8   0x900017c8   0x00000008   Code   RO         1092    i.HAL_PCD_ResumeCallback  usbd_conf.o
    0x900017d0   0x900017d0   0x00000008   Code   RO         1093    i.HAL_PCD_SOFCallback  usbd_conf.o
    0x900017d8   0x900017d8   0x00000028   Code   RO         1309    i.HAL_PCD_SetAddress  stm32h7xx_hal_pcd.o
    0x90001800   0x90001800   0x0000000e   Code   RO         1094    i.HAL_PCD_SetupStageCallback  usbd_conf.o
    0x9000180e   0x9000180e   0x00000042   Code   RO         1311    i.HAL_PCD_Start     stm32h7xx_hal_pcd.o
    0x90001850   0x90001850   0x00000030   Code   RO         1095    i.HAL_PCD_SuspendCallback  usbd_conf.o
    0x90001880   0x90001880   0x00000054   Code   RO         2948    i.HAL_PWREx_ConfigSupply  stm32h7xx_hal_pwr_ex.o
    0x900018d4   0x900018d4   0x00000010   Code   RO         2965    i.HAL_PWREx_EnableUSBVoltageDetector  stm32h7xx_hal_pwr_ex.o
    0x900018e4   0x900018e4   0x00000024   Code   RO         1990    i.HAL_RCCEx_GetD3PCLK1Freq  stm32h7xx_hal_rcc_ex.o
    0x90001908   0x90001908   0x00000144   Code   RO         1991    i.HAL_RCCEx_GetPLL1ClockFreq  stm32h7xx_hal_rcc_ex.o
    0x90001a4c   0x90001a4c   0x00000144   Code   RO         1992    i.HAL_RCCEx_GetPLL2ClockFreq  stm32h7xx_hal_rcc_ex.o
    0x90001b90   0x90001b90   0x00000144   Code   RO         1993    i.HAL_RCCEx_GetPLL3ClockFreq  stm32h7xx_hal_rcc_ex.o
    0x90001cd4   0x90001cd4   0x000001dc   Code   RO         1995    i.HAL_RCCEx_GetPeriphCLKFreq  stm32h7xx_hal_rcc_ex.o
    0x90001eb0   0x90001eb0   0x000008ba   Code   RO         1999    i.HAL_RCCEx_PeriphCLKConfig  stm32h7xx_hal_rcc_ex.o
    0x9000276a   0x9000276a   0x00000002   PAD
    0x9000276c   0x9000276c   0x0000025c   Code   RO         1875    i.HAL_RCC_ClockConfig  stm32h7xx_hal_rcc.o
    0x900029c8   0x900029c8   0x00000044   Code   RO         1880    i.HAL_RCC_GetHCLKFreq  stm32h7xx_hal_rcc.o
    0x90002a0c   0x90002a0c   0x00000138   Code   RO         1884    i.HAL_RCC_GetSysClockFreq  stm32h7xx_hal_rcc.o
    0x90002b44   0x90002b44   0x00000508   Code   RO         1887    i.HAL_RCC_OscConfig  stm32h7xx_hal_rcc.o
    0x9000304c   0x9000304c   0x0000007a   Code   RO         4273    i.HAL_RNG_Init      stm32h7xx_hal_rng.o
    0x900030c6   0x900030c6   0x00000002   PAD
    0x900030c8   0x900030c8   0x00000028   Code   RO          359    i.HAL_RNG_MspInit   rng.o
    0x900030f0   0x900030f0   0x00000130   Code   RO         4700    i.HAL_SD_ConfigWideBusOperation  stm32h7xx_hal_sd.o
    0x90003220   0x90003220   0x00000002   Code   RO         4702    i.HAL_SD_DriveTransceiver_1_8V_Callback  stm32h7xx_hal_sd.o
    0x90003222   0x90003222   0x00000002   PAD
    0x90003224   0x90003224   0x000001bc   Code   RO         4706    i.HAL_SD_GetCardCSD  stm32h7xx_hal_sd.o
    0x900033e0   0x900033e0   0x00000024   Code   RO         4707    i.HAL_SD_GetCardInfo  stm32h7xx_hal_sd.o
    0x90003404   0x90003404   0x0000002c   Code   RO         4708    i.HAL_SD_GetCardState  stm32h7xx_hal_sd.o
    0x90003430   0x90003430   0x000000bc   Code   RO         4709    i.HAL_SD_GetCardStatus  stm32h7xx_hal_sd.o
    0x900034ec   0x900034ec   0x000000a2   Code   RO         4713    i.HAL_SD_Init       stm32h7xx_hal_sd.o
    0x9000358e   0x9000358e   0x00000002   PAD
    0x90003590   0x90003590   0x000000a8   Code   RO         4714    i.HAL_SD_InitCard   stm32h7xx_hal_sd.o
    0x90003638   0x90003638   0x00000088   Code   RO          401    i.HAL_SD_MspInit    sdmmc.o
    0x900036c0   0x900036c0   0x000001c4   Code   RO         4717    i.HAL_SD_ReadBlocks  stm32h7xx_hal_sd.o
    0x90003884   0x90003884   0x000001dc   Code   RO         4722    i.HAL_SD_WriteBlocks  stm32h7xx_hal_sd.o
    0x90003a60   0x90003a60   0x00000140   Code   RO         4996    i.HAL_SPI_Init      stm32h7xx_hal_spi.o
    0x90003ba0   0x90003ba0   0x00000068   Code   RO          443    i.HAL_SPI_MspInit   spi.o
    0x90003c08   0x90003c08   0x00000236   Code   RO         5004    i.HAL_SPI_Transmit  stm32h7xx_hal_spi.o
    0x90003e3e   0x90003e3e   0x00000026   Code   RO         3218    i.HAL_SYSTICK_Config  stm32h7xx_hal_cortex.o
    0x90003e64   0x90003e64   0x00000002   Code   RO         6024    i.HAL_TIMEx_Break2Callback  stm32h7xx_hal_tim_ex.o
    0x90003e66   0x90003e66   0x00000002   Code   RO         6025    i.HAL_TIMEx_BreakCallback  stm32h7xx_hal_tim_ex.o
    0x90003e68   0x90003e68   0x00000002   Code   RO         6026    i.HAL_TIMEx_CommutCallback  stm32h7xx_hal_tim_ex.o
    0x90003e6a   0x90003e6a   0x00000002   PAD
    0x90003e6c   0x90003e6c   0x00000098   Code   RO         6046    i.HAL_TIMEx_MasterConfigSynchronization  stm32h7xx_hal_tim_ex.o
    0x90003f04   0x90003f04   0x00000062   Code   RO         5310    i.HAL_TIM_Base_Init  stm32h7xx_hal_tim.o
    0x90003f66   0x90003f66   0x00000002   PAD
    0x90003f68   0x90003f68   0x00000038   Code   RO          485    i.HAL_TIM_Base_MspInit  tim.o
    0x90003fa0   0x90003fa0   0x00000040   Code   RO         5315    i.HAL_TIM_Base_Start_IT  stm32h7xx_hal_tim.o
    0x90003fe0   0x90003fe0   0x000000f8   Code   RO         5319    i.HAL_TIM_ConfigClockSource  stm32h7xx_hal_tim.o
    0x900040d8   0x900040d8   0x00000002   Code   RO         5344    i.HAL_TIM_IC_CaptureCallback  stm32h7xx_hal_tim.o
    0x900040da   0x900040da   0x00000182   Code   RO         5358    i.HAL_TIM_IRQHandler  stm32h7xx_hal_tim.o
    0x9000425c   0x9000425c   0x00000002   Code   RO         5361    i.HAL_TIM_OC_DelayElapsedCallback  stm32h7xx_hal_tim.o
    0x9000425e   0x9000425e   0x00000002   Code   RO         5388    i.HAL_TIM_PWM_PulseFinishedCallback  stm32h7xx_hal_tim.o
    0x90004260   0x90004260   0x00000040   Code   RO         7508    i.HAL_TIM_PeriodElapsedCallback  bsp_user.o
    0x900042a0   0x900042a0   0x00000002   Code   RO         5401    i.HAL_TIM_TriggerCallback  stm32h7xx_hal_tim.o
    0x900042a2   0x900042a2   0x00000002   Code   RO          528    i.HardFault_Handler  stm32h7xx_it.o
    0x900042a4   0x900042a4   0x00000038   Code   RO          922    i.IntToUnicode      usbd_desc.o
    0x900042dc   0x900042dc   0x00000040   Code   RO         7364    i.LCD_Clear         spi_lcd.o
    0x9000431c   0x9000431c   0x00000268   Code   RO         7366    i.LCD_Init          spi_lcd.o
    0x90004584   0x90004584   0x0000002c   Code   RO         7367    i.LCD_RESET         spi_lcd.o
    0x900045b0   0x900045b0   0x0000005c   Code   RO         7369    i.LCD_SetWindows    spi_lcd.o
    0x9000460c   0x9000460c   0x00000038   Code   RO         7372    i.LCD_WR_DATA       spi_lcd.o
    0x90004644   0x90004644   0x00000038   Code   RO         7373    i.LCD_WR_REG        spi_lcd.o
    0x9000467c   0x9000467c   0x0000000c   Code   RO         7374    i.LCD_WriteRAM_Prepare  spi_lcd.o
    0x90004688   0x90004688   0x00000012   Code   RO         7375    i.LCD_WriteReg      spi_lcd.o
    0x9000469a   0x9000469a   0x00000002   PAD
    0x9000469c   0x9000469c   0x00000054   Code   RO         7376    i.LCD_direction     spi_lcd.o
    0x900046f0   0x900046f0   0x0000001c   Code   RO          837    i.MX_FATFS_Init     fatfs.o
    0x9000470c   0x9000470c   0x00000104   Code   RO          288    i.MX_GPIO_Init      gpio.o
    0x90004810   0x90004810   0x0000005c   Code   RO          318    i.MX_I2C2_Init      i2c.o
    0x9000486c   0x9000486c   0x00000028   Code   RO          360    i.MX_RNG_Init       rng.o
    0x90004894   0x90004894   0x00000028   Code   RO          402    i.MX_SDMMC1_SD_Init  sdmmc.o
    0x900048bc   0x900048bc   0x00000058   Code   RO          444    i.MX_SPI1_Init      spi.o
    0x90004914   0x90004914   0x00000064   Code   RO          486    i.MX_TIM2_Init      tim.o
    0x90004978   0x90004978   0x00000054   Code   RO          880    i.MX_USB_DEVICE_Init  usb_device.o
    0x900049cc   0x900049cc   0x00000002   Code   RO          529    i.MemManage_Handler  stm32h7xx_it.o
    0x900049ce   0x900049ce   0x00000002   Code   RO          530    i.NMI_Handler       stm32h7xx_it.o
    0x900049d0   0x900049d0   0x0000000c   Code   RO          531    i.OTG_FS_IRQHandler  stm32h7xx_it.o
    0x900049dc   0x900049dc   0x000000cc   Code   RO         1314    i.PCD_EP_OutXfrComplete_int  stm32h7xx_hal_pcd.o
    0x90004aa8   0x90004aa8   0x000000a2   Code   RO         1315    i.PCD_WriteEmptyTxFifo  stm32h7xx_hal_pcd.o
    0x90004b4a   0x90004b4a   0x00000002   Code   RO          532    i.PendSV_Handler    stm32h7xx_it.o
    0x90004b4c   0x90004b4c   0x00000120   Code   RO         2002    i.RCCEx_PLL2_Config  stm32h7xx_hal_rcc_ex.o
    0x90004c6c   0x90004c6c   0x00000120   Code   RO         2003    i.RCCEx_PLL3_Config  stm32h7xx_hal_rcc_ex.o
    0x90004d8c   0x90004d8c   0x00000034   Code   RO         4374    i.SDMMC_CmdAppCommand  stm32h7xx_ll_sdmmc.o
    0x90004dc0   0x90004dc0   0x0000002e   Code   RO         4375    i.SDMMC_CmdAppOperCommand  stm32h7xx_ll_sdmmc.o
    0x90004dee   0x90004dee   0x00000032   Code   RO         4376    i.SDMMC_CmdBlockLength  stm32h7xx_ll_sdmmc.o
    0x90004e20   0x90004e20   0x00000034   Code   RO         4377    i.SDMMC_CmdBusWidth  stm32h7xx_ll_sdmmc.o
    0x90004e54   0x90004e54   0x00000054   Code   RO         4381    i.SDMMC_CmdGoIdleState  stm32h7xx_ll_sdmmc.o
    0x90004ea8   0x90004ea8   0x00000074   Code   RO         4383    i.SDMMC_CmdOperCond  stm32h7xx_ll_sdmmc.o
    0x90004f1c   0x90004f1c   0x00000034   Code   RO         4384    i.SDMMC_CmdReadMultiBlock  stm32h7xx_ll_sdmmc.o
    0x90004f50   0x90004f50   0x00000034   Code   RO         4385    i.SDMMC_CmdReadSingleBlock  stm32h7xx_ll_sdmmc.o
    0x90004f84   0x90004f84   0x00000032   Code   RO         4388    i.SDMMC_CmdSelDesel  stm32h7xx_ll_sdmmc.o
    0x90004fb6   0x90004fb6   0x0000002c   Code   RO         4389    i.SDMMC_CmdSendCID  stm32h7xx_ll_sdmmc.o
    0x90004fe2   0x90004fe2   0x00000030   Code   RO         4390    i.SDMMC_CmdSendCSD  stm32h7xx_ll_sdmmc.o
    0x90005012   0x90005012   0x00000032   Code   RO         4392    i.SDMMC_CmdSendSCR  stm32h7xx_ll_sdmmc.o
    0x90005044   0x90005044   0x00000034   Code   RO         4393    i.SDMMC_CmdSendStatus  stm32h7xx_ll_sdmmc.o
    0x90005078   0x90005078   0x00000032   Code   RO         4394    i.SDMMC_CmdSetRelAdd  stm32h7xx_ll_sdmmc.o
    0x900050aa   0x900050aa   0x00000032   Code   RO         4395    i.SDMMC_CmdStatusRegister  stm32h7xx_ll_sdmmc.o
    0x900050dc   0x900050dc   0x00000054   Code   RO         4396    i.SDMMC_CmdStopTransfer  stm32h7xx_ll_sdmmc.o
    0x90005130   0x90005130   0x00000032   Code   RO         4398    i.SDMMC_CmdVoltageSwitch  stm32h7xx_ll_sdmmc.o
    0x90005162   0x90005162   0x00000034   Code   RO         4399    i.SDMMC_CmdWriteMultiBlock  stm32h7xx_ll_sdmmc.o
    0x90005196   0x90005196   0x00000034   Code   RO         4400    i.SDMMC_CmdWriteSingleBlock  stm32h7xx_ll_sdmmc.o
    0x900051ca   0x900051ca   0x00000026   Code   RO         4401    i.SDMMC_ConfigData  stm32h7xx_ll_sdmmc.o
    0x900051f0   0x900051f0   0x00000124   Code   RO         4402    i.SDMMC_GetCmdResp1  stm32h7xx_ll_sdmmc.o
    0x90005314   0x90005314   0x00000054   Code   RO         4403    i.SDMMC_GetCmdResp2  stm32h7xx_ll_sdmmc.o
    0x90005368   0x90005368   0x00000048   Code   RO         4404    i.SDMMC_GetCmdResp3  stm32h7xx_ll_sdmmc.o
    0x900053b0   0x900053b0   0x0000008c   Code   RO         4405    i.SDMMC_GetCmdResp6  stm32h7xx_ll_sdmmc.o
    0x9000543c   0x9000543c   0x00000008   Code   RO         4409    i.SDMMC_GetPowerState  stm32h7xx_ll_sdmmc.o
    0x90005444   0x90005444   0x00000006   Code   RO         4410    i.SDMMC_GetResponse  stm32h7xx_ll_sdmmc.o
    0x9000544a   0x9000544a   0x00000002   PAD
    0x9000544c   0x9000544c   0x00000020   Code   RO         4411    i.SDMMC_Init        stm32h7xx_ll_sdmmc.o
    0x9000546c   0x9000546c   0x0000000c   Code   RO         4414    i.SDMMC_PowerState_ON  stm32h7xx_ll_sdmmc.o
    0x90005478   0x90005478   0x00000006   Code   RO         4415    i.SDMMC_ReadFIFO    stm32h7xx_ll_sdmmc.o
    0x9000547e   0x9000547e   0x00000002   PAD
    0x90005480   0x90005480   0x00000028   Code   RO         4416    i.SDMMC_SendCommand  stm32h7xx_ll_sdmmc.o
    0x900054a8   0x900054a8   0x0000000a   Code   RO         4418    i.SDMMC_WriteFIFO   stm32h7xx_ll_sdmmc.o
    0x900054b2   0x900054b2   0x00000002   PAD
    0x900054b4   0x900054b4   0x00000020   Code   RO          753    i.SD_CheckStatus    sd_diskio.o
    0x900054d4   0x900054d4   0x000000e4   Code   RO         4726    i.SD_FindSCR        stm32h7xx_hal_sd.o
    0x900055b8   0x900055b8   0x000000d4   Code   RO         4728    i.SD_InitCard       stm32h7xx_hal_sd.o
    0x9000568c   0x9000568c   0x00000144   Code   RO         4729    i.SD_PowerON        stm32h7xx_hal_sd.o
    0x900057d0   0x900057d0   0x000000e4   Code   RO         4730    i.SD_SendSDStatus   stm32h7xx_hal_sd.o
    0x900058b4   0x900058b4   0x00000020   Code   RO          754    i.SD_initialize     sd_diskio.o
    0x900058d4   0x900058d4   0x00000058   Code   RO          755    i.SD_ioctl          sd_diskio.o
    0x9000592c   0x9000592c   0x00000026   Code   RO          756    i.SD_read           sd_diskio.o
    0x90005952   0x90005952   0x00000004   Code   RO          757    i.SD_status         sd_diskio.o
    0x90005956   0x90005956   0x00000002   PAD
    0x90005958   0x90005958   0x00000026   Code   RO          758    i.SD_write          sd_diskio.o
    0x9000597e   0x9000597e   0x000000bc   Code   RO         5015    i.SPI_CloseTransfer  stm32h7xx_hal_spi.o
    0x90005a3a   0x90005a3a   0x00000042   Code   RO         5032    i.SPI_WaitOnFlagUntilTimeout  stm32h7xx_hal_spi.o
    0x90005a7c   0x90005a7c   0x00000018   Code   RO         7378    i.SPI_WriteByte     spi_lcd.o
    0x90005a94   0x90005a94   0x00000002   Code   RO          533    i.SVC_Handler       stm32h7xx_it.o
    0x90005a96   0x90005a96   0x0000000a   Code   RO         6952    i.SWAPBYTE          usbd_ctlreq.o
    0x90005aa0   0x90005aa0   0x00000004   Code   RO          534    i.SysTick_Handler   stm32h7xx_it.o
    0x90005aa4   0x90005aa4   0x0000011c   Code   RO           14    i.SystemClock_Config  main.o
    0x90005bc0   0x90005bc0   0x000000a0   Code   RO         6316    i.SystemInit        system_stm32h7xx.o
    0x90005c60   0x90005c60   0x0000000c   Code   RO          535    i.TIM2_IRQHandler   stm32h7xx_it.o
    0x90005c6c   0x90005c6c   0x000000c4   Code   RO         5403    i.TIM_Base_SetConfig  stm32h7xx_hal_tim.o
    0x90005d30   0x90005d30   0x00000012   Code   RO         5414    i.TIM_ETR_SetConfig  stm32h7xx_hal_tim.o
    0x90005d42   0x90005d42   0x00000002   PAD
    0x90005d44   0x90005d44   0x00000014   Code   RO         5415    i.TIM_ITRx_SetConfig  stm32h7xx_hal_tim.o
    0x90005d58   0x90005d58   0x00000022   Code   RO         5423    i.TIM_TI1_ConfigInputStage  stm32h7xx_hal_tim.o
    0x90005d7a   0x90005d7a   0x00000024   Code   RO         5425    i.TIM_TI2_ConfigInputStage  stm32h7xx_hal_tim.o
    0x90005d9e   0x90005d9e   0x00000060   Code   RO         7093    i.USBD_CDC_DataIn   usbd_cdc.o
    0x90005dfe   0x90005dfe   0x0000002a   Code   RO         7094    i.USBD_CDC_DataOut  usbd_cdc.o
    0x90005e28   0x90005e28   0x0000004a   Code   RO         7095    i.USBD_CDC_DeInit   usbd_cdc.o
    0x90005e72   0x90005e72   0x00000024   Code   RO         7096    i.USBD_CDC_EP0_RxReady  usbd_cdc.o
    0x90005e96   0x90005e96   0x00000002   PAD
    0x90005e98   0x90005e98   0x0000000c   Code   RO         7097    i.USBD_CDC_GetDeviceQualifierDescriptor  usbd_cdc.o
    0x90005ea4   0x90005ea4   0x0000000c   Code   RO         7098    i.USBD_CDC_GetFSCfgDesc  usbd_cdc.o
    0x90005eb0   0x90005eb0   0x0000000c   Code   RO         7099    i.USBD_CDC_GetHSCfgDesc  usbd_cdc.o
    0x90005ebc   0x90005ebc   0x0000000c   Code   RO         7100    i.USBD_CDC_GetOtherSpeedCfgDesc  usbd_cdc.o
    0x90005ec8   0x90005ec8   0x000000a2   Code   RO         7101    i.USBD_CDC_Init     usbd_cdc.o
    0x90005f6a   0x90005f6a   0x00000028   Code   RO         7102    i.USBD_CDC_ReceivePacket  usbd_cdc.o
    0x90005f92   0x90005f92   0x0000000e   Code   RO         7103    i.USBD_CDC_RegisterInterface  usbd_cdc.o
    0x90005fa0   0x90005fa0   0x0000000c   Code   RO         7104    i.USBD_CDC_SetRxBuffer  usbd_cdc.o
    0x90005fac   0x90005fac   0x00000010   Code   RO         7105    i.USBD_CDC_SetTxBuffer  usbd_cdc.o
    0x90005fbc   0x90005fbc   0x000000b2   Code   RO         7106    i.USBD_CDC_Setup    usbd_cdc.o
    0x9000606e   0x9000606e   0x00000010   Code   RO         6810    i.USBD_ClrClassConfig  usbd_core.o
    0x9000607e   0x9000607e   0x00000010   Code   RO         7029    i.USBD_CtlContinueRx  usbd_ioreq.o
    0x9000608e   0x9000608e   0x00000010   Code   RO         7030    i.USBD_CtlContinueSendData  usbd_ioreq.o
    0x9000609e   0x9000609e   0x00000016   Code   RO         6953    i.USBD_CtlError     usbd_ctlreq.o
    0x900060b4   0x900060b4   0x0000001e   Code   RO         7031    i.USBD_CtlPrepareRx  usbd_ioreq.o
    0x900060d2   0x900060d2   0x00000016   Code   RO         7032    i.USBD_CtlReceiveStatus  usbd_ioreq.o
    0x900060e8   0x900060e8   0x0000001a   Code   RO         7033    i.USBD_CtlSendData  usbd_ioreq.o
    0x90006102   0x90006102   0x00000016   Code   RO         7034    i.USBD_CtlSendStatus  usbd_ioreq.o
    0x90006118   0x90006118   0x00000020   Code   RO          923    i.USBD_FS_ConfigStrDescriptor  usbd_desc.o
    0x90006138   0x90006138   0x0000000c   Code   RO          924    i.USBD_FS_DeviceDescriptor  usbd_desc.o
    0x90006144   0x90006144   0x00000024   Code   RO          925    i.USBD_FS_InterfaceStrDescriptor  usbd_desc.o
    0x90006168   0x90006168   0x0000000c   Code   RO          926    i.USBD_FS_LangIDStrDescriptor  usbd_desc.o
    0x90006174   0x90006174   0x00000028   Code   RO          927    i.USBD_FS_ManufacturerStrDescriptor  usbd_desc.o
    0x9000619c   0x9000619c   0x0000002c   Code   RO          928    i.USBD_FS_ProductStrDescriptor  usbd_desc.o
    0x900061c8   0x900061c8   0x0000003c   Code   RO          929    i.USBD_FS_SerialStrDescriptor  usbd_desc.o
    0x90006204   0x90006204   0x000000e6   Code   RO         6954    i.USBD_GetDescriptor  usbd_ctlreq.o
    0x900062ea   0x900062ea   0x0000004a   Code   RO         6955    i.USBD_GetString    usbd_ctlreq.o
    0x90006334   0x90006334   0x00000018   Code   RO         1096    i.USBD_Get_USB_Status  usbd_conf.o
    0x9000634c   0x9000634c   0x00000034   Code   RO         6812    i.USBD_Init         usbd_core.o
    0x90006380   0x90006380   0x00000012   Code   RO         1097    i.USBD_LL_ClearStallEP  usbd_conf.o
    0x90006392   0x90006392   0x00000012   Code   RO         1098    i.USBD_LL_CloseEP   usbd_conf.o
    0x900063a4   0x900063a4   0x000000aa   Code   RO         6813    i.USBD_LL_DataInStage  usbd_core.o
    0x9000644e   0x9000644e   0x0000006e   Code   RO         6814    i.USBD_LL_DataOutStage  usbd_core.o
    0x900064bc   0x900064bc   0x00000004   Code   RO         6815    i.USBD_LL_DevConnected  usbd_core.o
    0x900064c0   0x900064c0   0x0000001a   Code   RO         6816    i.USBD_LL_DevDisconnected  usbd_core.o
    0x900064da   0x900064da   0x00000008   Code   RO         1102    i.USBD_LL_GetRxDataSize  usbd_conf.o
    0x900064e2   0x900064e2   0x00000002   PAD
    0x900064e4   0x900064e4   0x00000064   Code   RO         1103    i.USBD_LL_Init      usbd_conf.o
    0x90006548   0x90006548   0x00000020   Code   RO         1104    i.USBD_LL_IsStallEP  usbd_conf.o
    0x90006568   0x90006568   0x00000004   Code   RO         6817    i.USBD_LL_IsoINIncomplete  usbd_core.o
    0x9000656c   0x9000656c   0x00000004   Code   RO         6818    i.USBD_LL_IsoOUTIncomplete  usbd_core.o
    0x90006570   0x90006570   0x00000018   Code   RO         1105    i.USBD_LL_OpenEP    usbd_conf.o
    0x90006588   0x90006588   0x00000012   Code   RO         1106    i.USBD_LL_PrepareReceive  usbd_conf.o
    0x9000659a   0x9000659a   0x00000052   Code   RO         6819    i.USBD_LL_Reset     usbd_core.o
    0x900065ec   0x900065ec   0x00000014   Code   RO         6820    i.USBD_LL_Resume    usbd_core.o
    0x90006600   0x90006600   0x00000018   Code   RO         6821    i.USBD_LL_SOF       usbd_core.o
    0x90006618   0x90006618   0x00000006   Code   RO         6822    i.USBD_LL_SetSpeed  usbd_core.o
    0x9000661e   0x9000661e   0x00000012   Code   RO         1107    i.USBD_LL_SetUSBAddress  usbd_conf.o
    0x90006630   0x90006630   0x0000005c   Code   RO         6823    i.USBD_LL_SetupStage  usbd_core.o
    0x9000668c   0x9000668c   0x00000012   Code   RO         1108    i.USBD_LL_StallEP   usbd_conf.o
    0x9000669e   0x9000669e   0x00000012   Code   RO         1109    i.USBD_LL_Start     usbd_conf.o
    0x900066b0   0x900066b0   0x00000012   Code   RO         6824    i.USBD_LL_Suspend   usbd_core.o
    0x900066c2   0x900066c2   0x00000012   Code   RO         1111    i.USBD_LL_Transmit  usbd_conf.o
    0x900066d4   0x900066d4   0x0000002a   Code   RO         6956    i.USBD_ParseSetupRequest  usbd_ctlreq.o
    0x900066fe   0x900066fe   0x00000022   Code   RO         6825    i.USBD_RegisterClass  usbd_core.o
    0x90006720   0x90006720   0x00000014   Code   RO         6827    i.USBD_SetClassConfig  usbd_core.o
    0x90006734   0x90006734   0x000000bc   Code   RO         6957    i.USBD_SetConfig    usbd_ctlreq.o
    0x900067f0   0x900067f0   0x00000004   Code   RO         6828    i.USBD_Start        usbd_core.o
    0x900067f4   0x900067f4   0x00000116   Code   RO         6958    i.USBD_StdDevReq    usbd_ctlreq.o
    0x9000690a   0x9000690a   0x0000014c   Code   RO         6959    i.USBD_StdEPReq     usbd_ctlreq.o
    0x90006a56   0x90006a56   0x00000054   Code   RO         6960    i.USBD_StdItfReq    usbd_ctlreq.o
    0x90006aaa   0x90006aaa   0x00000002   PAD
    0x90006aac   0x90006aac   0x00000080   Code   RO         1575    i.USB_ActivateEndpoint  stm32h7xx_ll_usb.o
    0x90006b2c   0x90006b2c   0x0000001c   Code   RO         1577    i.USB_ActivateSetup  stm32h7xx_ll_usb.o
    0x90006b48   0x90006b48   0x00000078   Code   RO         1579    i.USB_CoreInit      stm32h7xx_ll_usb.o
    0x90006bc0   0x90006bc0   0x00000038   Code   RO         1580    i.USB_CoreReset     stm32h7xx_ll_usb.o
    0x90006bf8   0x90006bf8   0x000000cc   Code   RO         1583    i.USB_DeactivateEndpoint  stm32h7xx_ll_usb.o
    0x90006cc4   0x90006cc4   0x00000018   Code   RO         1584    i.USB_DevConnect    stm32h7xx_ll_usb.o
    0x90006cdc   0x90006cdc   0x00000018   Code   RO         1585    i.USB_DevDisconnect  stm32h7xx_ll_usb.o
    0x90006cf4   0x90006cf4   0x00000178   Code   RO         1586    i.USB_DevInit       stm32h7xx_ll_usb.o
    0x90006e6c   0x90006e6c   0x0000000c   Code   RO         1587    i.USB_DisableGlobalInt  stm32h7xx_ll_usb.o
    0x90006e78   0x90006e78   0x0000011c   Code   RO         1590    i.USB_EP0StartXfer  stm32h7xx_ll_usb.o
    0x90006f94   0x90006f94   0x00000058   Code   RO         1591    i.USB_EP0_OutStart  stm32h7xx_ll_usb.o
    0x90006fec   0x90006fec   0x00000058   Code   RO         1592    i.USB_EPClearStall  stm32h7xx_ll_usb.o
    0x90007044   0x90007044   0x00000058   Code   RO         1593    i.USB_EPSetStall    stm32h7xx_ll_usb.o
    0x9000709c   0x9000709c   0x000001e8   Code   RO         1594    i.USB_EPStartXfer   stm32h7xx_ll_usb.o
    0x90007284   0x90007284   0x0000000c   Code   RO         1595    i.USB_EnableGlobalInt  stm32h7xx_ll_usb.o
    0x90007290   0x90007290   0x00000020   Code   RO         1596    i.USB_FlushRxFifo   stm32h7xx_ll_usb.o
    0x900072b0   0x900072b0   0x00000024   Code   RO         1597    i.USB_FlushTxFifo   stm32h7xx_ll_usb.o
    0x900072d4   0x900072d4   0x0000001a   Code   RO         1599    i.USB_GetDevSpeed   stm32h7xx_ll_usb.o
    0x900072ee   0x900072ee   0x00000008   Code   RO         1601    i.USB_GetMode       stm32h7xx_ll_usb.o
    0x900072f6   0x900072f6   0x0000000e   Code   RO         1608    i.USB_ReadDevAllInEpInterrupt  stm32h7xx_ll_usb.o
    0x90007304   0x90007304   0x0000000e   Code   RO         1609    i.USB_ReadDevAllOutEpInterrupt  stm32h7xx_ll_usb.o
    0x90007312   0x90007312   0x00000024   Code   RO         1610    i.USB_ReadDevInEPInterrupt  stm32h7xx_ll_usb.o
    0x90007336   0x90007336   0x00000010   Code   RO         1611    i.USB_ReadDevOutEPInterrupt  stm32h7xx_ll_usb.o
    0x90007346   0x90007346   0x00000008   Code   RO         1612    i.USB_ReadInterrupts  stm32h7xx_ll_usb.o
    0x9000734e   0x9000734e   0x0000001c   Code   RO         1613    i.USB_ReadPacket    stm32h7xx_ll_usb.o
    0x9000736a   0x9000736a   0x0000002e   Code   RO         1615    i.USB_SetCurrentMode  stm32h7xx_ll_usb.o
    0x90007398   0x90007398   0x00000022   Code   RO         1616    i.USB_SetDevAddress  stm32h7xx_ll_usb.o
    0x900073ba   0x900073ba   0x00000002   PAD
    0x900073bc   0x900073bc   0x000000e8   Code   RO         1618    i.USB_SetTurnaroundTime  stm32h7xx_ll_usb.o
    0x900074a4   0x900074a4   0x00000024   Code   RO         1621    i.USB_WritePacket   stm32h7xx_ll_usb.o
    0x900074c8   0x900074c8   0x00000094   Code   RO         7379    i.Update_GRAM_fast  spi_lcd.o
    0x9000755c   0x9000755c   0x00000002   Code   RO          536    i.UsageFault_Handler  stm32h7xx_it.o
    0x9000755e   0x9000755e   0x00000022   Code   RO         3220    i.__NVIC_SetPriority  stm32h7xx_hal_cortex.o
    0x90007580   0x90007580   0x00000014   Code   RO         7509    i.bsp_init          bsp_user.o
    0x90007594   0x90007594   0x000000ac   Code   RO           15    i.main              main.o
    0x90007640   0x90007640   0x00000030   Code   RO         7380    i.show_rng          spi_lcd.o
    0x90007670   0x90007670   0x0000000a   Code   RO         7891    x$fpl$fpinit        fz_wv.l(fpinit.o)
    0x9000767a   0x9000767a   0x00000002   PAD
    0x9000767c   0x9000767c   0x00000014   Data   RO          759    .constdata          sd_diskio.o
    0x90007690   0x90007690   0x00000010   Data   RO         6317    .constdata          system_stm32h7xx.o
    0x900076a0   0x900076a0   0x00000020   Data   RO         8080    Region$$Table       anon$$obj.o


==============================================================================

Image component sizes


      Code (inc. data)   RO Data    RW Data    ZI Data      Debug   Object Name

       174         26          0          0          0       4085   bsp_driver_sd.o
        84         16          0          8          0       2050   bsp_user.o
        28         10          0          6          0       1743   fatfs.o
        20          4          0          0          0        549   fatfs_platform.o
        70          6          0          0         12       1635   ff_gen_drv.o
       260         16          0          0          0       1151   gpio.o
       196         26          0          0         76       1753   i2c.o
       460         28          0          0          0    1358213   main.o
        80         20          0          0         20       1587   rng.o
       232         14         20          1          0       4604   sd_diskio.o
       176         28          0          0        128       1752   sdmmc.o
       192         22          0          0        136       1769   spi.o
      1262         80          0          0     307214      10224   spi_lcd.o
        64         26        664          0      17920        828   startup_stm32h750xx.o
       232         44          0         12          0      23308   stm32h7xx_hal.o
       198         12          0          0          0      38891   stm32h7xx_hal_cortex.o
       594         50          0          0          0       3920   stm32h7xx_hal_gpio.o
       184          4          0          0          0       2951   stm32h7xx_hal_i2c.o
       212         10          0          0          0       2698   stm32h7xx_hal_i2c_ex.o
        28          6          0          0          0        906   stm32h7xx_hal_msp.o
      2388         16          0          0          0      12853   stm32h7xx_hal_pcd.o
       120          6          0          0          0       3227   stm32h7xx_hal_pcd_ex.o
       100         10          0          0          0       1326   stm32h7xx_hal_pwr_ex.o
      2272         88          0          0          0       5886   stm32h7xx_hal_rcc.o
      4294        170          0          0          0      10283   stm32h7xx_hal_rcc_ex.o
       122          0          0          0          0       1347   stm32h7xx_hal_rng.o
      3268         56          0          0          0      15995   stm32h7xx_hal_sd.o
      1140         12          0          0          0       4702   stm32h7xx_hal_spi.o
      1108         58          0          0          0      10057   stm32h7xx_hal_tim.o
       158         24          0          0          0       3136   stm32h7xx_hal_tim_ex.o
        44         12          0          0          0       4936   stm32h7xx_it.o
      1826         72          0          0          0      24251   stm32h7xx_ll_sdmmc.o
      2586        130          0          0          0      22467   stm32h7xx_ll_usb.o
       160         22         16          8          0       1474   system_stm32h7xx.o
       156         10          0          0         76       1770   tim.o
        84         18          0          0        720        772   usb_device.o
       718         16          0        271          0      12579   usbd_cdc.o
       124         24          0         28       4096       4230   usbd_cdc_if.o
       626         26          0          0       1032      15432   usbd_conf.o
       686          0          0          0          0      12249   usbd_core.o
      1260         28          0          1          0      14048   usbd_ctlreq.o
       292        106          0         78        512       6177   usbd_desc.o
       132          0          0          0          0       4548   usbd_ioreq.o

    ----------------------------------------------------------------------
     28452       1352        732        420     331944    1658362   Object Totals
         0          0         32          0          0          0   (incl. Generated)
        42          0          0          7          2          0   (incl. Padding)

    ----------------------------------------------------------------------

      Code (inc. data)   RO Data    RW Data    ZI Data      Debug   Library Member Name

        90          0          0          0          0          0   __dczerorl2.o
         8          0          0          0          0         68   __main.o
         0          0          0          0          0          0   __rtentry.o
        12          0          0          0          0          0   __rtentry2.o
         6          0          0          0          0          0   __rtentry4.o
        52          8          0          0          0          0   __scatter.o
        28          0          0          0          0          0   __scatter_zi.o
        10          0          0          0          0         68   defsig_exit.o
        50          0          0          0          0         88   defsig_general.o
        80         58          0          0          0         76   defsig_rtmem_inner.o
        14          0          0          0          0         80   defsig_rtmem_outer.o
        18          0          0          0          0         80   exit.o
        94          0          0          0          0         80   h1_alloc.o
        52          0          0          0          0         68   h1_extend.o
        78          0          0          0          0         80   h1_free.o
        14          0          0          0          0         84   h1_init.o
         6          0          0          0          0        152   heapauxi.o
         4          0          0          0          0        136   hguard.o
         0          0          0          0          0          0   indicate_semi.o
       138          0          0          0          0        168   init_alloc.o
         2          0          0          0          0          0   libinit.o
        18          0          0          0          0          0   libinit2.o
         2          0          0          0          0          0   libshutdown.o
         2          0          0          0          0          0   libshutdown2.o
         8          4          0          0         96         68   libspace.o
         0          0          0          0          0          0   maybetermalloc1.o
       112         18          0          0        228        160   rand.o
         8          4          0          0          0         68   rt_heap_descriptor_intlibspace.o
        78          0          0          0          0         80   rt_memclr_w.o
       100          0          0          0          0         80   rt_memcpy_w.o
         2          0          0          0          0          0   rtexit.o
        10          0          0          0          0          0   rtexit2.o
        12          4          0          0          0         68   sys_exit.o
        74          0          0          0          0         80   sys_stackheap_outer.o
        14          0          0          0          0         76   sys_wrch.o
         2          0          0          0          0         68   use_no_semi.o
        10          0          0          0          0        116   fpinit.o

    ----------------------------------------------------------------------
      1216         96          0          0        324       2092   Library Totals
         8          0          0          0          0          0   (incl. Padding)

    ----------------------------------------------------------------------

      Code (inc. data)   RO Data    RW Data    ZI Data      Debug   Library Name

      1198         96          0          0        324       1976   c_w.l
        10          0          0          0          0        116   fz_wv.l

    ----------------------------------------------------------------------
      1216         96          0          0        324       2092   Library Totals

    ----------------------------------------------------------------------

==============================================================================


      Code (inc. data)   RO Data    RW Data    ZI Data      Debug   

     29668       1448        732        420     332268    1631714   Grand Totals
     29668       1448        732        200     332268    1631714   ELF Image Totals (compressed)
     29668       1448        732        200          0          0   ROM Totals

==============================================================================

    Total RO  Size (Code + RO Data)                30400 (  29.69kB)
    Total RW  Size (RW Data + ZI Data)            332688 ( 324.89kB)
    Total ROM Size (Code + RO Data + RW Data)      30600 (  29.88kB)

==============================================================================

